Archive member included to satisfy reference by file (symbol)

/home/pwnz/devel/optee/optee_os/out/arm/export-ta_arm64/lib/libutee.a(tee_api.o)
                              ./hello_world_ta.o (TEE_MemMove)
/home/pwnz/devel/optee/optee_os/out/arm/export-ta_arm64/lib/libutee.a(tee_api_objects.o)
                              ./hello_world_ta.o (TEE_GetObjectInfo)
/home/pwnz/devel/optee/optee_os/out/arm/export-ta_arm64/lib/libutee.a(tee_api_operations.o)
                              ./hello_world_ta.o (TEE_FreeOperation)
/home/pwnz/devel/optee/optee_os/out/arm/export-ta_arm64/lib/libutee.a(tee_api_panic.o)
                              /home/pwnz/devel/optee/optee_os/out/arm/export-ta_arm64/lib/libutee.a(tee_api.o) (TEE_Panic)
/home/pwnz/devel/optee/optee_os/out/arm/export-ta_arm64/lib/libutee.a(user_ta_entry.o)
                              ./user_ta_header.o (__utee_entry)
/home/pwnz/devel/optee/optee_os/out/arm/export-ta_arm64/lib/libutee.a(utee_syscalls_a64.o)
                              /home/pwnz/devel/optee/optee_os/out/arm/export-ta_arm64/lib/libutee.a(tee_api_panic.o) (utee_panic)
/home/pwnz/devel/optee/optee_os/out/arm/export-ta_arm64/lib/libutee.a(gprof_a64.o)
                              /home/pwnz/devel/optee/optee_os/out/arm/export-ta_arm64/lib/libutee.a(user_ta_entry.o) (__utee_mcount)
/home/pwnz/devel/optee/optee_os/out/arm/export-ta_arm64/lib/libutee.a(tee_user_mem.o)
                              /home/pwnz/devel/optee/optee_os/out/arm/export-ta_arm64/lib/libutee.a(tee_api.o) (tee_user_mem_alloc)
/home/pwnz/devel/optee/optee_os/out/arm/export-ta_arm64/lib/libutee.a(assert.o)
                              /home/pwnz/devel/optee/optee_os/out/arm/export-ta_arm64/lib/libutee.a(tee_user_mem.o) (_assert_log)
/home/pwnz/devel/optee/optee_os/out/arm/export-ta_arm64/lib/libutee.a(tee_api_arith.o)
                              /home/pwnz/devel/optee/optee_os/out/arm/export-ta_arm64/lib/libutee.a(user_ta_entry.o) (_TEE_MathAPI_Init)
/home/pwnz/devel/optee/optee_os/out/arm/export-ta_arm64/lib/libutee.a(utee_misc.o)
                              /home/pwnz/devel/optee/optee_os/out/arm/export-ta_arm64/lib/libutee.a(tee_user_mem.o) (utee_malloc)
/home/pwnz/devel/optee/optee_os/out/arm/export-ta_arm64/lib/libutee.a(trace_ext.o)
                              /home/pwnz/devel/optee/optee_os/out/arm/export-ta_arm64/lib/libutee.a(tee_api_arith.o) (printf)
/home/pwnz/devel/optee/optee_os/out/arm/export-ta_arm64/lib/libutils.a(bget_malloc.o)
                              /home/pwnz/devel/optee/optee_os/out/arm/export-ta_arm64/lib/libutee.a(utee_misc.o) (malloc)
/home/pwnz/devel/optee/optee_os/out/arm/export-ta_arm64/lib/libutils.a(snprintf.o)
                              /home/pwnz/devel/optee/optee_os/out/arm/export-ta_arm64/lib/libutee.a(trace_ext.o) (vsnprintf)
/home/pwnz/devel/optee/optee_os/out/arm/export-ta_arm64/lib/libutils.a(memcmp.o)
                              /home/pwnz/devel/optee/optee_os/out/arm/export-ta_arm64/lib/libutee.a(tee_api.o) (memcmp)
/home/pwnz/devel/optee/optee_os/out/arm/export-ta_arm64/lib/libutils.a(memcpy.o)
                              ./hello_world_ta.o (memcpy)
/home/pwnz/devel/optee/optee_os/out/arm/export-ta_arm64/lib/libutils.a(memmove.o)
                              /home/pwnz/devel/optee/optee_os/out/arm/export-ta_arm64/lib/libutee.a(tee_api.o) (memmove)
/home/pwnz/devel/optee/optee_os/out/arm/export-ta_arm64/lib/libutils.a(memset.o)
                              /home/pwnz/devel/optee/optee_os/out/arm/export-ta_arm64/lib/libutee.a(tee_api.o) (memset)
/home/pwnz/devel/optee/optee_os/out/arm/export-ta_arm64/lib/libutils.a(strlen.o)
                              /home/pwnz/devel/optee/optee_os/out/arm/export-ta_arm64/lib/libutee.a(trace_ext.o) (strlen)
/home/pwnz/devel/optee/optee_os/out/arm/export-ta_arm64/lib/libutils.a(snprintk.o)
                              /home/pwnz/devel/optee/optee_os/out/arm/export-ta_arm64/lib/libutils.a(snprintf.o) (__vsnprintf)
/home/pwnz/devel/optee/optee_os/out/arm/export-ta_arm64/lib/libutils.a(buf_compare_ct.o)
                              /home/pwnz/devel/optee/optee_os/out/arm/export-ta_arm64/lib/libutee.a(tee_api_operations.o) (buf_compare_ct)
/home/pwnz/devel/optee/optee_os/out/arm/export-ta_arm64/lib/libutils.a(trace.o)
                              /home/pwnz/devel/optee/optee_os/out/arm/export-ta_arm64/lib/libutee.a(user_ta_entry.o) (trace_set_level)
/home/pwnz/devel/optee/optee_os/out/arm/export-ta_arm64/lib/libutils.a(memchr.o)
                              /home/pwnz/devel/optee/optee_os/out/arm/export-ta_arm64/lib/libutils.a(snprintk.o) (memchr)
/home/pwnz/devel/optee/optee_os/out/arm/export-ta_arm64/lib/libmpa.a(mpa_misc.o)
                              /home/pwnz/devel/optee/optee_os/out/arm/export-ta_arm64/lib/libutee.a(tee_api_arith.o) (mpa_copy)
/home/pwnz/devel/optee/optee_os/out/arm/export-ta_arm64/lib/libmpa.a(mpa_montgomery.o)
[...]
Memory Configuration

Name             Origin             Length             Attributes
*default*        0x0000000000000000 0xffffffffffffffff

Linker script and memory map


.ta_head        0x0000000000000000       0x20
 *(SORT(.ta_head))
 .ta_head       0x0000000000000000       0x20 ./user_ta_header.o
                0x0000000000000000                ta_head

.text           0x0000000000000020     0xb580
                0x0000000000000020                __text_start = .
 *(SORT(.text) SORT(.text.*))
 .text          0x0000000000000020      0xdcc ./hello_world_ta.o
                0x0000000000000190                TA_CreateEntryPoint
                0x00000000000001c8                TA_DestroyEntryPoint
                0x00000000000001ec                TA_OpenSessionEntryPoint
                0x0000000000000238                TA_CloseSessionEntryPoint
                0x000000000000025c                TA_InvokeCommandEntryPoint
 .text          0x0000000000000dec        0x8 ./user_ta_header.o
                0x0000000000000dec                tahead_get_trace_level
 .text          0x0000000000000df4      0x490 /home/pwnz/devel/optee/optee_os/out/arm/export-ta_arm64/lib/libutee.a(tee_api.o)
                0x0000000000000df4                __utee_from_param
                0x0000000000000e6c                __utee_to_param
                0x0000000000000ed8                TEE_OpenTASession
                0x0000000000000f68                TEE_CloseTASession
                0x0000000000000f90                TEE_InvokeTACommand
                0x0000000000001044                TEE_GetCancellationFlag
                0x0000000000001070                TEE_UnmaskCancellation
                0x000000000000109c                TEE_MaskCancellation
                0x00000000000010c8                TEE_CheckMemoryAccessRights
                0x00000000000010dc                TEE_SetInstanceData
                0x00000000000010e8                TEE_GetInstanceData
                0x00000000000010f4                TEE_MemMove
                0x00000000000010fc                TEE_MemCompare
                0x0000000000001104                TEE_MemFill
                0x000000000000110c                TEE_GetSystemTime
                0x0000000000001134                TEE_Wait
                0x0000000000001170                TEE_GetTAPersistentTime
                0x00000000000011f0                TEE_SetTAPersistentTime
                0x0000000000001230                TEE_GetREETime
                0x0000000000001258                TEE_Malloc
                0x0000000000001260                TEE_Realloc
                0x0000000000001268                TEE_Free
                0x000000000000126c                TEE_CacheClean
                0x0000000000001274                TEE_CacheFlush
                0x000000000000127c                TEE_CacheInvalidate
 .text          0x0000000000001284      0xcb4 /home/pwnz/devel/optee/optee_os/out/arm/export-ta_arm64/lib/libutee.a(tee_api_objects.o)
                0x0000000000001284                __utee_from_attr
                0x00000000000012d0                TEE_GetObjectInfo
                0x0000000000001318                TEE_GetObjectInfo1
                0x0000000000001358                TEE_RestrictObjectUsage1
                0x000000000000139c                TEE_RestrictObjectUsage
                0x00000000000013ec                TEE_GetObjectBufferAttribute
                0x0000000000001498                TEE_GetObjectValueAttribute
                0x0000000000001568                TEE_CloseObject
                0x0000000000001590                TEE_AllocateTransientObject
                0x00000000000015f4                TEE_FreeTransientObject
                0x0000000000001648                TEE_ResetTransientObject
                0x000000000000169c                TEE_PopulateTransientObject
                0x000000000000175c                TEE_InitRefAttribute
                0x00000000000017b0                TEE_InitValueAttribute
                0x0000000000001800                TEE_CopyObjectAttributes1
                0x00000000000018ac                TEE_CopyObjectAttributes
                0x0000000000001900                TEE_GenerateKey
                0x0000000000001984                TEE_OpenPersistentObject
                0x0000000000001a1c                TEE_CreatePersistentObject
                0x0000000000001ae4                TEE_CloseAndDeletePersistentObject1
                0x0000000000001b28                TEE_CloseAndDeletePersistentObject
                0x0000000000001b54                TEE_RenamePersistentObject
                0x0000000000001bc0                TEE_AllocatePersistentObjectEnumerator
                0x0000000000001c1c                TEE_FreePersistentObjectEnumerator
                0x0000000000001c44                TEE_ResetPersistentObjectEnumerator
                0x0000000000001c6c                TEE_StartPersistentObjectEnumerator
                0x0000000000001cbc                TEE_GetNextPersistentObject
                0x0000000000001d40                TEE_ReadObjectData
                0x0000000000001da8                TEE_WriteObjectData
                0x0000000000001e0c                TEE_TruncateObjectData
                0x0000000000001e68                TEE_SeekObjectData
 .text          0x0000000000001f38     0x21f0 /home/pwnz/devel/optee/optee_os/out/arm/export-ta_arm64/lib/libutee.a(tee_api_operations.o)
                0x0000000000001f38                TEE_FreeOperation
                0x0000000000001f7c                TEE_AllocateOperation
                0x00000000000027a0                TEE_GetOperationInfo
                0x00000000000027e8                TEE_GetOperationInfoMultiple
                0x0000000000002930                TEE_ResetOperation
                0x00000000000029a8                TEE_SetOperationKey
                0x0000000000002a98                TEE_SetOperationKey2
                0x0000000000002c28                TEE_CopyOperation
                0x0000000000002d48                TEE_DigestUpdate
                0x0000000000002db8                TEE_DigestDoFinal
                0x0000000000002e7c                TEE_CipherInit
                0x0000000000002f20                TEE_CipherUpdate
                0x000000000000307c                TEE_CipherDoFinal
                0x0000000000003224                TEE_MACInit
                0x00000000000032c8                TEE_MACUpdate
                0x0000000000003368                TEE_MACComputeFinal
                0x0000000000003424                TEE_MACCompareFinal
                0x00000000000034e4                TEE_AEInit
                0x00000000000035a8                TEE_AEUpdateAAD
                0x000000000000363c                TEE_AEUpdate
                0x000000000000378c                TEE_AEEncryptFinal
                0x0000000000003934                TEE_AEDecryptFinal
                0x0000000000003acc                TEE_AsymmetricEncrypt
                0x0000000000003c10                TEE_AsymmetricDecrypt
                0x0000000000003d58                TEE_AsymmetricSignDigest
                0x0000000000003e94                TEE_AsymmetricVerifyDigest
                0x0000000000003fc0                TEE_DeriveKey
                0x0000000000004104                TEE_GenerateRandom
 .text.unlikely
                0x0000000000004128      0x21c /home/pwnz/devel/optee/optee_os/out/arm/export-ta_arm64/lib/libutee.a(tee_api_operations.o)
 .text          0x0000000000004344        0x8 /home/pwnz/devel/optee/optee_os/out/arm/export-ta_arm64/lib/libutee.a(tee_api_panic.o)
                0x0000000000004344                TEE_Panic
 .text          0x000000000000434c      0x2c0 /home/pwnz/devel/optee/optee_os/out/arm/export-ta_arm64/lib/libutee.a(user_ta_entry.o)
                0x00000000000043f0                __utee_entry
 .text          0x000000000000460c      0x360 /home/pwnz/devel/optee/optee_os/out/arm/export-ta_arm64/lib/libutee.a(utee_syscalls_a64.o)
                0x000000000000460c                utee_panic
                0x0000000000004618                utee_return
                0x0000000000004624                utee_log
                0x0000000000004630                __utee_panic
                0x000000000000463c                utee_get_property
                0x0000000000004648                utee_get_property_name_to_index
                0x0000000000004654                utee_open_ta_session
                0x0000000000004660                utee_close_ta_session
                0x000000000000466c                utee_invoke_ta_command
                0x0000000000004678                utee_get_cancellation_flag
                0x0000000000004684                utee_check_access_rights
                0x0000000000004690                utee_unmask_cancellation
                0x000000000000469c                utee_mask_cancellation
                0x00000000000046a8                utee_wait
                0x00000000000046b4                utee_get_time
                0x00000000000046c0                utee_set_ta_time
                0x00000000000046cc                utee_cryp_state_alloc
                0x00000000000046d8                utee_cryp_state_copy
                0x00000000000046e4                utee_cryp_state_free
                0x00000000000046f0                utee_hash_init
                0x00000000000046fc                utee_hash_update
                0x0000000000004708                utee_hash_final
                0x0000000000004714                utee_cipher_init
                0x0000000000004720                utee_cipher_update
                0x000000000000472c                utee_cipher_final
                0x0000000000004738                utee_cryp_obj_get_info
                0x0000000000004744                utee_cryp_obj_restrict_usage
                0x0000000000004750                utee_cryp_obj_get_attr
                0x000000000000475c                utee_cryp_obj_alloc
                0x0000000000004768                utee_cryp_obj_close
                0x0000000000004774                utee_cryp_obj_reset
                0x0000000000004780                utee_cryp_obj_populate
                0x000000000000478c                utee_cryp_obj_copy
                0x0000000000004798                utee_cryp_derive_key
                0x00000000000047a4                utee_cryp_random_number_generate
                0x00000000000047b0                utee_authenc_init
                0x00000000000047bc                utee_authenc_update_aad
                0x00000000000047c8                utee_authenc_update_payload
                0x00000000000047d4                utee_authenc_enc_final
                0x00000000000047e0                utee_authenc_dec_final
                0x00000000000047ec                utee_asymm_operate
                0x00000000000047f8                utee_asymm_verify
                0x0000000000004804                utee_storage_obj_open
                0x0000000000004810                utee_storage_obj_create
                0x000000000000481c                utee_storage_obj_del
                0x0000000000004828                utee_storage_obj_rename
                0x0000000000004834                utee_storage_alloc_enum
                0x0000000000004840                utee_storage_free_enum
                0x000000000000484c                utee_storage_reset_enum
                0x0000000000004858                utee_storage_start_enum
                0x0000000000004864                utee_storage_next_enum
                0x0000000000004870                utee_storage_obj_read
                0x000000000000487c                utee_storage_obj_write
                0x0000000000004888                utee_storage_obj_trunc
                0x0000000000004894                utee_storage_obj_seek
                0x00000000000048a0                utee_cryp_obj_generate_key
                0x00000000000048ac                utee_se_service_open
                0x00000000000048b8                utee_se_service_close
                0x00000000000048c4                utee_se_service_get_readers
                0x00000000000048d0                utee_se_reader_get_prop
                0x00000000000048dc                utee_se_reader_get_name
                0x00000000000048e8                utee_se_reader_open_session
                0x00000000000048f4                utee_se_reader_close_sessions
                0x0000000000004900                utee_se_session_is_closed
                0x000000000000490c                utee_se_session_get_atr
                0x0000000000004918                utee_se_session_open_channel
                0x0000000000004924                utee_se_session_close
                0x0000000000004930                utee_se_channel_select_next
                0x000000000000493c                utee_se_channel_get_select_resp
                0x0000000000004948                utee_se_channel_transmit
                0x0000000000004954                utee_se_channel_close
                0x0000000000004960                utee_cache_operation
 .text          0x000000000000496c        0x4 /home/pwnz/devel/optee/optee_os/out/arm/export-ta_arm64/lib/libutee.a(gprof_a64.o)
                0x000000000000496c                __utee_mcount
 .text          0x0000000000004970      0x5c8 /home/pwnz/devel/optee/optee_os/out/arm/export-ta_arm64/lib/libutee.a(tee_user_mem.o)
                0x0000000000004acc                tee_user_mem_alloc
                0x0000000000004c18                tee_user_mem_free
                0x0000000000004d5c                tee_user_mem_realloc
                0x0000000000004e18                tee_user_mem_mark_heap
                0x0000000000004e24                tee_user_mem_check_heap
                0x0000000000004ec0                tee_user_mem_garbage
 .text          0x0000000000004f38       0x58 /home/pwnz/devel/optee/optee_os/out/arm/export-ta_arm64/lib/libutee.a(assert.o)
                0x0000000000004f38                _assert_log
                0x0000000000004f7c                _assert_break
 .text          0x0000000000004f90      0x694 /home/pwnz/devel/optee/optee_os/out/arm/export-ta_arm64/lib/libutee.a(tee_api_arith.o)
                0x0000000000004f90                _TEE_MathAPI_Init
                0x0000000000004fbc                TEE_BigIntInit
                0x0000000000004fc0                TEE_BigIntInitFMM
                0x0000000000004fd4                TEE_BigIntInitFMMContext
                0x000000000000500c                TEE_BigIntFMMSizeInU32
                0x000000000000501c                TEE_BigIntFMMContextSizeInU32
                0x0000000000005030                TEE_BigIntConvertFromOctetString
                0x0000000000005058                TEE_BigIntConvertToOctetString
                0x0000000000005098                TEE_BigIntConvertFromS32
                0x000000000000509c                TEE_BigIntConvertToS32
                0x00000000000050bc                TEE_BigIntCmp
                0x00000000000050c0                TEE_BigIntCmpS32
                0x00000000000050c4                TEE_BigIntShiftRight
                0x00000000000050c8                TEE_BigIntGetBit
                0x00000000000050e4                TEE_BigIntGetBitCount
                0x00000000000050fc                TEE_BigIntAdd
                0x0000000000005108                TEE_BigIntSub
                0x0000000000005114                TEE_BigIntNeg
                0x0000000000005118                TEE_BigIntMul
                0x0000000000005124                TEE_BigIntSquare
                0x0000000000005134                TEE_BigIntDiv
                0x0000000000005198                TEE_BigIntMod
                0x000000000000522c                TEE_BigIntAddMod
                0x00000000000052d4                TEE_BigIntSubMod
                0x000000000000537c                TEE_BigIntMulMod
                0x0000000000005444                TEE_BigIntSquareMod
                0x0000000000005450                TEE_BigIntInvMod
                0x00000000000054bc                TEE_BigIntRelativePrime
                0x0000000000005534                TEE_BigIntComputeExtendedGcd
                0x0000000000005540                TEE_BigIntIsProbablePrime
                0x0000000000005564                TEE_BigIntConvertToFMM
                0x0000000000005580                TEE_BigIntConvertFromFMM
                0x0000000000005614                TEE_BigIntComputeFMM
 .text.unlikely
                0x0000000000005624       0x28 /home/pwnz/devel/optee/optee_os/out/arm/export-ta_arm64/lib/libutee.a(tee_api_arith.o)
 .text          0x000000000000564c       0x28 /home/pwnz/devel/optee/optee_os/out/arm/export-ta_arm64/lib/libutee.a(utee_misc.o)
                0x000000000000564c                utee_get_ta_exec_id
                0x0000000000005654                utee_malloc
                0x0000000000005658                utee_realloc
                0x000000000000565c                utee_calloc
                0x000000000000566c                utee_free
                0x0000000000005670                get_rng_array
 .text          0x0000000000005674      0x178 /home/pwnz/devel/optee/optee_os/out/arm/export-ta_arm64/lib/libutee.a(trace_ext.o)
                0x0000000000005674                trace_ext_puts
                0x000000000000569c                trace_ext_get_thread_id
                0x00000000000056a4                printf
                0x0000000000005770                puts
                0x00000000000057b0                putchar
 .text          0x00000000000057ec     0x1018 /home/pwnz/devel/optee/optee_os/out/arm/export-ta_arm64/lib/libutils.a(bget_malloc.o)
                0x0000000000005948                bget
                0x0000000000005b24                bgetz
                0x0000000000005bac                brel
                0x0000000000005e58                bgetr
                0x0000000000005ef4                bpool
                0x0000000000005fd0                bstats
                0x0000000000006078                malloc_reset_stats
                0x0000000000006090                malloc_get_stats
                0x00000000000060c8                malloc
                0x0000000000006100                free
                0x000000000000610c                calloc
                0x0000000000006158                realloc
                0x0000000000006190                memalign
                0x0000000000006520                malloc_add_pool
                0x0000000000006618                malloc_buffer_is_within_alloced
                0x0000000000006798                malloc_buffer_overlaps_heap
 .text          0x0000000000006804       0xcc /home/pwnz/devel/optee/optee_os/out/arm/export-ta_arm64/lib/libutils.a(snprintf.o)
                0x0000000000006804                snprintf
                0x000000000000687c                vsnprintf
 .text          0x00000000000068d0       0x34 /home/pwnz/devel/optee/optee_os/out/arm/export-ta_arm64/lib/libutils.a(memcmp.o)
                0x00000000000068d0                memcmp
 .text          0x0000000000006904       0x20 /home/pwnz/devel/optee/optee_os/out/arm/export-ta_arm64/lib/libutils.a(memcpy.o)
                0x0000000000006904                memcpy
 .text          0x0000000000006924       0x4c /home/pwnz/devel/optee/optee_os/out/arm/export-ta_arm64/lib/libutils.a(memmove.o)
                0x0000000000006924                memmove
 .text          0x0000000000006970       0x1c /home/pwnz/devel/optee/optee_os/out/arm/export-ta_arm64/lib/libutils.a(memset.o)
                0x0000000000006970                memset
 .text          0x000000000000698c       0x1c /home/pwnz/devel/optee/optee_os/out/arm/export-ta_arm64/lib/libutils.a(strlen.o)
                0x000000000000698c                strlen
 .text          0x00000000000069a8      0xc70 /home/pwnz/devel/optee/optee_os/out/arm/export-ta_arm64/lib/libutils.a(snprintk.o)
                0x00000000000069a8                __vsnprintf
                0x0000000000007550                vsnprintk
                0x00000000000075a4                snprintk
 .text          0x0000000000007618       0x40 /home/pwnz/devel/optee/optee_os/out/arm/export-ta_arm64/lib/libutils.a(buf_compare_ct.o)
                0x0000000000007618                buf_compare_ct
 .text          0x0000000000007658      0x264 /home/pwnz/devel/optee/optee_os/out/arm/export-ta_arm64/lib/libutils.a(trace.o)
                0x0000000000007658                trace_set_level
                0x000000000000767c                trace_get_level
                0x000000000000768c                trace_printf
                0x00000000000078b8                dhex_dump
 .text          0x00000000000078bc       0x2c /home/pwnz/devel/optee/optee_os/out/arm/export-ta_arm64/lib/libutils.a(memchr.o)
                0x00000000000078bc                memchr
 .text          0x00000000000078e8      0x194 /home/pwnz/devel/optee/optee_os/out/arm/export-ta_arm64/lib/libmpa.a(mpa_misc.o)
                0x00000000000078e8                __mpa_set_unused_digits_to_zero
                0x000000000000790c                mpa_wipe
                0x000000000000793c                mpa_copy
                0x0000000000007990                mpa_abs
                0x00000000000079c0                mpa_highest_bit_index
                0x0000000000007a04                mpa_get_bit
                0x0000000000007a48                mpa_can_hold
                0x0000000000007a64                mpa_parity
                0x0000000000007a70                mpa_constant_one
 .text          0x0000000000007a7c      0x3f0 /home/pwnz/devel/optee/optee_os/out/arm/export-ta_arm64/lib/libmpa.a(mpa_montgomery.o)
                0x0000000000007a7c                __mpa_montgomery_mul_add
                0x0000000000007af4                __mpa_montgomery_sub_ack
                0x0000000000007b84                __mpa_montgomery_mul
                0x0000000000007ca8                mpa_compute_fmm_context
                0x0000000000007de4                mpa_montgomery_mul
 .text          0x0000000000007e6c      0x3ac /home/pwnz/devel/optee/optee_os/out/arm/export-ta_arm64/lib/libmpa.a(mpa_primetest.o)
                0x0000000000007e6c                mpa_is_prob_prime
 .text          0x0000000000008218       0xcc /home/pwnz/devel/optee/optee_os/out/arm/export-ta_arm64/lib/libmpa.a(mpa_conv.o)
                0x0000000000008218                mpa_set_S32
                0x0000000000008244                mpa_get_S32
                0x00000000000082b8                mpa_set_word
                0x00000000000082cc                mpa_get_word
 .text          0x00000000000082e4      0x910 /home/pwnz/devel/optee/optee_os/out/arm/export-ta_arm64/lib/libmpa.a(mpa_div.o)
                0x00000000000082e4                __mpa_div_dword
                0x0000000000008334                __mpa_div_q_r_internal_word
                0x000000000000847c                __mpa_div_q_r
                0x0000000000008b04                mpa_div
 .text          0x0000000000008bf4      0x878 /home/pwnz/devel/optee/optee_os/out/arm/export-ta_arm64/lib/libmpa.a(mpa_gcd.o)
                0x0000000000009160                mpa_gcd
                0x0000000000009280                mpa_extended_gcd
 .text          0x000000000000946c      0x174 /home/pwnz/devel/optee/optee_os/out/arm/export-ta_arm64/lib/libmpa.a(mpa_mem_static.o)
                0x000000000000946c                mpa_init_scratch_mem_sync
                0x0000000000009484                mpa_init_scratch_mem
                0x000000000000949c                mpa_alloc_static_temp_var_size
                0x0000000000009584                mpa_alloc_static_temp_var
                0x0000000000009594                mpa_free_static_temp_var
 .text          0x00000000000095e0      0x36c /home/pwnz/devel/optee/optee_os/out/arm/export-ta_arm64/lib/libmpa.a(mpa_mul.o)
                0x00000000000095e0                __mpa_mul_add_word
                0x00000000000095f8                __mpa_mul_add_word_cum
                0x0000000000009618                __mpa_abs_mul_word
                0x00000000000096b0                __mpa_abs_mul
                0x00000000000097a4                mpa_mul
                0x0000000000009888                mpa_mul_word
 .text          0x000000000000994c      0x18c /home/pwnz/devel/optee/optee_os/out/arm/export-ta_arm64/lib/libmpa.a(mpa_random.o)
                0x000000000000994c                mpa_set_random_generator
                0x0000000000009958                mpa_get_random
                0x0000000000009a6c                mpa_get_random_digits
 .text          0x0000000000009ad8      0x3d0 /home/pwnz/devel/optee/optee_os/out/arm/export-ta_arm64/lib/libmpa.a(mpa_shift.o)
                0x0000000000009ad8                __mpa_shift_words_left
                0x0000000000009b70                __mpa_shift_words_right
                0x0000000000009bd4                mpa_shift_left
                0x0000000000009d64                mpa_shift_right
 .text          0x0000000000009ea8      0x8f4 /home/pwnz/devel/optee/optee_os/out/arm/export-ta_arm64/lib/libmpa.a(mpa_addsub.o)
                0x0000000000009ea8                __mpa_full_adder
                0x0000000000009ec4                __mpa_full_sub
                0x0000000000009ee8                __mpa_full_adder_ackum
                0x0000000000009f08                __mpa_abs_add
                0x0000000000009ffc                __mpa_abs_add_ackum
                0x000000000000a0c8                __mpa_abs_sub
                0x000000000000a1cc                mpa_add
                0x000000000000a360                mpa_sub
                0x000000000000a4fc                mpa_neg
                0x000000000000a528                mpa_add_word
                0x000000000000a664                mpa_sub_word
 .text          0x000000000000a79c      0x1d0 /home/pwnz/devel/optee/optee_os/out/arm/export-ta_arm64/lib/libmpa.a(mpa_cmp.o)
                0x000000000000a79c                __mpa_abs_cmp
                0x000000000000a84c                __mpa_abs_greater_than
                0x000000000000a868                __mpa_abs_less_than
                0x000000000000a880                mpa_cmp
                0x000000000000a8e8                mpa_cmp_short
 .text          0x000000000000a96c      0x1bc /home/pwnz/devel/optee/optee_os/out/arm/export-ta_arm64/lib/libmpa.a(mpa_expmod.o)
                0x000000000000a96c                mpa_exp_mod
 .text          0x000000000000ab28       0x84 /home/pwnz/devel/optee/optee_os/out/arm/export-ta_arm64/lib/libmpa.a(mpa_init.o)
                0x000000000000ab28                mpa_init_static
                0x000000000000ab44                mpa_init_static_fmm_context
 .text          0x000000000000abac      0x73c /home/pwnz/devel/optee/optee_os/out/arm/export-ta_arm64/lib/libmpa.a(mpa_io.o)
                0x000000000000ad40                mpa_get_str_size
                0x000000000000ad48                mpa_set_str
                0x000000000000afe0                mpa_get_str
                0x000000000000b064                mpa_set_oct_str
                0x000000000000b174                mpa_get_oct_str
 .text          0x000000000000b2e8      0x2b8 /home/pwnz/devel/optee/optee_os/out/arm/export-ta_arm64/lib/libmpa.a(mpa_modulus.o)
                0x000000000000b2e8                mpa_mod
                0x000000000000b300                mpa_add_mod
                0x000000000000b384                mpa_sub_mod
                0x000000000000b408                mpa_mul_mod
                0x000000000000b48c                mpa_inv_mod
 *(SORT(.stub))
 *(SORT(.glue_7))
 *(SORT(.glue_7t))
 *(SORT(.gnu.linkonce.t.*))
 *(SORT(.vfp11_veneer))
                [!provide]                        PROVIDE (_mcount, __utee_mcount)
                0x000000000000b5a0                __text_end = .

.eh_frame
 *(SORT(.eh_frame))

.rodata         0x000000000000b5a0     0x1df3
 *(SORT(.gnu.linkonce.r.*))
 *(SORT(.rodata) SORT(.rodata.*))
 .rodata.hello_world_ta.c
                0x000000000000b5a0       0xf4 ./hello_world_ta.o
 *fill*         0x000000000000b694        0x4 
 .rodata.user_ta_header.c
                0x000000000000b698       0x28 ./user_ta_header.o
                0x000000000000b698                ta_num_props
                0x000000000000b6b0                ta_heap_size
                0x000000000000b6b8                trace_ext_prefix
 .rodata.lib/libutee/tee_user_mem.c
                0x000000000000b6c0       0x8c /home/pwnz/devel/optee/optee_os/out/arm/export-ta_arm64/lib/libutee.a(tee_user_mem.o)
 *fill*         0x000000000000b74c        0x4 
 .rodata.lib/libutils/isoc/bget_malloc.c
                0x000000000000b750       0xab /home/pwnz/devel/optee/optee_os/out/arm/export-ta_arm64/lib/libutils.a(bget_malloc.o)
 *fill*         0x000000000000b7fb        0x5 
 .rodata.lib/libutils/ext/snprintk.c
                0x000000000000b800       0x29 /home/pwnz/devel/optee/optee_os/out/arm/export-ta_arm64/lib/libutils.a(snprintk.o)
 *fill*         0x000000000000b829        0x7 
 .rodata.lib/libutils/ext/trace.c
                0x000000000000b830       0x2d /home/pwnz/devel/optee/optee_os/out/arm/export-ta_arm64/lib/libutils.a(trace.o)
 *fill*         0x000000000000b85d        0x3 
 .rodata.lib/libmpa/mpa_misc.c
                0x000000000000b860       0x2c /home/pwnz/devel/optee/optee_os/out/arm/export-ta_arm64/lib/libmpa.a(mpa_misc.o)
                0x000000000000b860                const_one
                0x000000000000b870                Const_1_LShift_Base
                0x000000000000b880                const_largest_deci_base
 *fill*         0x000000000000b88c        0x4 
 .rodata.lib/libmpa/mpa_primetest.c
                0x000000000000b890      0xd38 /home/pwnz/devel/optee/optee_os/out/arm/export-ta_arm64/lib/libmpa.a(mpa_primetest.o)
                0x000000000000b890                PRIME_TABLE
                0x000000000000c5c0                NR_STORED_PRIMES
                0x000000000000c5c4                MAX_TABULATED_PRIME
 .rodata.lib/libmpa/mpa_io.c
                0x000000000000c5c8       0x1c /home/pwnz/devel/optee/optee_os/out/arm/export-ta_arm64/lib/libmpa.a(mpa_io.o)
 .rodata.lib/libutee/tee_api.c
                0x000000000000c5e4        0xf /home/pwnz/devel/optee/optee_os/out/arm/export-ta_arm64/lib/libutee.a(tee_api.o)
 .rodata.str1.1.hello_world_ta.c
                0x000000000000c5f3      0x6e5 ./hello_world_ta.o
                                        0x6e7 (size before relaxing)
 .rodata.str1.1.user_ta_header.c
                0x000000000000ccd8       0xdd ./user_ta_header.o
 .rodata.str1.1.lib/libutee/tee_user_mem.c
                0x000000000000cdb5       0xe2 /home/pwnz/devel/optee/optee_os/out/arm/export-ta_arm64/lib/libutee.a(tee_user_mem.o)
                                         0xe5 (size before relaxing)
 .rodata.str1.1.lib/libutee/assert.c
                0x000000000000ce97       0x27 /home/pwnz/devel/optee/optee_os/out/arm/export-ta_arm64/lib/libutee.a(assert.o)
 .rodata.str1.1.lib/libutee/tee_api_arith.c
                0x000000000000cebe       0x5b /home/pwnz/devel/optee/optee_os/out/arm/export-ta_arm64/lib/libutee.a(tee_api_arith.o)
 .rodata.str1.1.lib/libutee/trace_ext.c
                0x000000000000cf19        0x2 /home/pwnz/devel/optee/optee_os/out/arm/export-ta_arm64/lib/libutee.a(trace_ext.o)
 .rodata.str1.1.lib/libutils/isoc/bget_malloc.c
                0x000000000000cf19      0x3c3 /home/pwnz/devel/optee/optee_os/out/arm/export-ta_arm64/lib/libutils.a(bget_malloc.o)
                                        0x3cc (size before relaxing)
 .rodata.str1.1.lib/libutils/ext/snprintk.c
                0x000000000000d2dc       0x38 /home/pwnz/devel/optee/optee_os/out/arm/export-ta_arm64/lib/libutils.a(snprintk.o)
 .rodata.str1.1.lib/libutils/ext/trace.c
                0x000000000000d314       0x20 /home/pwnz/devel/optee/optee_os/out/arm/export-ta_arm64/lib/libutils.a(trace.o)
                                         0x22 (size before relaxing)
 .rodata.str1.1.lib/libmpa/mpa_io.c
                0x000000000000d334       0x5f /home/pwnz/devel/optee/optee_os/out/arm/export-ta_arm64/lib/libmpa.a(mpa_io.o)

.gnu.version_d  0x000000000000d398        0x0
 .gnu.version_d
                0x000000000000d398        0x0 ./hello_world_ta.o

.gnu.version    0x000000000000d394        0x0
 .gnu.version   0x000000000000d394        0x0 ./hello_world_ta.o

.gnu.version_r  0x000000000000d398        0x0
 .gnu.version_r
                0x000000000000d398        0x0 ./hello_world_ta.o

.ARM.exidx
 *(SORT(.ARM.exidx*) SORT(.gnu.linkonce.armexidx.*))

.ctors
 *(SORT(.ctors))

.dtors
 *(SORT(.dtors))

.plt            0x000000000000d394        0x0
 *(SORT(.plt))
 .plt           0x000000000000d394        0x0 ./hello_world_ta.o

.rela.dyn       0x000000000000d398      0x240
 .rela.ifunc    0x000000000000d398        0x0 ./hello_world_ta.o
 .rela.data.rel.ro.local
                0x000000000000d398      0x1b0 ./hello_world_ta.o
 .rela.ta_head  0x000000000000d548       0x18 ./hello_world_ta.o
 .rela.data.rel
                0x000000000000d560       0x18 ./hello_world_ta.o
 .rela.data.rel.local
                0x000000000000d578       0x60 ./hello_world_ta.o

.got            0x000000000000d5d8       0x98
 *(SORT(.got.plt))
 .got.plt       0x000000000000d5d8       0x18 ./hello_world_ta.o
 *(SORT(.got))
 .got           0x000000000000d5f0       0x80 ./hello_world_ta.o
                0x000000000000d5f0                _GLOBAL_OFFSET_TABLE_

.rel.text
 *(SORT(.rel.text))
 *(SORT(.rel.gnu.linkonce.t*))

.rela.text
 *(SORT(.rela.text))
 *(SORT(.rela.gnu.linkonce.t*))

.rel.data
 *(SORT(.rel.data))
 *(SORT(.rel.gnu.linkonce.d*))

.rela.data
 *(SORT(.rela.data))
 *(SORT(.rela.gnu.linkonce.d*))

.rel.rodata
 *(SORT(.rel.rodata))
 *(SORT(.rel.gnu.linkonce.r*))

.rela.rodata
 *(SORT(.rela.rodata))
 *(SORT(.rela.gnu.linkonce.r*))

.rel.dyn
 *(SORT(.rel.dyn))

.rel.got
 *(SORT(.rel.got))

.rela.got       0x000000000000d670      0x168
 *(SORT(.rela.got))
 .rela.got      0x000000000000d670      0x168 ./hello_world_ta.o

.rel.ctors
 *(SORT(.rel.ctors))

.rela.ctors
 *(SORT(.rela.ctors))

.rel.dtors
 *(SORT(.rel.dtors))

.rela.dtors
 *(SORT(.rela.dtors))

.rel.init
 *(SORT(.rel.init))

.rela.init
 *(SORT(.rela.init))

.rel.fini
 *(SORT(.rel.fini))

.rela.fini
 *(SORT(.rela.fini))

.rel.bss
 *(SORT(.rel.bss))

.rela.bss
 *(SORT(.rela.bss))

.rel.plt
 *(SORT(.rel.plt))

.rela.plt       0x000000000000d7d8        0x0
 *(SORT(.rela.plt))
 .rela.plt      0x000000000000d7d8        0x0 ./hello_world_ta.o

.dynamic        0x000000000000d7d8      0x100
 *(SORT(.dynamic))
 .dynamic       0x000000000000d7d8      0x100 ./hello_world_ta.o
                0x000000000000d7d8                _DYNAMIC

.dynsym         0x000000000000d8d8      0x1b0
 *(SORT(.dynsym))
 .dynsym        0x000000000000d8d8      0x1b0 ./hello_world_ta.o

.dynstr         0x000000000000da88       0xbd
 *(SORT(.dynstr))
 .dynstr        0x000000000000da88       0xbd ./hello_world_ta.o

.hash           0x000000000000db48       0x5c
 *(SORT(.hash))
 .hash          0x000000000000db48       0x5c ./hello_world_ta.o
                0x000000000000e000                . = ALIGN (0x1000)

.data           0x000000000000e000      0x128
 *(SORT(.data) SORT(.data.*) SORT(.gnu.linkonce.d.*))
 .data.rel.ro.local
                0x000000000000e000       0xd8 ./user_ta_header.o
                0x000000000000e000                ta_props
 .data.rel      0x000000000000e0d8        0x8 /home/pwnz/devel/optee/optee_os/out/arm/export-ta_arm64/lib/libutee.a(user_ta_entry.o)
                0x000000000000e0d8                _ref__utee_mcount
 .data.rel.local
                0x000000000000e0e0       0x10 /home/pwnz/devel/optee/optee_os/out/arm/export-ta_arm64/lib/libutee.a(user_ta_entry.o)
 .data.rel.local
                0x000000000000e0f0       0x10 /home/pwnz/devel/optee/optee_os/out/arm/export-ta_arm64/lib/libutee.a(tee_user_mem.o)
                0x000000000000e0f0                user_mem_head
 .data.rel.local
                0x000000000000e100       0x20 /home/pwnz/devel/optee/optee_os/out/arm/export-ta_arm64/lib/libutils.a(bget_malloc.o)
 .data          0x000000000000e120        0x4 ./hello_world_ta.o
                0x000000000000e120                iv_len
 .data          0x000000000000e124        0x4 ./user_ta_header.o
                0x000000000000e124                trace_level
 .data          0x000000000000e128        0x0 /home/pwnz/devel/optee/optee_os/out/arm/export-ta_arm64/lib/libutee.a(tee_api.o)
 .data          0x000000000000e128        0x0 /home/pwnz/devel/optee/optee_os/out/arm/export-ta_arm64/lib/libutee.a(tee_api_objects.o)
 .data          0x000000000000e128        0x0 /home/pwnz/devel/optee/optee_os/out/arm/export-ta_arm64/lib/libutee.a(tee_api_operations.o)
 .data          0x000000000000e128        0x0 /home/pwnz/devel/optee/optee_os/out/arm/export-ta_arm64/lib/libutee.a(tee_api_panic.o)
 .data          0x000000000000e128        0x0 /home/pwnz/devel/optee/optee_os/out/arm/export-ta_arm64/lib/libutee.a(user_ta_entry.o)
 .data          0x000000000000e128        0x0 /home/pwnz/devel/optee/optee_os/out/arm/export-ta_arm64/lib/libutee.a(utee_syscalls_a64.o)
 .data          0x000000000000e128        0x0 /home/pwnz/devel/optee/optee_os/out/arm/export-ta_arm64/lib/libutee.a(gprof_a64.o)
 .data          0x000000000000e128        0x0 /home/pwnz/devel/optee/optee_os/out/arm/export-ta_arm64/lib/libutee.a(tee_user_mem.o)
 .data          0x000000000000e128        0x0 /home/pwnz/devel/optee/optee_os/out/arm/export-ta_arm64/lib/libutee.a(assert.o)
 .data          0x000000000000e128        0x0 /home/pwnz/devel/optee/optee_os/out/arm/export-ta_arm64/lib/libutee.a(tee_api_arith.o)
 .data          0x000000000000e128        0x0 /home/pwnz/devel/optee/optee_os/out/arm/export-ta_arm64/lib/libutee.a(utee_misc.o)
 .data          0x000000000000e128        0x0 /home/pwnz/devel/optee/optee_os/out/arm/export-ta_arm64/lib/libutee.a(trace_ext.o)
 .data          0x000000000000e128        0x0 /home/pwnz/devel/optee/optee_os/out/arm/export-ta_arm64/lib/libutils.a(bget_malloc.o)
 .data          0x000000000000e128        0x0 /home/pwnz/devel/optee/optee_os/out/arm/export-ta_arm64/lib/libutils.a(snprintf.o)
 .data          0x000000000000e128        0x0 /home/pwnz/devel/optee/optee_os/out/arm/export-ta_arm64/lib/libutils.a(memcmp.o)
 .data          0x000000000000e128        0x0 /home/pwnz/devel/optee/optee_os/out/arm/export-ta_arm64/lib/libutils.a(memcpy.o)
 .data          0x000000000000e128        0x0 /home/pwnz/devel/optee/optee_os/out/arm/export-ta_arm64/lib/libutils.a(memmove.o)
 .data          0x000000000000e128        0x0 /home/pwnz/devel/optee/optee_os/out/arm/export-ta_arm64/lib/libutils.a(memset.o)
 .data          0x000000000000e128        0x0 /home/pwnz/devel/optee/optee_os/out/arm/export-ta_arm64/lib/libutils.a(strlen.o)
 .data          0x000000000000e128        0x0 /home/pwnz/devel/optee/optee_os/out/arm/export-ta_arm64/lib/libutils.a(snprintk.o)
 .data          0x000000000000e128        0x0 /home/pwnz/devel/optee/optee_os/out/arm/export-ta_arm64/lib/libutils.a(buf_compare_ct.o)
 .data          0x000000000000e128        0x0 /home/pwnz/devel/optee/optee_os/out/arm/export-ta_arm64/lib/libutils.a(trace.o)
 .data          0x000000000000e128        0x0 /home/pwnz/devel/optee/optee_os/out/arm/export-ta_arm64/lib/libutils.a(memchr.o)
 .data          0x000000000000e128        0x0 /home/pwnz/devel/optee/optee_os/out/arm/export-ta_arm64/lib/libmpa.a(mpa_misc.o)
 .data          0x000000000000e128        0x0 /home/pwnz/devel/optee/optee_os/out/arm/export-ta_arm64/lib/libmpa.a(mpa_montgomery.o)
 .data          0x000000000000e128        0x0 /home/pwnz/devel/optee/optee_os/out/arm/export-ta_arm64/lib/libmpa.a(mpa_primetest.o)
 .data          0x000000000000e128        0x0 /home/pwnz/devel/optee/optee_os/out/arm/export-ta_arm64/lib/libmpa.a(mpa_conv.o)
 .data          0x000000000000e128        0x0 /home/pwnz/devel/optee/optee_os/out/arm/export-ta_arm64/lib/libmpa.a(mpa_div.o)
 .data          0x000000000000e128        0x0 /home/pwnz/devel/optee/optee_os/out/arm/export-ta_arm64/lib/libmpa.a(mpa_gcd.o)
 .data          0x000000000000e128        0x0 /home/pwnz/devel/optee/optee_os/out/arm/export-ta_arm64/lib/libmpa.a(mpa_mem_static.o)
 .data          0x000000000000e128        0x0 /home/pwnz/devel/optee/optee_os/out/arm/export-ta_arm64/lib/libmpa.a(mpa_mul.o)
 .data          0x000000000000e128        0x0 /home/pwnz/devel/optee/optee_os/out/arm/export-ta_arm64/lib/libmpa.a(mpa_random.o)
 .data          0x000000000000e128        0x0 /home/pwnz/devel/optee/optee_os/out/arm/export-ta_arm64/lib/libmpa.a(mpa_shift.o)
 .data          0x000000000000e128        0x0 /home/pwnz/devel/optee/optee_os/out/arm/export-ta_arm64/lib/libmpa.a(mpa_addsub.o)
 .data          0x000000000000e128        0x0 /home/pwnz/devel/optee/optee_os/out/arm/export-ta_arm64/lib/libmpa.a(mpa_cmp.o)
 .data          0x000000000000e128        0x0 /home/pwnz/devel/optee/optee_os/out/arm/export-ta_arm64/lib/libmpa.a(mpa_expmod.o)
 .data          0x000000000000e128        0x0 /home/pwnz/devel/optee/optee_os/out/arm/export-ta_arm64/lib/libmpa.a(mpa_init.o)
 .data          0x000000000000e128        0x0 /home/pwnz/devel/optee/optee_os/out/arm/export-ta_arm64/lib/libmpa.a(mpa_io.o)
 .data          0x000000000000e128        0x0 /home/pwnz/devel/optee/optee_os/out/arm/export-ta_arm64/lib/libmpa.a(mpa_modulus.o)

.bss            0x000000000000e128     0xb080
 *(SORT(.bss) SORT(.bss.*) SORT(.gnu.linkonce.b.*) SORT(COMMON))
 .bss           0x000000000000e128      0x438 ./hello_world_ta.o
                0x000000000000e128                buf
                0x000000000000e328                key_info
                0x000000000000e348                handle
                0x000000000000e350                iv
                0x000000000000e360                out
 COMMON         0x000000000000e560       0x24 ./hello_world_ta.o
                0x000000000000e560                keyBuf
                0x000000000000e568                p_storage_obj
                0x000000000000e570                key
                0x000000000000e578                object
                0x000000000000e580                res
 *fill*         0x000000000000e584        0x4 
 COMMON         0x000000000000e588     0x8000 ./user_ta_header.o
                0x000000000000e588                ta_heap
 .bss           0x0000000000016588        0x8 /home/pwnz/devel/optee/optee_os/out/arm/export-ta_arm64/lib/libutee.a(tee_api.o)
 COMMON         0x0000000000016590       0x48 /home/pwnz/devel/optee/optee_os/out/arm/export-ta_arm64/lib/libutee.a(user_ta_entry.o)
                0x0000000000016590                ta_param_types
                0x0000000000016598                ta_params
 .bss           0x00000000000165d8       0x18 /home/pwnz/devel/optee/optee_os/out/arm/export-ta_arm64/lib/libutee.a(tee_user_mem.o)
 .bss           0x00000000000165f0     0x1b40 /home/pwnz/devel/optee/optee_os/out/arm/export-ta_arm64/lib/libutee.a(tee_api_arith.o)
 .bss           0x0000000000018130       0x60 /home/pwnz/devel/optee/optee_os/out/arm/export-ta_arm64/lib/libutils.a(bget_malloc.o)
 .bss           0x0000000000018190        0x8 /home/pwnz/devel/optee/optee_os/out/arm/export-ta_arm64/lib/libmpa.a(mpa_random.o)
 .bss           0x0000000000018198     0x1002 /home/pwnz/devel/optee/optee_os/out/arm/export-ta_arm64/lib/libmpa.a(mpa_io.o)
 *fill*         0x000000000001919a        0x2 
 .bss           0x000000000001919c        0x5 /home/pwnz/devel/optee/optee_os/out/arm/export-ta_arm64/lib/libutee.a(user_ta_entry.o)
 .bss           0x00000000000191a1        0x0 ./user_ta_header.o
 .bss           0x00000000000191a1        0x0 /home/pwnz/devel/optee/optee_os/out/arm/export-ta_arm64/lib/libutee.a(tee_api_objects.o)
 .bss           0x00000000000191a1        0x0 /home/pwnz/devel/optee/optee_os/out/arm/export-ta_arm64/lib/libutee.a(tee_api_operations.o)
 .bss           0x00000000000191a1        0x0 /home/pwnz/devel/optee/optee_os/out/arm/export-ta_arm64/lib/libutee.a(tee_api_panic.o)
 .bss           0x00000000000191a1        0x0 /home/pwnz/devel/optee/optee_os/out/arm/export-ta_arm64/lib/libutee.a(utee_syscalls_a64.o)
 .bss           0x00000000000191a1        0x0 /home/pwnz/devel/optee/optee_os/out/arm/export-ta_arm64/lib/libutee.a(gprof_a64.o)
 .bss           0x00000000000191a1        0x0 /home/pwnz/devel/optee/optee_os/out/arm/export-ta_arm64/lib/libutee.a(assert.o)
 .bss           0x00000000000191a1        0x0 /home/pwnz/devel/optee/optee_os/out/arm/export-ta_arm64/lib/libutee.a(utee_misc.o)
 .bss           0x00000000000191a1        0x0 /home/pwnz/devel/optee/optee_os/out/arm/export-ta_arm64/lib/libutee.a(trace_ext.o)
 .bss           0x00000000000191a1        0x0 /home/pwnz/devel/optee/optee_os/out/arm/export-ta_arm64/lib/libutils.a(snprintf.o)
 .bss           0x00000000000191a1        0x0 /home/pwnz/devel/optee/optee_os/out/arm/export-ta_arm64/lib/libutils.a(memcmp.o)
 .bss           0x00000000000191a1        0x0 /home/pwnz/devel/optee/optee_os/out/arm/export-ta_arm64/lib/libutils.a(memcpy.o)
 .bss           0x00000000000191a1        0x0 /home/pwnz/devel/optee/optee_os/out/arm/export-ta_arm64/lib/libutils.a(memmove.o)
 .bss           0x00000000000191a1        0x0 /home/pwnz/devel/optee/optee_os/out/arm/export-ta_arm64/lib/libutils.a(memset.o)
 .bss           0x00000000000191a1        0x0 /home/pwnz/devel/optee/optee_os/out/arm/export-ta_arm64/lib/libutils.a(strlen.o)
 .bss           0x00000000000191a1        0x0 /home/pwnz/devel/optee/optee_os/out/arm/export-ta_arm64/lib/libutils.a(snprintk.o)
 .bss           0x00000000000191a1        0x0 /home/pwnz/devel/optee/optee_os/out/arm/export-ta_arm64/lib/libutils.a(buf_compare_ct.o)
 .bss           0x00000000000191a1        0x0 /home/pwnz/devel/optee/optee_os/out/arm/export-ta_arm64/lib/libutils.a(trace.o)
 .bss           0x00000000000191a1        0x0 /home/pwnz/devel/optee/optee_os/out/arm/export-ta_arm64/lib/libutils.a(memchr.o)
 .bss           0x00000000000191a1        0x0 /home/pwnz/devel/optee/optee_os/out/arm/export-ta_arm64/lib/libmpa.a(mpa_misc.o)
 .bss           0x00000000000191a1        0x0 /home/pwnz/devel/optee/optee_os/out/arm/export-ta_arm64/lib/libmpa.a(mpa_montgomery.o)
 .bss           0x00000000000191a1        0x0 /home/pwnz/devel/optee/optee_os/out/arm/export-ta_arm64/lib/libmpa.a(mpa_primetest.o)
 .bss           0x00000000000191a1        0x0 /home/pwnz/devel/optee/optee_os/out/arm/export-ta_arm64/lib/libmpa.a(mpa_conv.o)
 .bss           0x00000000000191a1        0x0 /home/pwnz/devel/optee/optee_os/out/arm/export-ta_arm64/lib/libmpa.a(mpa_div.o)
 .bss           0x00000000000191a1        0x0 /home/pwnz/devel/optee/optee_os/out/arm/export-ta_arm64/lib/libmpa.a(mpa_gcd.o)
 .bss           0x00000000000191a1        0x0 /home/pwnz/devel/optee/optee_os/out/arm/export-ta_arm64/lib/libmpa.a(mpa_mem_static.o)
 .bss           0x00000000000191a1        0x0 /home/pwnz/devel/optee/optee_os/out/arm/export-ta_arm64/lib/libmpa.a(mpa_mul.o)
 .bss           0x00000000000191a1        0x0 /home/pwnz/devel/optee/optee_os/out/arm/export-ta_arm64/lib/libmpa.a(mpa_shift.o)
 .bss           0x00000000000191a1        0x0 /home/pwnz/devel/optee/optee_os/out/arm/export-ta_arm64/lib/libmpa.a(mpa_addsub.o)
 .bss           0x00000000000191a1        0x0 /home/pwnz/devel/optee/optee_os/out/arm/export-ta_arm64/lib/libmpa.a(mpa_cmp.o)
 .bss           0x00000000000191a1        0x0 /home/pwnz/devel/optee/optee_os/out/arm/export-ta_arm64/lib/libmpa.a(mpa_expmod.o)
 .bss           0x00000000000191a1        0x0 /home/pwnz/devel/optee/optee_os/out/arm/export-ta_arm64/lib/libmpa.a(mpa_init.o)
 .bss           0x00000000000191a1        0x0 /home/pwnz/devel/optee/optee_os/out/arm/export-ta_arm64/lib/libmpa.a(mpa_modulus.o)
                0x00000000000191a8                . = ALIGN (0x8)
 *fill*         0x00000000000191a1        0x7 
                0x00000000000191a8                __gprof_buf_start = .
                0x00000000000191a8                . = (. + DEFINED (_mcount)?(((__text_end - __text_start) * 0xb1) / 0x64):0x0)
                0x00000000000191a8                __gprof_buf_end = .

.dynbss         0x00000000000191a8        0x0
 .dynbss        0x00000000000191a8        0x0 ./hello_world_ta.o

/DISCARD/
 *(SORT(.interp))
LOAD ./hello_world_ta.o
LOAD ./user_ta_header.o
START GROUP
LOAD /home/pwnz/devel/optee/optee_os/out/arm/export-ta_arm64/lib/libmpa.a
LOAD /home/pwnz/devel/optee/optee_os/out/arm/export-ta_arm64/lib/libutee.a
LOAD /home/pwnz/devel/optee/optee_os/out/arm/export-ta_arm64/lib/libutils.a
END GROUP
OUTPUT(3ca6cd99-23c2-4762-be12-f462fd55e581.elf elf64-littleaarch64)

.debug_info     0x0000000000000000    0x15997
 .debug_info    0x0000000000000000     0x1df1 ./hello_world_ta.o
 .debug_info    0x0000000000001df1      0x3a1 ./user_ta_header.o
 .debug_info    0x0000000000002192      0xfd9 /home/pwnz/devel/optee/optee_os/out/arm/export-ta_arm64/lib/libutee.a(tee_api.o)
 .debug_info    0x000000000000316b     0x1a4c /home/pwnz/devel/optee/optee_os/out/arm/export-ta_arm64/lib/libutee.a(tee_api_objects.o)
 .debug_info    0x0000000000004bb7     0x2acc /home/pwnz/devel/optee/optee_os/out/arm/export-ta_arm64/lib/libutee.a(tee_api_operations.o)
 .debug_info    0x0000000000007683      0x113 /home/pwnz/devel/optee/optee_os/out/arm/export-ta_arm64/lib/libutee.a(tee_api_panic.o)
 .debug_info    0x0000000000007796      0xa9d /home/pwnz/devel/optee/optee_os/out/arm/export-ta_arm64/lib/libutee.a(user_ta_entry.o)
 .debug_info    0x0000000000008233       0x79 /home/pwnz/devel/optee/optee_os/out/arm/export-ta_arm64/lib/libutee.a(utee_syscalls_a64.o)
 .debug_info    0x00000000000082ac       0x77 /home/pwnz/devel/optee/optee_os/out/arm/export-ta_arm64/lib/libutee.a(gprof_a64.o)
 .debug_info    0x0000000000008323      0xd7f /home/pwnz/devel/optee/optee_os/out/arm/export-ta_arm64/lib/libutee.a(tee_user_mem.o)
 .debug_info    0x00000000000090a2      0x1a6 /home/pwnz/devel/optee/optee_os/out/arm/export-ta_arm64/lib/libutee.a(assert.o)
 .debug_info    0x0000000000009248     0x1def /home/pwnz/devel/optee/optee_os/out/arm/export-ta_arm64/lib/libutee.a(tee_api_arith.o)
 .debug_info    0x000000000000b037      0x2c7 /home/pwnz/devel/optee/optee_os/out/arm/export-ta_arm64/lib/libutee.a(utee_misc.o)
 .debug_info    0x000000000000b2fe      0x341 /home/pwnz/devel/optee/optee_os/out/arm/export-ta_arm64/lib/libutee.a(trace_ext.o)
 .debug_info    0x000000000000b63f     0x1bfa /home/pwnz/devel/optee/optee_os/out/arm/export-ta_arm64/lib/libutils.a(bget_malloc.o)
 .debug_info    0x000000000000d239      0x213 /home/pwnz/devel/optee/optee_os/out/arm/export-ta_arm64/lib/libutils.a(snprintf.o)
 .debug_info    0x000000000000d44c       0xd2 /home/pwnz/devel/optee/optee_os/out/arm/export-ta_arm64/lib/libutils.a(memcmp.o)
 .debug_info    0x000000000000d51e       0xde /home/pwnz/devel/optee/optee_os/out/arm/export-ta_arm64/lib/libutils.a(memcpy.o)
 .debug_info    0x000000000000d5fc       0xdc /home/pwnz/devel/optee/optee_os/out/arm/export-ta_arm64/lib/libutils.a(memmove.o)
 .debug_info    0x000000000000d6d8       0xba /home/pwnz/devel/optee/optee_os/out/arm/export-ta_arm64/lib/libutils.a(memset.o)
 .debug_info    0x000000000000d792       0xa4 /home/pwnz/devel/optee/optee_os/out/arm/export-ta_arm64/lib/libutils.a(strlen.o)
 .debug_info    0x000000000000d836      0x751 /home/pwnz/devel/optee/optee_os/out/arm/export-ta_arm64/lib/libutils.a(snprintk.o)
 .debug_info    0x000000000000df87       0xe1 /home/pwnz/devel/optee/optee_os/out/arm/export-ta_arm64/lib/libutils.a(buf_compare_ct.o)
 .debug_info    0x000000000000e068      0x4c5 /home/pwnz/devel/optee/optee_os/out/arm/export-ta_arm64/lib/libutils.a(trace.o)
 .debug_info    0x000000000000e52d       0xdb /home/pwnz/devel/optee/optee_os/out/arm/export-ta_arm64/lib/libutils.a(memchr.o)
 .debug_info    0x000000000000e608      0x3fc /home/pwnz/devel/optee/optee_os/out/arm/export-ta_arm64/lib/libmpa.a(mpa_misc.o)
 .debug_info    0x000000000000ea04      0x8ab /home/pwnz/devel/optee/optee_os/out/arm/export-ta_arm64/lib/libmpa.a(mpa_montgomery.o)
 .debug_info    0x000000000000f2af      0xa89 /home/pwnz/devel/optee/optee_os/out/arm/export-ta_arm64/lib/libmpa.a(mpa_primetest.o)
 .debug_info    0x000000000000fd38      0x228 /home/pwnz/devel/optee/optee_os/out/arm/export-ta_arm64/lib/libmpa.a(mpa_conv.o)
 .debug_info    0x000000000000ff60      0xbdd /home/pwnz/devel/optee/optee_os/out/arm/export-ta_arm64/lib/libmpa.a(mpa_div.o)
 .debug_info    0x0000000000010b3d      0xf91 /home/pwnz/devel/optee/optee_os/out/arm/export-ta_arm64/lib/libmpa.a(mpa_gcd.o)
 .debug_info    0x0000000000011ace      0x52d /home/pwnz/devel/optee/optee_os/out/arm/export-ta_arm64/lib/libmpa.a(mpa_mem_static.o)
 .debug_info    0x0000000000011ffb      0x70d /home/pwnz/devel/optee/optee_os/out/arm/export-ta_arm64/lib/libmpa.a(mpa_mul.o)
 .debug_info    0x0000000000012708      0x3a8 /home/pwnz/devel/optee/optee_os/out/arm/export-ta_arm64/lib/libmpa.a(mpa_random.o)
 .debug_info    0x0000000000012ab0      0x3f3 /home/pwnz/devel/optee/optee_os/out/arm/export-ta_arm64/lib/libmpa.a(mpa_shift.o)
 .debug_info    0x0000000000012ea3      0xd18 /home/pwnz/devel/optee/optee_os/out/arm/export-ta_arm64/lib/libmpa.a(mpa_addsub.o)
 .debug_info    0x0000000000013bbb      0x32e /home/pwnz/devel/optee/optee_os/out/arm/export-ta_arm64/lib/libmpa.a(mpa_cmp.o)
 .debug_info    0x0000000000013ee9      0x58a /home/pwnz/devel/optee/optee_os/out/arm/export-ta_arm64/lib/libmpa.a(mpa_expmod.o)
 .debug_info    0x0000000000014473      0x243 /home/pwnz/devel/optee/optee_os/out/arm/export-ta_arm64/lib/libmpa.a(mpa_init.o)
 .debug_info    0x00000000000146b6      0xb1b /home/pwnz/devel/optee/optee_os/out/arm/export-ta_arm64/lib/libmpa.a(mpa_io.o)
 .debug_info    0x00000000000151d1      0x7c6 /home/pwnz/devel/optee/optee_os/out/arm/export-ta_arm64/lib/libmpa.a(mpa_modulus.o)

.debug_abbrev   0x0000000000000000     0x4753
 .debug_abbrev  0x0000000000000000      0x35d ./hello_world_ta.o
 .debug_abbrev  0x000000000000035d      0x13c ./user_ta_header.o
 .debug_abbrev  0x0000000000000499      0x29d /home/pwnz/devel/optee/optee_os/out/arm/export-ta_arm64/lib/libutee.a(tee_api.o)
 .debug_abbrev  0x0000000000000736      0x326 /home/pwnz/devel/optee/optee_os/out/arm/export-ta_arm64/lib/libutee.a(tee_api_objects.o)
 .debug_abbrev  0x0000000000000a5c      0x374 /home/pwnz/devel/optee/optee_os/out/arm/export-ta_arm64/lib/libutee.a(tee_api_operations.o)
 .debug_abbrev  0x0000000000000dd0       0xb4 /home/pwnz/devel/optee/optee_os/out/arm/export-ta_arm64/lib/libutee.a(tee_api_panic.o)
 .debug_abbrev  0x0000000000000e84      0x2c3 /home/pwnz/devel/optee/optee_os/out/arm/export-ta_arm64/lib/libutee.a(user_ta_entry.o)
 .debug_abbrev  0x0000000000001147       0x14 /home/pwnz/devel/optee/optee_os/out/arm/export-ta_arm64/lib/libutee.a(utee_syscalls_a64.o)
 .debug_abbrev  0x000000000000115b       0x14 /home/pwnz/devel/optee/optee_os/out/arm/export-ta_arm64/lib/libutee.a(gprof_a64.o)
 .debug_abbrev  0x000000000000116f      0x3c9 /home/pwnz/devel/optee/optee_os/out/arm/export-ta_arm64/lib/libutee.a(tee_user_mem.o)
 .debug_abbrev  0x0000000000001538       0xca /home/pwnz/devel/optee/optee_os/out/arm/export-ta_arm64/lib/libutee.a(assert.o)
 .debug_abbrev  0x0000000000001602      0x31c /home/pwnz/devel/optee/optee_os/out/arm/export-ta_arm64/lib/libutee.a(tee_api_arith.o)
 .debug_abbrev  0x000000000000191e      0x100 /home/pwnz/devel/optee/optee_os/out/arm/export-ta_arm64/lib/libutee.a(utee_misc.o)
 .debug_abbrev  0x0000000000001a1e      0x174 /home/pwnz/devel/optee/optee_os/out/arm/export-ta_arm64/lib/libutee.a(trace_ext.o)
 .debug_abbrev  0x0000000000001b92      0x41b /home/pwnz/devel/optee/optee_os/out/arm/export-ta_arm64/lib/libutils.a(bget_malloc.o)
 .debug_abbrev  0x0000000000001fad      0x11b /home/pwnz/devel/optee/optee_os/out/arm/export-ta_arm64/lib/libutils.a(snprintf.o)
 .debug_abbrev  0x00000000000020c8       0x91 /home/pwnz/devel/optee/optee_os/out/arm/export-ta_arm64/lib/libutils.a(memcmp.o)
 .debug_abbrev  0x0000000000002159       0x9c /home/pwnz/devel/optee/optee_os/out/arm/export-ta_arm64/lib/libutils.a(memcpy.o)
 .debug_abbrev  0x00000000000021f5       0x94 /home/pwnz/devel/optee/optee_os/out/arm/export-ta_arm64/lib/libutils.a(memmove.o)
 .debug_abbrev  0x0000000000002289       0x93 /home/pwnz/devel/optee/optee_os/out/arm/export-ta_arm64/lib/libutils.a(memset.o)
 .debug_abbrev  0x000000000000231c       0x79 /home/pwnz/devel/optee/optee_os/out/arm/export-ta_arm64/lib/libutils.a(strlen.o)
 .debug_abbrev  0x0000000000002395      0x269 /home/pwnz/devel/optee/optee_os/out/arm/export-ta_arm64/lib/libutils.a(snprintk.o)
 .debug_abbrev  0x00000000000025fe       0x91 /home/pwnz/devel/optee/optee_os/out/arm/export-ta_arm64/lib/libutils.a(buf_compare_ct.o)
 .debug_abbrev  0x000000000000268f      0x1e9 /home/pwnz/devel/optee/optee_os/out/arm/export-ta_arm64/lib/libutils.a(trace.o)
 .debug_abbrev  0x0000000000002878       0xae /home/pwnz/devel/optee/optee_os/out/arm/export-ta_arm64/lib/libutils.a(memchr.o)
 .debug_abbrev  0x0000000000002926      0x154 /home/pwnz/devel/optee/optee_os/out/arm/export-ta_arm64/lib/libmpa.a(mpa_misc.o)
 .debug_abbrev  0x0000000000002a7a      0x276 /home/pwnz/devel/optee/optee_os/out/arm/export-ta_arm64/lib/libmpa.a(mpa_montgomery.o)
 .debug_abbrev  0x0000000000002cf0      0x24d /home/pwnz/devel/optee/optee_os/out/arm/export-ta_arm64/lib/libmpa.a(mpa_primetest.o)
 .debug_abbrev  0x0000000000002f3d      0x113 /home/pwnz/devel/optee/optee_os/out/arm/export-ta_arm64/lib/libmpa.a(mpa_conv.o)
 .debug_abbrev  0x0000000000003050      0x265 /home/pwnz/devel/optee/optee_os/out/arm/export-ta_arm64/lib/libmpa.a(mpa_div.o)
 .debug_abbrev  0x00000000000032b5      0x25a /home/pwnz/devel/optee/optee_os/out/arm/export-ta_arm64/lib/libmpa.a(mpa_gcd.o)
 .debug_abbrev  0x000000000000350f      0x1fe /home/pwnz/devel/optee/optee_os/out/arm/export-ta_arm64/lib/libmpa.a(mpa_mem_static.o)
 .debug_abbrev  0x000000000000370d      0x1fe /home/pwnz/devel/optee/optee_os/out/arm/export-ta_arm64/lib/libmpa.a(mpa_mul.o)
 .debug_abbrev  0x000000000000390b      0x1d0 /home/pwnz/devel/optee/optee_os/out/arm/export-ta_arm64/lib/libmpa.a(mpa_random.o)
 .debug_abbrev  0x0000000000003adb      0x14f /home/pwnz/devel/optee/optee_os/out/arm/export-ta_arm64/lib/libmpa.a(mpa_shift.o)
 .debug_abbrev  0x0000000000003c2a      0x288 /home/pwnz/devel/optee/optee_os/out/arm/export-ta_arm64/lib/libmpa.a(mpa_addsub.o)
 .debug_abbrev  0x0000000000003eb2      0x11d /home/pwnz/devel/optee/optee_os/out/arm/export-ta_arm64/lib/libmpa.a(mpa_cmp.o)
 .debug_abbrev  0x0000000000003fcf      0x17f /home/pwnz/devel/optee/optee_os/out/arm/export-ta_arm64/lib/libmpa.a(mpa_expmod.o)
 .debug_abbrev  0x000000000000414e      0x112 /home/pwnz/devel/optee/optee_os/out/arm/export-ta_arm64/lib/libmpa.a(mpa_init.o)
 .debug_abbrev  0x0000000000004260      0x36f /home/pwnz/devel/optee/optee_os/out/arm/export-ta_arm64/lib/libmpa.a(mpa_io.o)
 .debug_abbrev  0x00000000000045cf      0x184 /home/pwnz/devel/optee/optee_os/out/arm/export-ta_arm64/lib/libmpa.a(mpa_modulus.o)

.debug_loc      0x0000000000000000    0x1d60d
 .debug_loc     0x0000000000000000      0xfa8 ./hello_world_ta.o
 .debug_loc     0x0000000000000fa8      0xe24 /home/pwnz/devel/optee/optee_os/out/arm/export-ta_arm64/lib/libutee.a(tee_api.o)
 .debug_loc     0x0000000000001dcc     0x20a9 /home/pwnz/devel/optee/optee_os/out/arm/export-ta_arm64/lib/libutee.a(tee_api_objects.o)
 .debug_loc     0x0000000000003e75     0x4df4 /home/pwnz/devel/optee/optee_os/out/arm/export-ta_arm64/lib/libutee.a(tee_api_operations.o)
 .debug_loc     0x0000000000008c69       0x39 /home/pwnz/devel/optee/optee_os/out/arm/export-ta_arm64/lib/libutee.a(tee_api_panic.o)
 .debug_loc     0x0000000000008ca2      0x867 /home/pwnz/devel/optee/optee_os/out/arm/export-ta_arm64/lib/libutee.a(user_ta_entry.o)
 .debug_loc     0x0000000000009509      0x9ce /home/pwnz/devel/optee/optee_os/out/arm/export-ta_arm64/lib/libutee.a(tee_user_mem.o)
 .debug_loc     0x0000000000009ed7      0x11d /home/pwnz/devel/optee/optee_os/out/arm/export-ta_arm64/lib/libutee.a(assert.o)
 .debug_loc     0x0000000000009ff4     0x3194 /home/pwnz/devel/optee/optee_os/out/arm/export-ta_arm64/lib/libutee.a(tee_api_arith.o)
 .debug_loc     0x000000000000d188      0x1ee /home/pwnz/devel/optee/optee_os/out/arm/export-ta_arm64/lib/libutee.a(utee_misc.o)
 .debug_loc     0x000000000000d376      0x1a2 /home/pwnz/devel/optee/optee_os/out/arm/export-ta_arm64/lib/libutee.a(trace_ext.o)
 .debug_loc     0x000000000000d518     0x31ef /home/pwnz/devel/optee/optee_os/out/arm/export-ta_arm64/lib/libutils.a(bget_malloc.o)
 .debug_loc     0x0000000000010707      0x18f /home/pwnz/devel/optee/optee_os/out/arm/export-ta_arm64/lib/libutils.a(snprintf.o)
 .debug_loc     0x0000000000010896      0x1ac /home/pwnz/devel/optee/optee_os/out/arm/export-ta_arm64/lib/libutils.a(memcmp.o)
 .debug_loc     0x0000000000010a42      0x12e /home/pwnz/devel/optee/optee_os/out/arm/export-ta_arm64/lib/libutils.a(memcpy.o)
 .debug_loc     0x0000000000010b70      0x173 /home/pwnz/devel/optee/optee_os/out/arm/export-ta_arm64/lib/libutils.a(memmove.o)
 .debug_loc     0x0000000000010ce3       0xc1 /home/pwnz/devel/optee/optee_os/out/arm/export-ta_arm64/lib/libutils.a(memset.o)
 .debug_loc     0x0000000000010da4       0x82 /home/pwnz/devel/optee/optee_os/out/arm/export-ta_arm64/lib/libutils.a(strlen.o)
 .debug_loc     0x0000000000010e26     0x23e8 /home/pwnz/devel/optee/optee_os/out/arm/export-ta_arm64/lib/libutils.a(snprintk.o)
 .debug_loc     0x000000000001320e      0x1ef /home/pwnz/devel/optee/optee_os/out/arm/export-ta_arm64/lib/libutils.a(buf_compare_ct.o)
 .debug_loc     0x00000000000133fd      0x458 /home/pwnz/devel/optee/optee_os/out/arm/export-ta_arm64/lib/libutils.a(trace.o)
 .debug_loc     0x0000000000013855      0x124 /home/pwnz/devel/optee/optee_os/out/arm/export-ta_arm64/lib/libutils.a(memchr.o)
 .debug_loc     0x0000000000013979      0x503 /home/pwnz/devel/optee/optee_os/out/arm/export-ta_arm64/lib/libmpa.a(mpa_misc.o)
 .debug_loc     0x0000000000013e7c      0xc00 /home/pwnz/devel/optee/optee_os/out/arm/export-ta_arm64/lib/libmpa.a(mpa_montgomery.o)
 .debug_loc     0x0000000000014a7c      0x60d /home/pwnz/devel/optee/optee_os/out/arm/export-ta_arm64/lib/libmpa.a(mpa_primetest.o)
 .debug_loc     0x0000000000015089      0x1b9 /home/pwnz/devel/optee/optee_os/out/arm/export-ta_arm64/lib/libmpa.a(mpa_conv.o)
 .debug_loc     0x0000000000015242     0x100c /home/pwnz/devel/optee/optee_os/out/arm/export-ta_arm64/lib/libmpa.a(mpa_div.o)
 .debug_loc     0x000000000001624e      0xefd /home/pwnz/devel/optee/optee_os/out/arm/export-ta_arm64/lib/libmpa.a(mpa_gcd.o)
 .debug_loc     0x000000000001714b      0x5f5 /home/pwnz/devel/optee/optee_os/out/arm/export-ta_arm64/lib/libmpa.a(mpa_mem_static.o)
 .debug_loc     0x0000000000017740      0xb56 /home/pwnz/devel/optee/optee_os/out/arm/export-ta_arm64/lib/libmpa.a(mpa_mul.o)
 .debug_loc     0x0000000000018296      0x2aa /home/pwnz/devel/optee/optee_os/out/arm/export-ta_arm64/lib/libmpa.a(mpa_random.o)
 .debug_loc     0x0000000000018540      0x962 /home/pwnz/devel/optee/optee_os/out/arm/export-ta_arm64/lib/libmpa.a(mpa_shift.o)
 .debug_loc     0x0000000000018ea2     0x1c34 /home/pwnz/devel/optee/optee_os/out/arm/export-ta_arm64/lib/libmpa.a(mpa_addsub.o)
 .debug_loc     0x000000000001aad6      0x53d /home/pwnz/devel/optee/optee_os/out/arm/export-ta_arm64/lib/libmpa.a(mpa_cmp.o)
 .debug_loc     0x000000000001b013      0x5e9 /home/pwnz/devel/optee/optee_os/out/arm/export-ta_arm64/lib/libmpa.a(mpa_expmod.o)
 .debug_loc     0x000000000001b5fc      0x11e /home/pwnz/devel/optee/optee_os/out/arm/export-ta_arm64/lib/libmpa.a(mpa_init.o)
 .debug_loc     0x000000000001b71a     0x16cd /home/pwnz/devel/optee/optee_os/out/arm/export-ta_arm64/lib/libmpa.a(mpa_io.o)
 .debug_loc     0x000000000001cde7      0x826 /home/pwnz/devel/optee/optee_os/out/arm/export-ta_arm64/lib/libmpa.a(mpa_modulus.o)

.debug_aranges  0x0000000000000000      0x7d0
 .debug_aranges
                0x0000000000000000       0x30 ./hello_world_ta.o
 .debug_aranges
                0x0000000000000030       0x30 ./user_ta_header.o
 .debug_aranges
                0x0000000000000060       0x30 /home/pwnz/devel/optee/optee_os/out/arm/export-ta_arm64/lib/libutee.a(tee_api.o)
 .debug_aranges
                0x0000000000000090       0x30 /home/pwnz/devel/optee/optee_os/out/arm/export-ta_arm64/lib/libutee.a(tee_api_objects.o)
 .debug_aranges
                0x00000000000000c0       0x40 /home/pwnz/devel/optee/optee_os/out/arm/export-ta_arm64/lib/libutee.a(tee_api_operations.o)
 .debug_aranges
                0x0000000000000100       0x30 /home/pwnz/devel/optee/optee_os/out/arm/export-ta_arm64/lib/libutee.a(tee_api_panic.o)
 .debug_aranges
                0x0000000000000130       0x30 /home/pwnz/devel/optee/optee_os/out/arm/export-ta_arm64/lib/libutee.a(user_ta_entry.o)
 .debug_aranges
                0x0000000000000160       0x30 /home/pwnz/devel/optee/optee_os/out/arm/export-ta_arm64/lib/libutee.a(utee_syscalls_a64.o)
 .debug_aranges
                0x0000000000000190       0x30 /home/pwnz/devel/optee/optee_os/out/arm/export-ta_arm64/lib/libutee.a(gprof_a64.o)
 .debug_aranges
                0x00000000000001c0       0x30 /home/pwnz/devel/optee/optee_os/out/arm/export-ta_arm64/lib/libutee.a(tee_user_mem.o)
 .debug_aranges
                0x00000000000001f0       0x30 /home/pwnz/devel/optee/optee_os/out/arm/export-ta_arm64/lib/libutee.a(assert.o)
 .debug_aranges
                0x0000000000000220       0x40 /home/pwnz/devel/optee/optee_os/out/arm/export-ta_arm64/lib/libutee.a(tee_api_arith.o)
 .debug_aranges
                0x0000000000000260       0x30 /home/pwnz/devel/optee/optee_os/out/arm/export-ta_arm64/lib/libutee.a(utee_misc.o)
 .debug_aranges
                0x0000000000000290       0x30 /home/pwnz/devel/optee/optee_os/out/arm/export-ta_arm64/lib/libutee.a(trace_ext.o)
 .debug_aranges
                0x00000000000002c0       0x30 /home/pwnz/devel/optee/optee_os/out/arm/export-ta_arm64/lib/libutils.a(bget_malloc.o)
 .debug_aranges
                0x00000000000002f0       0x30 /home/pwnz/devel/optee/optee_os/out/arm/export-ta_arm64/lib/libutils.a(snprintf.o)
 .debug_aranges
                0x0000000000000320       0x30 /home/pwnz/devel/optee/optee_os/out/arm/export-ta_arm64/lib/libutils.a(memcmp.o)
 .debug_aranges
                0x0000000000000350       0x30 /home/pwnz/devel/optee/optee_os/out/arm/export-ta_arm64/lib/libutils.a(memcpy.o)
 .debug_aranges
                0x0000000000000380       0x30 /home/pwnz/devel/optee/optee_os/out/arm/export-ta_arm64/lib/libutils.a(memmove.o)
 .debug_aranges
                0x00000000000003b0       0x30 /home/pwnz/devel/optee/optee_os/out/arm/export-ta_arm64/lib/libutils.a(memset.o)
 .debug_aranges
                0x00000000000003e0       0x30 /home/pwnz/devel/optee/optee_os/out/arm/export-ta_arm64/lib/libutils.a(strlen.o)
 .debug_aranges
                0x0000000000000410       0x30 /home/pwnz/devel/optee/optee_os/out/arm/export-ta_arm64/lib/libutils.a(snprintk.o)
 .debug_aranges
                0x0000000000000440       0x30 /home/pwnz/devel/optee/optee_os/out/arm/export-ta_arm64/lib/libutils.a(buf_compare_ct.o)
 .debug_aranges
                0x0000000000000470       0x30 /home/pwnz/devel/optee/optee_os/out/arm/export-ta_arm64/lib/libutils.a(trace.o)
 .debug_aranges
                0x00000000000004a0       0x30 /home/pwnz/devel/optee/optee_os/out/arm/export-ta_arm64/lib/libutils.a(memchr.o)
 .debug_aranges
                0x00000000000004d0       0x30 /home/pwnz/devel/optee/optee_os/out/arm/export-ta_arm64/lib/libmpa.a(mpa_misc.o)
 .debug_aranges
                0x0000000000000500       0x30 /home/pwnz/devel/optee/optee_os/out/arm/export-ta_arm64/lib/libmpa.a(mpa_montgomery.o)
 .debug_aranges
                0x0000000000000530       0x30 /home/pwnz/devel/optee/optee_os/out/arm/export-ta_arm64/lib/libmpa.a(mpa_primetest.o)
 .debug_aranges
                0x0000000000000560       0x30 /home/pwnz/devel/optee/optee_os/out/arm/export-ta_arm64/lib/libmpa.a(mpa_conv.o)
 .debug_aranges
                0x0000000000000590       0x30 /home/pwnz/devel/optee/optee_os/out/arm/export-ta_arm64/lib/libmpa.a(mpa_div.o)
 .debug_aranges
                0x00000000000005c0       0x30 /home/pwnz/devel/optee/optee_os/out/arm/export-ta_arm64/lib/libmpa.a(mpa_gcd.o)
 .debug_aranges
                0x00000000000005f0       0x30 /home/pwnz/devel/optee/optee_os/out/arm/export-ta_arm64/lib/libmpa.a(mpa_mem_static.o)
 .debug_aranges
                0x0000000000000620       0x30 /home/pwnz/devel/optee/optee_os/out/arm/export-ta_arm64/lib/libmpa.a(mpa_mul.o)
 .debug_aranges
                0x0000000000000650       0x30 /home/pwnz/devel/optee/optee_os/out/arm/export-ta_arm64/lib/libmpa.a(mpa_random.o)
 .debug_aranges
                0x0000000000000680       0x30 /home/pwnz/devel/optee/optee_os/out/arm/export-ta_arm64/lib/libmpa.a(mpa_shift.o)
 .debug_aranges
                0x00000000000006b0       0x30 /home/pwnz/devel/optee/optee_os/out/arm/export-ta_arm64/lib/libmpa.a(mpa_addsub.o)
 .debug_aranges
                0x00000000000006e0       0x30 /home/pwnz/devel/optee/optee_os/out/arm/export-ta_arm64/lib/libmpa.a(mpa_cmp.o)
 .debug_aranges
                0x0000000000000710       0x30 /home/pwnz/devel/optee/optee_os/out/arm/export-ta_arm64/lib/libmpa.a(mpa_expmod.o)
 .debug_aranges
                0x0000000000000740       0x30 /home/pwnz/devel/optee/optee_os/out/arm/export-ta_arm64/lib/libmpa.a(mpa_init.o)
 .debug_aranges
                0x0000000000000770       0x30 /home/pwnz/devel/optee/optee_os/out/arm/export-ta_arm64/lib/libmpa.a(mpa_io.o)
 .debug_aranges
                0x00000000000007a0       0x30 /home/pwnz/devel/optee/optee_os/out/arm/export-ta_arm64/lib/libmpa.a(mpa_modulus.o)

.debug_ranges   0x0000000000000000      0xf50
 .debug_ranges  0x0000000000000000      0x200 ./hello_world_ta.o
 .debug_ranges  0x0000000000000200       0x70 /home/pwnz/devel/optee/optee_os/out/arm/export-ta_arm64/lib/libutee.a(tee_api.o)
 .debug_ranges  0x0000000000000270      0x120 /home/pwnz/devel/optee/optee_os/out/arm/export-ta_arm64/lib/libutee.a(tee_api_operations.o)
 .debug_ranges  0x0000000000000390       0xd0 /home/pwnz/devel/optee/optee_os/out/arm/export-ta_arm64/lib/libutee.a(user_ta_entry.o)
 .debug_ranges  0x0000000000000460      0x260 /home/pwnz/devel/optee/optee_os/out/arm/export-ta_arm64/lib/libutee.a(tee_user_mem.o)
 .debug_ranges  0x00000000000006c0       0xc0 /home/pwnz/devel/optee/optee_os/out/arm/export-ta_arm64/lib/libutee.a(tee_api_arith.o)
 .debug_ranges  0x0000000000000780      0x340 /home/pwnz/devel/optee/optee_os/out/arm/export-ta_arm64/lib/libutils.a(bget_malloc.o)
 .debug_ranges  0x0000000000000ac0       0x30 /home/pwnz/devel/optee/optee_os/out/arm/export-ta_arm64/lib/libutils.a(snprintk.o)
 .debug_ranges  0x0000000000000af0       0x30 /home/pwnz/devel/optee/optee_os/out/arm/export-ta_arm64/lib/libutils.a(trace.o)
 .debug_ranges  0x0000000000000b20       0x40 /home/pwnz/devel/optee/optee_os/out/arm/export-ta_arm64/lib/libmpa.a(mpa_montgomery.o)
 .debug_ranges  0x0000000000000b60       0x90 /home/pwnz/devel/optee/optee_os/out/arm/export-ta_arm64/lib/libmpa.a(mpa_primetest.o)
 .debug_ranges  0x0000000000000bf0       0x80 /home/pwnz/devel/optee/optee_os/out/arm/export-ta_arm64/lib/libmpa.a(mpa_div.o)
 .debug_ranges  0x0000000000000c70       0x30 /home/pwnz/devel/optee/optee_os/out/arm/export-ta_arm64/lib/libmpa.a(mpa_gcd.o)
 .debug_ranges  0x0000000000000ca0      0x120 /home/pwnz/devel/optee/optee_os/out/arm/export-ta_arm64/lib/libmpa.a(mpa_random.o)
 .debug_ranges  0x0000000000000dc0       0x30 /home/pwnz/devel/optee/optee_os/out/arm/export-ta_arm64/lib/libmpa.a(mpa_addsub.o)
 .debug_ranges  0x0000000000000df0      0x160 /home/pwnz/devel/optee/optee_os/out/arm/export-ta_arm64/lib/libmpa.a(mpa_io.o)

.debug_macro    0x0000000000000000     0x536c
 .debug_macro   0x0000000000000000       0xf8 ./hello_world_ta.o
 .debug_macro   0x00000000000000f8      0x664 ./hello_world_ta.o
 .debug_macro   0x000000000000075c      0x16d ./hello_world_ta.o
 .debug_macro   0x00000000000008c9       0xb8 ./hello_world_ta.o
 .debug_macro   0x0000000000000981      0x8fc ./hello_world_ta.o
 .debug_macro   0x000000000000127d      0x192 ./hello_world_ta.o
 .debug_macro   0x000000000000140f       0x22 ./hello_world_ta.o
 .debug_macro   0x0000000000001431       0x35 ./hello_world_ta.o
 .debug_macro   0x0000000000001466       0x34 ./hello_world_ta.o
 .debug_macro   0x000000000000149a       0x97 ./hello_world_ta.o
 .debug_macro   0x0000000000001531       0x10 ./hello_world_ta.o
 .debug_macro   0x0000000000001541       0x58 ./hello_world_ta.o
 .debug_macro   0x0000000000001599       0xc4 ./hello_world_ta.o
 .debug_macro   0x000000000000165d       0x16 ./hello_world_ta.o
 .debug_macro   0x0000000000001673       0x28 ./hello_world_ta.o
 .debug_macro   0x000000000000169b       0xdc ./user_ta_header.o
 .debug_macro   0x0000000000001777       0x76 ./user_ta_header.o
 .debug_macro   0x00000000000017ed       0x22 ./user_ta_header.o
 .debug_macro   0x000000000000180f      0x15c /home/pwnz/devel/optee/optee_os/out/arm/export-ta_arm64/lib/libutee.a(tee_api.o)
 .debug_macro   0x000000000000196b      0x65e /home/pwnz/devel/optee/optee_os/out/arm/export-ta_arm64/lib/libutee.a(tee_api.o)
 .debug_macro   0x0000000000001fc9      0x22c /home/pwnz/devel/optee/optee_os/out/arm/export-ta_arm64/lib/libutee.a(tee_api.o)
 .debug_macro   0x00000000000021f5       0x7c /home/pwnz/devel/optee/optee_os/out/arm/export-ta_arm64/lib/libutee.a(tee_api.o)
 .debug_macro   0x0000000000002271       0xc4 /home/pwnz/devel/optee/optee_os/out/arm/export-ta_arm64/lib/libutee.a(tee_api.o)
 .debug_macro   0x0000000000002335       0x22 /home/pwnz/devel/optee/optee_os/out/arm/export-ta_arm64/lib/libutee.a(tee_api.o)
 .debug_macro   0x0000000000002357       0x10 /home/pwnz/devel/optee/optee_os/out/arm/export-ta_arm64/lib/libutee.a(tee_api.o)
 .debug_macro   0x0000000000002367       0x97 /home/pwnz/devel/optee/optee_os/out/arm/export-ta_arm64/lib/libutee.a(tee_api.o)
 .debug_macro   0x00000000000023fe      0x12b /home/pwnz/devel/optee/optee_os/out/arm/export-ta_arm64/lib/libutee.a(tee_api_objects.o)
 .debug_macro   0x0000000000002529      0x169 /home/pwnz/devel/optee/optee_os/out/arm/export-ta_arm64/lib/libutee.a(tee_api_operations.o)
 .debug_macro   0x0000000000002692      0x1b2 /home/pwnz/devel/optee/optee_os/out/arm/export-ta_arm64/lib/libutee.a(tee_api_operations.o)
 .debug_macro   0x0000000000002844       0xb2 /home/pwnz/devel/optee/optee_os/out/arm/export-ta_arm64/lib/libutee.a(tee_api_operations.o)
 .debug_macro   0x00000000000028f6       0xa1 /home/pwnz/devel/optee/optee_os/out/arm/export-ta_arm64/lib/libutee.a(tee_api_panic.o)
 .debug_macro   0x0000000000002997       0xca /home/pwnz/devel/optee/optee_os/out/arm/export-ta_arm64/lib/libutee.a(tee_api_panic.o)
 .debug_macro   0x0000000000002a61      0x16d /home/pwnz/devel/optee/optee_os/out/arm/export-ta_arm64/lib/libutee.a(user_ta_entry.o)
 .debug_macro   0x0000000000002bce      0x2cd /home/pwnz/devel/optee/optee_os/out/arm/export-ta_arm64/lib/libutee.a(user_ta_entry.o)
 .debug_macro   0x0000000000002e9b       0x3a /home/pwnz/devel/optee/optee_os/out/arm/export-ta_arm64/lib/libutee.a(user_ta_entry.o)
 .debug_macro   0x0000000000002ed5      0x151 /home/pwnz/devel/optee/optee_os/out/arm/export-ta_arm64/lib/libutee.a(tee_user_mem.o)
 .debug_macro   0x0000000000003026       0x10 /home/pwnz/devel/optee/optee_os/out/arm/export-ta_arm64/lib/libutee.a(tee_user_mem.o)
 .debug_macro   0x0000000000003036      0x1ac /home/pwnz/devel/optee/optee_os/out/arm/export-ta_arm64/lib/libutee.a(tee_user_mem.o)
 .debug_macro   0x00000000000031e2       0xf3 /home/pwnz/devel/optee/optee_os/out/arm/export-ta_arm64/lib/libutee.a(assert.o)
 .debug_macro   0x00000000000032d5      0x149 /home/pwnz/devel/optee/optee_os/out/arm/export-ta_arm64/lib/libutee.a(tee_api_arith.o)
 .debug_macro   0x000000000000341e       0x10 /home/pwnz/devel/optee/optee_os/out/arm/export-ta_arm64/lib/libutee.a(tee_api_arith.o)
 .debug_macro   0x000000000000342e       0x4c /home/pwnz/devel/optee/optee_os/out/arm/export-ta_arm64/lib/libutee.a(tee_api_arith.o)
 .debug_macro   0x000000000000347a       0x16 /home/pwnz/devel/optee/optee_os/out/arm/export-ta_arm64/lib/libutee.a(tee_api_arith.o)
 .debug_macro   0x0000000000003490       0x74 /home/pwnz/devel/optee/optee_os/out/arm/export-ta_arm64/lib/libutee.a(tee_api_arith.o)
 .debug_macro   0x0000000000003504       0xf4 /home/pwnz/devel/optee/optee_os/out/arm/export-ta_arm64/lib/libutee.a(utee_misc.o)
 .debug_macro   0x00000000000035f8       0xde /home/pwnz/devel/optee/optee_os/out/arm/export-ta_arm64/lib/libutee.a(trace_ext.o)
 .debug_macro   0x00000000000036d6       0xac /home/pwnz/devel/optee/optee_os/out/arm/export-ta_arm64/lib/libutee.a(trace_ext.o)
 .debug_macro   0x0000000000003782      0x131 /home/pwnz/devel/optee/optee_os/out/arm/export-ta_arm64/lib/libutils.a(bget_malloc.o)
 .debug_macro   0x00000000000038b3       0x16 /home/pwnz/devel/optee/optee_os/out/arm/export-ta_arm64/lib/libutils.a(bget_malloc.o)
 .debug_macro   0x00000000000038c9       0x3c /home/pwnz/devel/optee/optee_os/out/arm/export-ta_arm64/lib/libutils.a(bget_malloc.o)
 .debug_macro   0x0000000000003905       0x4d /home/pwnz/devel/optee/optee_os/out/arm/export-ta_arm64/lib/libutils.a(snprintf.o)
 .debug_macro   0x0000000000003952       0x51 /home/pwnz/devel/optee/optee_os/out/arm/export-ta_arm64/lib/libutils.a(memcmp.o)
 .debug_macro   0x00000000000039a3      0x65e /home/pwnz/devel/optee/optee_os/out/arm/export-ta_arm64/lib/libutils.a(memcmp.o)
 .debug_macro   0x0000000000004001       0x7c /home/pwnz/devel/optee/optee_os/out/arm/export-ta_arm64/lib/libutils.a(memcmp.o)
 .debug_macro   0x000000000000407d       0x57 /home/pwnz/devel/optee/optee_os/out/arm/export-ta_arm64/lib/libutils.a(memcpy.o)
 .debug_macro   0x00000000000040d4       0x64 /home/pwnz/devel/optee/optee_os/out/arm/export-ta_arm64/lib/libutils.a(memmove.o)
 .debug_macro   0x0000000000004138       0x51 /home/pwnz/devel/optee/optee_os/out/arm/export-ta_arm64/lib/libutils.a(memset.o)
 .debug_macro   0x0000000000004189       0x5a /home/pwnz/devel/optee/optee_os/out/arm/export-ta_arm64/lib/libutils.a(strlen.o)
 .debug_macro   0x00000000000041e3      0x127 /home/pwnz/devel/optee/optee_os/out/arm/export-ta_arm64/lib/libutils.a(snprintk.o)
 .debug_macro   0x000000000000430a       0x36 /home/pwnz/devel/optee/optee_os/out/arm/export-ta_arm64/lib/libutils.a(buf_compare_ct.o)
 .debug_macro   0x0000000000004340       0xcc /home/pwnz/devel/optee/optee_os/out/arm/export-ta_arm64/lib/libutils.a(trace.o)
 .debug_macro   0x000000000000440c       0x66 /home/pwnz/devel/optee/optee_os/out/arm/export-ta_arm64/lib/libutils.a(memchr.o)
 .debug_macro   0x0000000000004472       0xdc /home/pwnz/devel/optee/optee_os/out/arm/export-ta_arm64/lib/libmpa.a(mpa_misc.o)
 .debug_macro   0x000000000000454e       0xa6 /home/pwnz/devel/optee/optee_os/out/arm/export-ta_arm64/lib/libmpa.a(mpa_misc.o)
 .debug_macro   0x00000000000045f4       0xdc /home/pwnz/devel/optee/optee_os/out/arm/export-ta_arm64/lib/libmpa.a(mpa_montgomery.o)
 .debug_macro   0x00000000000046d0       0xfe /home/pwnz/devel/optee/optee_os/out/arm/export-ta_arm64/lib/libmpa.a(mpa_primetest.o)
 .debug_macro   0x00000000000047ce       0xdc /home/pwnz/devel/optee/optee_os/out/arm/export-ta_arm64/lib/libmpa.a(mpa_conv.o)
 .debug_macro   0x00000000000048aa       0xdc /home/pwnz/devel/optee/optee_os/out/arm/export-ta_arm64/lib/libmpa.a(mpa_div.o)
 .debug_macro   0x0000000000004986       0xdc /home/pwnz/devel/optee/optee_os/out/arm/export-ta_arm64/lib/libmpa.a(mpa_gcd.o)
 .debug_macro   0x0000000000004a62      0x101 /home/pwnz/devel/optee/optee_os/out/arm/export-ta_arm64/lib/libmpa.a(mpa_mem_static.o)
 .debug_macro   0x0000000000004b63       0xdc /home/pwnz/devel/optee/optee_os/out/arm/export-ta_arm64/lib/libmpa.a(mpa_mul.o)
 .debug_macro   0x0000000000004c3f       0xf8 /home/pwnz/devel/optee/optee_os/out/arm/export-ta_arm64/lib/libmpa.a(mpa_random.o)
 .debug_macro   0x0000000000004d37       0xdc /home/pwnz/devel/optee/optee_os/out/arm/export-ta_arm64/lib/libmpa.a(mpa_shift.o)
 .debug_macro   0x0000000000004e13       0xdc /home/pwnz/devel/optee/optee_os/out/arm/export-ta_arm64/lib/libmpa.a(mpa_addsub.o)
 .debug_macro   0x0000000000004eef       0xdc /home/pwnz/devel/optee/optee_os/out/arm/export-ta_arm64/lib/libmpa.a(mpa_cmp.o)
 .debug_macro   0x0000000000004fcb       0xe2 /home/pwnz/devel/optee/optee_os/out/arm/export-ta_arm64/lib/libmpa.a(mpa_expmod.o)
 .debug_macro   0x00000000000050ad       0xdc /home/pwnz/devel/optee/optee_os/out/arm/export-ta_arm64/lib/libmpa.a(mpa_init.o)
 .debug_macro   0x0000000000005189      0x107 /home/pwnz/devel/optee/optee_os/out/arm/export-ta_arm64/lib/libmpa.a(mpa_io.o)
 .debug_macro   0x0000000000005290       0xdc /home/pwnz/devel/optee/optee_os/out/arm/export-ta_arm64/lib/libmpa.a(mpa_modulus.o)

.debug_line     0x0000000000000000     0x6a7b
 .debug_line    0x0000000000000000      0x3dc ./hello_world_ta.o
 .debug_line    0x00000000000003dc      0x244 ./user_ta_header.o
 .debug_line    0x0000000000000620      0x37f /home/pwnz/devel/optee/optee_os/out/arm/export-ta_arm64/lib/libutee.a(tee_api.o)
 .debug_line    0x000000000000099f      0x411 /home/pwnz/devel/optee/optee_os/out/arm/export-ta_arm64/lib/libutee.a(tee_api_objects.o)
 .debug_line    0x0000000000000db0      0x8e2 /home/pwnz/devel/optee/optee_os/out/arm/export-ta_arm64/lib/libutee.a(tee_api_operations.o)
 .debug_line    0x0000000000001692      0x1c5 /home/pwnz/devel/optee/optee_os/out/arm/export-ta_arm64/lib/libutee.a(tee_api_panic.o)
 .debug_line    0x0000000000001857      0x3db /home/pwnz/devel/optee/optee_os/out/arm/export-ta_arm64/lib/libutee.a(user_ta_entry.o)
 .debug_line    0x0000000000001c32       0xc0 /home/pwnz/devel/optee/optee_os/out/arm/export-ta_arm64/lib/libutee.a(utee_syscalls_a64.o)
 .debug_line    0x0000000000001cf2       0x5b /home/pwnz/devel/optee/optee_os/out/arm/export-ta_arm64/lib/libutee.a(gprof_a64.o)
 .debug_line    0x0000000000001d4d      0x410 /home/pwnz/devel/optee/optee_os/out/arm/export-ta_arm64/lib/libutee.a(tee_user_mem.o)
 .debug_line    0x000000000000215d      0x251 /home/pwnz/devel/optee/optee_os/out/arm/export-ta_arm64/lib/libutee.a(assert.o)
 .debug_line    0x00000000000023ae      0x3a0 /home/pwnz/devel/optee/optee_os/out/arm/export-ta_arm64/lib/libutee.a(tee_api_arith.o)
 .debug_line    0x000000000000274e      0x233 /home/pwnz/devel/optee/optee_os/out/arm/export-ta_arm64/lib/libutee.a(utee_misc.o)
 .debug_line    0x0000000000002981      0x246 /home/pwnz/devel/optee/optee_os/out/arm/export-ta_arm64/lib/libutee.a(trace_ext.o)
 .debug_line    0x0000000000002bc7      0x581 /home/pwnz/devel/optee/optee_os/out/arm/export-ta_arm64/lib/libutils.a(bget_malloc.o)
 .debug_line    0x0000000000003148      0x153 /home/pwnz/devel/optee/optee_os/out/arm/export-ta_arm64/lib/libutils.a(snprintf.o)
 .debug_line    0x000000000000329b      0x13d /home/pwnz/devel/optee/optee_os/out/arm/export-ta_arm64/lib/libutils.a(memcmp.o)
 .debug_line    0x00000000000033d8      0x13b /home/pwnz/devel/optee/optee_os/out/arm/export-ta_arm64/lib/libutils.a(memcpy.o)
 .debug_line    0x0000000000003513      0x152 /home/pwnz/devel/optee/optee_os/out/arm/export-ta_arm64/lib/libutils.a(memmove.o)
 .debug_line    0x0000000000003665      0x139 /home/pwnz/devel/optee/optee_os/out/arm/export-ta_arm64/lib/libutils.a(memset.o)
 .debug_line    0x000000000000379e      0x145 /home/pwnz/devel/optee/optee_os/out/arm/export-ta_arm64/lib/libutils.a(strlen.o)
 .debug_line    0x00000000000038e3      0x2f4 /home/pwnz/devel/optee/optee_os/out/arm/export-ta_arm64/lib/libutils.a(snprintk.o)
 .debug_line    0x0000000000003bd7      0x135 /home/pwnz/devel/optee/optee_os/out/arm/export-ta_arm64/lib/libutils.a(buf_compare_ct.o)
 .debug_line    0x0000000000003d0c      0x23c /home/pwnz/devel/optee/optee_os/out/arm/export-ta_arm64/lib/libutils.a(trace.o)
 .debug_line    0x0000000000003f48      0x14a /home/pwnz/devel/optee/optee_os/out/arm/export-ta_arm64/lib/libutils.a(memchr.o)
 .debug_line    0x0000000000004092      0x22f /home/pwnz/devel/optee/optee_os/out/arm/export-ta_arm64/lib/libmpa.a(mpa_misc.o)
 .debug_line    0x00000000000042c1      0x2a6 /home/pwnz/devel/optee/optee_os/out/arm/export-ta_arm64/lib/libmpa.a(mpa_montgomery.o)
 .debug_line    0x0000000000004567      0x284 /home/pwnz/devel/optee/optee_os/out/arm/export-ta_arm64/lib/libmpa.a(mpa_primetest.o)
 .debug_line    0x00000000000047eb      0x234 /home/pwnz/devel/optee/optee_os/out/arm/export-ta_arm64/lib/libmpa.a(mpa_conv.o)
 .debug_line    0x0000000000004a1f      0x2f7 /home/pwnz/devel/optee/optee_os/out/arm/export-ta_arm64/lib/libmpa.a(mpa_div.o)
 .debug_line    0x0000000000004d16      0x34f /home/pwnz/devel/optee/optee_os/out/arm/export-ta_arm64/lib/libmpa.a(mpa_gcd.o)
 .debug_line    0x0000000000005065      0x263 /home/pwnz/devel/optee/optee_os/out/arm/export-ta_arm64/lib/libmpa.a(mpa_mem_static.o)
 .debug_line    0x00000000000052c8      0x291 /home/pwnz/devel/optee/optee_os/out/arm/export-ta_arm64/lib/libmpa.a(mpa_mul.o)
 .debug_line    0x0000000000005559      0x266 /home/pwnz/devel/optee/optee_os/out/arm/export-ta_arm64/lib/libmpa.a(mpa_random.o)
 .debug_line    0x00000000000057bf      0x2fd /home/pwnz/devel/optee/optee_os/out/arm/export-ta_arm64/lib/libmpa.a(mpa_shift.o)
 .debug_line    0x0000000000005abc      0x380 /home/pwnz/devel/optee/optee_os/out/arm/export-ta_arm64/lib/libmpa.a(mpa_addsub.o)
 .debug_line    0x0000000000005e3c      0x24d /home/pwnz/devel/optee/optee_os/out/arm/export-ta_arm64/lib/libmpa.a(mpa_cmp.o)
 .debug_line    0x0000000000006089      0x22b /home/pwnz/devel/optee/optee_os/out/arm/export-ta_arm64/lib/libmpa.a(mpa_expmod.o)
 .debug_line    0x00000000000062b4      0x1ff /home/pwnz/devel/optee/optee_os/out/arm/export-ta_arm64/lib/libmpa.a(mpa_init.o)
 .debug_line    0x00000000000064b3      0x39d /home/pwnz/devel/optee/optee_os/out/arm/export-ta_arm64/lib/libmpa.a(mpa_io.o)
 .debug_line    0x0000000000006850      0x22b /home/pwnz/devel/optee/optee_os/out/arm/export-ta_arm64/lib/libmpa.a(mpa_modulus.o)

.debug_str      0x0000000000000000    0x10c26
 .debug_str     0x0000000000000000     0x6f46 ./hello_world_ta.o
                                       0x70f5 (size before relaxing)
 .debug_str     0x0000000000006f46      0x64c ./user_ta_header.o
                                       0x7158 (size before relaxing)
 .debug_str     0x0000000000007592     0x128d /home/pwnz/devel/optee/optee_os/out/arm/export-ta_arm64/lib/libutee.a(tee_api.o)
                                       0x7f66 (size before relaxing)
 .debug_str     0x000000000000881f      0x5ee /home/pwnz/devel/optee/optee_os/out/arm/export-ta_arm64/lib/libutee.a(tee_api_objects.o)
                                       0x77d5 (size before relaxing)
 .debug_str     0x0000000000008e0d     0x18f4 /home/pwnz/devel/optee/optee_os/out/arm/export-ta_arm64/lib/libutee.a(tee_api_operations.o)
                                       0x9248 (size before relaxing)
 .debug_str     0x000000000000a701       0x31 /home/pwnz/devel/optee/optee_os/out/arm/export-ta_arm64/lib/libutee.a(tee_api_panic.o)
                                       0x6cd2 (size before relaxing)
 .debug_str     0x000000000000a732     0x351b /home/pwnz/devel/optee/optee_os/out/arm/export-ta_arm64/lib/libutee.a(user_ta_entry.o)
                                       0xb0c4 (size before relaxing)
 .debug_str     0x000000000000dc4d      0x2bc /home/pwnz/devel/optee/optee_os/out/arm/export-ta_arm64/lib/libutee.a(tee_user_mem.o)
                                       0xbd9f (size before relaxing)
 .debug_str     0x000000000000df09       0x1f /home/pwnz/devel/optee/optee_os/out/arm/export-ta_arm64/lib/libutee.a(assert.o)
                                       0x7444 (size before relaxing)
 .debug_str     0x000000000000df28      0xc83 /home/pwnz/devel/optee/optee_os/out/arm/export-ta_arm64/lib/libutee.a(tee_api_arith.o)
                                       0x7ed4 (size before relaxing)
 .debug_str     0x000000000000ebab       0x5c /home/pwnz/devel/optee/optee_os/out/arm/export-ta_arm64/lib/libutee.a(utee_misc.o)
                                       0x7027 (size before relaxing)
 .debug_str     0x000000000000ec07       0xae /home/pwnz/devel/optee/optee_os/out/arm/export-ta_arm64/lib/libutee.a(trace_ext.o)
                                       0x751a (size before relaxing)
 .debug_str     0x000000000000ecb5      0x59a /home/pwnz/devel/optee/optee_os/out/arm/export-ta_arm64/lib/libutils.a(bget_malloc.o)
                                       0x4a7e (size before relaxing)
 .debug_str     0x000000000000f24f       0x3a /home/pwnz/devel/optee/optee_os/out/arm/export-ta_arm64/lib/libutils.a(snprintf.o)
                                       0x29ee (size before relaxing)
 .debug_str     0x000000000000f289      0x2cb /home/pwnz/devel/optee/optee_os/out/arm/export-ta_arm64/lib/libutils.a(memcmp.o)
                                       0x2a89 (size before relaxing)
 .debug_str     0x000000000000f554       0x9c /home/pwnz/devel/optee/optee_os/out/arm/export-ta_arm64/lib/libutils.a(memcpy.o)
                                       0x2abc (size before relaxing)
 .debug_str     0x000000000000f5f0       0x35 /home/pwnz/devel/optee/optee_os/out/arm/export-ta_arm64/lib/libutils.a(memmove.o)
                                       0x2ca2 (size before relaxing)
 .debug_str     0x000000000000f625       0x4c /home/pwnz/devel/optee/optee_os/out/arm/export-ta_arm64/lib/libutils.a(memset.o)
                                       0x2a59 (size before relaxing)
 .debug_str     0x000000000000f671       0x6c /home/pwnz/devel/optee/optee_os/out/arm/export-ta_arm64/lib/libutils.a(strlen.o)
                                       0x2c64 (size before relaxing)
 .debug_str     0x000000000000f6dd      0x577 /home/pwnz/devel/optee/optee_os/out/arm/export-ta_arm64/lib/libutils.a(snprintk.o)
                                       0x354e (size before relaxing)
 .debug_str     0x000000000000fc54       0x22 /home/pwnz/devel/optee/optee_os/out/arm/export-ta_arm64/lib/libutils.a(buf_compare_ct.o)
                                       0x2867 (size before relaxing)
 .debug_str     0x000000000000fc76       0x5a /home/pwnz/devel/optee/optee_os/out/arm/export-ta_arm64/lib/libutils.a(trace.o)
                                       0x441f (size before relaxing)
 .debug_str     0x000000000000fcd0       0x78 /home/pwnz/devel/optee/optee_os/out/arm/export-ta_arm64/lib/libutils.a(memchr.o)
                                       0x2cc7 (size before relaxing)
 .debug_str     0x000000000000fd48      0x537 /home/pwnz/devel/optee/optee_os/out/arm/export-ta_arm64/lib/libmpa.a(mpa_misc.o)
                                       0x433d (size before relaxing)
 .debug_str     0x000000000001027f       0xea /home/pwnz/devel/optee/optee_os/out/arm/export-ta_arm64/lib/libmpa.a(mpa_montgomery.o)
                                       0x44c7 (size before relaxing)
 .debug_str     0x0000000000010369      0x1b5 /home/pwnz/devel/optee/optee_os/out/arm/export-ta_arm64/lib/libmpa.a(mpa_primetest.o)
                                       0x45a8 (size before relaxing)
 .debug_str     0x000000000001051e       0x20 /home/pwnz/devel/optee/optee_os/out/arm/export-ta_arm64/lib/libmpa.a(mpa_conv.o)
                                       0x42e6 (size before relaxing)
 .debug_str     0x000000000001053e      0x14c /home/pwnz/devel/optee/optee_os/out/arm/export-ta_arm64/lib/libmpa.a(mpa_div.o)
                                       0x450d (size before relaxing)
 .debug_str     0x000000000001068a       0x8b /home/pwnz/devel/optee/optee_os/out/arm/export-ta_arm64/lib/libmpa.a(mpa_gcd.o)
                                       0x4442 (size before relaxing)
 .debug_str     0x0000000000010715       0xc7 /home/pwnz/devel/optee/optee_os/out/arm/export-ta_arm64/lib/libmpa.a(mpa_mem_static.o)
                                       0x4ed1 (size before relaxing)
 .debug_str     0x00000000000107dc       0x59 /home/pwnz/devel/optee/optee_os/out/arm/export-ta_arm64/lib/libmpa.a(mpa_mul.o)
                                       0x4412 (size before relaxing)
 .debug_str     0x0000000000010835       0x5b /home/pwnz/devel/optee/optee_os/out/arm/export-ta_arm64/lib/libmpa.a(mpa_random.o)
                                       0x76fc (size before relaxing)
 .debug_str     0x0000000000010890       0x33 /home/pwnz/devel/optee/optee_os/out/arm/export-ta_arm64/lib/libmpa.a(mpa_shift.o)
                                       0x4352 (size before relaxing)
 .debug_str     0x00000000000108c3       0xf8 /home/pwnz/devel/optee/optee_os/out/arm/export-ta_arm64/lib/libmpa.a(mpa_addsub.o)
                                       0x44e2 (size before relaxing)
 .debug_str     0x00000000000109bb       0x3c /home/pwnz/devel/optee/optee_os/out/arm/export-ta_arm64/lib/libmpa.a(mpa_cmp.o)
                                       0x4319 (size before relaxing)
 .debug_str     0x00000000000109f7       0x81 /home/pwnz/devel/optee/optee_os/out/arm/export-ta_arm64/lib/libmpa.a(mpa_expmod.o)
                                       0x4468 (size before relaxing)
 .debug_str     0x0000000000010a78       0x16 /home/pwnz/devel/optee/optee_os/out/arm/export-ta_arm64/lib/libmpa.a(mpa_init.o)
                                       0x4327 (size before relaxing)
 .debug_str     0x0000000000010a8e      0x17f /home/pwnz/devel/optee/optee_os/out/arm/export-ta_arm64/lib/libmpa.a(mpa_io.o)
                                       0x4a1f (size before relaxing)
 .debug_str     0x0000000000010c0d       0x19 /home/pwnz/devel/optee/optee_os/out/arm/export-ta_arm64/lib/libmpa.a(mpa_modulus.o)
                                       0x4407 (size before relaxing)

.comment        0x0000000000000000       0x2d
 .comment       0x0000000000000000       0x2d ./hello_world_ta.o
                                         0x2e (size before relaxing)
 .comment       0x000000000000002d       0x2e ./user_ta_header.o
 .comment       0x000000000000002d       0x2e /home/pwnz/devel/optee/optee_os/out/arm/export-ta_arm64/lib/libutee.a(tee_api.o)