Archive member included to satisfy reference by file (symbol)

/home/asaf/devel/optee/optee_os/out/arm/export-ta_arm64/lib/libutee.a(tee_api_operations.o)
                              ./hello_world_ta.o (TEE_AllocateOperation)
/home/asaf/devel/optee/optee_os/out/arm/export-ta_arm64/lib/libutee.a(tee_api_panic.o)
                              /home/asaf/devel/optee/optee_os/out/arm/export-ta_arm64/lib/libutee.a(tee_api_operations.o) (TEE_Panic)
/home/asaf/devel/optee/optee_os/out/arm/export-ta_arm64/lib/libutee.a(user_ta_entry.o)
                              ./user_ta_header.o (__utee_entry)
/home/asaf/devel/optee/optee_os/out/arm/export-ta_arm64/lib/libutee.a(utee_syscalls_a64.o)
                              /home/asaf/devel/optee/optee_os/out/arm/export-ta_arm64/lib/libutee.a(tee_api_panic.o) (utee_panic)
/home/asaf/devel/optee/optee_os/out/arm/export-ta_arm64/lib/libutee.a(gprof_a64.o)
                              /home/asaf/devel/optee/optee_os/out/arm/export-ta_arm64/lib/libutee.a(user_ta_entry.o) (__utee_mcount)
/home/asaf/devel/optee/optee_os/out/arm/export-ta_arm64/lib/libutee.a(tee_api_arith.o)
                              /home/asaf/devel/optee/optee_os/out/arm/export-ta_arm64/lib/libutee.a(user_ta_entry.o) (_TEE_MathAPI_Init)
/home/asaf/devel/optee/optee_os/out/arm/export-ta_arm64/lib/libutee.a(tee_api.o)
                              /home/asaf/devel/optee/optee_os/out/arm/export-ta_arm64/lib/libutee.a(user_ta_entry.o) (__utee_from_param)
/home/asaf/devel/optee/optee_os/out/arm/export-ta_arm64/lib/libutee.a(tee_api_objects.o)
                              /home/asaf/devel/optee/optee_os/out/arm/export-ta_arm64/lib/libutee.a(tee_api_operations.o) (__utee_from_attr)
/home/asaf/devel/optee/optee_os/out/arm/export-ta_arm64/lib/libutee.a(utee_misc.o)
                              /home/asaf/devel/optee/optee_os/out/arm/export-ta_arm64/lib/libutee.a(tee_api_arith.o) (get_rng_array)
/home/asaf/devel/optee/optee_os/out/arm/export-ta_arm64/lib/libutee.a(tee_user_mem.o)
                              /home/asaf/devel/optee/optee_os/out/arm/export-ta_arm64/lib/libutee.a(tee_api.o) (tee_user_mem_alloc)
/home/asaf/devel/optee/optee_os/out/arm/export-ta_arm64/lib/libutee.a(trace_ext.o)
                              /home/asaf/devel/optee/optee_os/out/arm/export-ta_arm64/lib/libutee.a(tee_api_arith.o) (printf)
/home/asaf/devel/optee/optee_os/out/arm/export-ta_arm64/lib/libutee.a(assert.o)
                              /home/asaf/devel/optee/optee_os/out/arm/export-ta_arm64/lib/libutee.a(tee_user_mem.o) (_assert_log)
/home/asaf/devel/optee/optee_os/out/arm/export-ta_arm64/lib/libutils.a(bget_malloc.o)
                              /home/asaf/devel/optee/optee_os/out/arm/export-ta_arm64/lib/libutee.a(utee_misc.o) (malloc)
/home/asaf/devel/optee/optee_os/out/arm/export-ta_arm64/lib/libutils.a(snprintf.o)
                              /home/asaf/devel/optee/optee_os/out/arm/export-ta_arm64/lib/libutee.a(trace_ext.o) (vsnprintf)
/home/asaf/devel/optee/optee_os/out/arm/export-ta_arm64/lib/libutils.a(memcmp.o)
                              /home/asaf/devel/optee/optee_os/out/arm/export-ta_arm64/lib/libutee.a(tee_api.o) (memcmp)
/home/asaf/devel/optee/optee_os/out/arm/export-ta_arm64/lib/libutils.a(memcpy.o)
                              /home/asaf/devel/optee/optee_os/out/arm/export-ta_arm64/lib/libutee.a(tee_api_operations.o) (memcpy)
/home/asaf/devel/optee/optee_os/out/arm/export-ta_arm64/lib/libutils.a(memmove.o)
                              /home/asaf/devel/optee/optee_os/out/arm/export-ta_arm64/lib/libutee.a(tee_api.o) (memmove)
/home/asaf/devel/optee/optee_os/out/arm/export-ta_arm64/lib/libutils.a(memset.o)
                              /home/asaf/devel/optee/optee_os/out/arm/export-ta_arm64/lib/libutee.a(user_ta_entry.o) (memset)
/home/asaf/devel/optee/optee_os/out/arm/export-ta_arm64/lib/libutils.a(strlen.o)
                              /home/asaf/devel/optee/optee_os/out/arm/export-ta_arm64/lib/libutee.a(trace_ext.o) (strlen)
/home/asaf/devel/optee/optee_os/out/arm/export-ta_arm64/lib/libutils.a(snprintk.o)
                              /home/asaf/devel/optee/optee_os/out/arm/export-ta_arm64/lib/libutils.a(snprintf.o) (__vsnprintf)
/home/asaf/devel/optee/optee_os/out/arm/export-ta_arm64/lib/libutils.a(buf_compare_ct.o)
                              /home/asaf/devel/optee/optee_os/out/arm/export-ta_arm64/lib/libutee.a(tee_api_operations.o) (buf_compare_ct)
/home/asaf/devel/optee/optee_os/out/arm/export-ta_arm64/lib/libutils.a(trace.o)
                              /home/asaf/devel/optee/optee_os/out/arm/export-ta_arm64/lib/libutee.a(user_ta_entry.o) (trace_set_level)
/home/asaf/devel/optee/optee_os/out/arm/export-ta_arm64/lib/libutils.a(memchr.o)
                              /home/asaf/devel/optee/optee_os/out/arm/export-ta_arm64/lib/libutils.a(snprintk.o) (memchr)
/home/asaf/devel/optee/optee_os/out/arm/export-ta_arm64/lib/libmpa.a(mpa_misc.o)
[...]
Memory Configuration

Name             Origin             Length             Attributes
*default*        0x0000000000000000 0xffffffffffffffff

Linker script and memory map


.ta_head        0x0000000000000000       0x20
 *(SORT(.ta_head))
 .ta_head       0x0000000000000000       0x20 ./user_ta_header.o
                0x0000000000000000                ta_head

.text           0x0000000000000020     0xaa00
                0x0000000000000020                __text_start = .
 *(SORT(.text) SORT(.text.*))
 .text          0x0000000000000020      0x24c ./hello_world_ta.o
                0x0000000000000020                TA_CreateEntryPoint
                0x0000000000000054                TA_DestroyEntryPoint
                0x0000000000000078                TA_OpenSessionEntryPoint
                0x00000000000000e4                TA_CloseSessionEntryPoint
                0x0000000000000108                TA_InvokeCommandEntryPoint
 .text          0x000000000000026c        0x8 ./user_ta_header.o
                0x000000000000026c                tahead_get_trace_level
 .text          0x0000000000000274     0x21f0 /home/asaf/devel/optee/optee_os/out/arm/export-ta_arm64/lib/libutee.a(tee_api_operations.o)
                0x0000000000000274                TEE_FreeOperation
                0x00000000000002b8                TEE_AllocateOperation
                0x0000000000000adc                TEE_GetOperationInfo
                0x0000000000000b24                TEE_GetOperationInfoMultiple
                0x0000000000000c6c                TEE_ResetOperation
                0x0000000000000ce4                TEE_SetOperationKey
                0x0000000000000dd4                TEE_SetOperationKey2
                0x0000000000000f64                TEE_CopyOperation
                0x0000000000001084                TEE_DigestUpdate
                0x00000000000010f4                TEE_DigestDoFinal
                0x00000000000011b8                TEE_CipherInit
                0x000000000000125c                TEE_CipherUpdate
                0x00000000000013b8                TEE_CipherDoFinal
                0x0000000000001560                TEE_MACInit
                0x0000000000001604                TEE_MACUpdate
                0x00000000000016a4                TEE_MACComputeFinal
                0x0000000000001760                TEE_MACCompareFinal
                0x0000000000001820                TEE_AEInit
                0x00000000000018e4                TEE_AEUpdateAAD
                0x0000000000001978                TEE_AEUpdate
                0x0000000000001ac8                TEE_AEEncryptFinal
                0x0000000000001c70                TEE_AEDecryptFinal
                0x0000000000001e08                TEE_AsymmetricEncrypt
                0x0000000000001f4c                TEE_AsymmetricDecrypt
                0x0000000000002094                TEE_AsymmetricSignDigest
                0x00000000000021d0                TEE_AsymmetricVerifyDigest
                0x00000000000022fc                TEE_DeriveKey
                0x0000000000002440                TEE_GenerateRandom
 .text.unlikely
                0x0000000000002464      0x21c /home/asaf/devel/optee/optee_os/out/arm/export-ta_arm64/lib/libutee.a(tee_api_operations.o)
 .text          0x0000000000002680        0x8 /home/asaf/devel/optee/optee_os/out/arm/export-ta_arm64/lib/libutee.a(tee_api_panic.o)
                0x0000000000002680                TEE_Panic
 .text          0x0000000000002688      0x2c0 /home/asaf/devel/optee/optee_os/out/arm/export-ta_arm64/lib/libutee.a(user_ta_entry.o)
                0x000000000000272c                __utee_entry
 .text          0x0000000000002948      0x360 /home/asaf/devel/optee/optee_os/out/arm/export-ta_arm64/lib/libutee.a(utee_syscalls_a64.o)
                0x0000000000002948                utee_panic
                0x0000000000002954                utee_return
                0x0000000000002960                utee_log
                0x000000000000296c                __utee_panic
                0x0000000000002978                utee_get_property
                0x0000000000002984                utee_get_property_name_to_index
                0x0000000000002990                utee_open_ta_session
                0x000000000000299c                utee_close_ta_session
                0x00000000000029a8                utee_invoke_ta_command
                0x00000000000029b4                utee_get_cancellation_flag
                0x00000000000029c0                utee_check_access_rights
                0x00000000000029cc                utee_unmask_cancellation
                0x00000000000029d8                utee_mask_cancellation
                0x00000000000029e4                utee_wait
                0x00000000000029f0                utee_get_time
                0x00000000000029fc                utee_set_ta_time
                0x0000000000002a08                utee_cryp_state_alloc
                0x0000000000002a14                utee_cryp_state_copy
                0x0000000000002a20                utee_cryp_state_free
                0x0000000000002a2c                utee_hash_init
                0x0000000000002a38                utee_hash_update
                0x0000000000002a44                utee_hash_final
                0x0000000000002a50                utee_cipher_init
                0x0000000000002a5c                utee_cipher_update
                0x0000000000002a68                utee_cipher_final
                0x0000000000002a74                utee_cryp_obj_get_info
                0x0000000000002a80                utee_cryp_obj_restrict_usage
                0x0000000000002a8c                utee_cryp_obj_get_attr
                0x0000000000002a98                utee_cryp_obj_alloc
                0x0000000000002aa4                utee_cryp_obj_close
                0x0000000000002ab0                utee_cryp_obj_reset
                0x0000000000002abc                utee_cryp_obj_populate
                0x0000000000002ac8                utee_cryp_obj_copy
                0x0000000000002ad4                utee_cryp_derive_key
                0x0000000000002ae0                utee_cryp_random_number_generate
                0x0000000000002aec                utee_authenc_init
                0x0000000000002af8                utee_authenc_update_aad
                0x0000000000002b04                utee_authenc_update_payload
                0x0000000000002b10                utee_authenc_enc_final
                0x0000000000002b1c                utee_authenc_dec_final
                0x0000000000002b28                utee_asymm_operate
                0x0000000000002b34                utee_asymm_verify
                0x0000000000002b40                utee_storage_obj_open
                0x0000000000002b4c                utee_storage_obj_create
                0x0000000000002b58                utee_storage_obj_del
                0x0000000000002b64                utee_storage_obj_rename
                0x0000000000002b70                utee_storage_alloc_enum
                0x0000000000002b7c                utee_storage_free_enum
                0x0000000000002b88                utee_storage_reset_enum
                0x0000000000002b94                utee_storage_start_enum
                0x0000000000002ba0                utee_storage_next_enum
                0x0000000000002bac                utee_storage_obj_read
                0x0000000000002bb8                utee_storage_obj_write
                0x0000000000002bc4                utee_storage_obj_trunc
                0x0000000000002bd0                utee_storage_obj_seek
                0x0000000000002bdc                utee_cryp_obj_generate_key
                0x0000000000002be8                utee_se_service_open
                0x0000000000002bf4                utee_se_service_close
                0x0000000000002c00                utee_se_service_get_readers
                0x0000000000002c0c                utee_se_reader_get_prop
                0x0000000000002c18                utee_se_reader_get_name
                0x0000000000002c24                utee_se_reader_open_session
                0x0000000000002c30                utee_se_reader_close_sessions
                0x0000000000002c3c                utee_se_session_is_closed
                0x0000000000002c48                utee_se_session_get_atr
                0x0000000000002c54                utee_se_session_open_channel
                0x0000000000002c60                utee_se_session_close
                0x0000000000002c6c                utee_se_channel_select_next
                0x0000000000002c78                utee_se_channel_get_select_resp
                0x0000000000002c84                utee_se_channel_transmit
                0x0000000000002c90                utee_se_channel_close
                0x0000000000002c9c                utee_cache_operation
 .text          0x0000000000002ca8        0x4 /home/asaf/devel/optee/optee_os/out/arm/export-ta_arm64/lib/libutee.a(gprof_a64.o)
                0x0000000000002ca8                __utee_mcount
 .text          0x0000000000002cac      0x694 /home/asaf/devel/optee/optee_os/out/arm/export-ta_arm64/lib/libutee.a(tee_api_arith.o)
                0x0000000000002cac                _TEE_MathAPI_Init
                0x0000000000002cd8                TEE_BigIntInit
                0x0000000000002cdc                TEE_BigIntInitFMM
                0x0000000000002cf0                TEE_BigIntInitFMMContext
                0x0000000000002d28                TEE_BigIntFMMSizeInU32
                0x0000000000002d38                TEE_BigIntFMMContextSizeInU32
                0x0000000000002d4c                TEE_BigIntConvertFromOctetString
                0x0000000000002d74                TEE_BigIntConvertToOctetString
                0x0000000000002db4                TEE_BigIntConvertFromS32
                0x0000000000002db8                TEE_BigIntConvertToS32
                0x0000000000002dd8                TEE_BigIntCmp
                0x0000000000002ddc                TEE_BigIntCmpS32
                0x0000000000002de0                TEE_BigIntShiftRight
                0x0000000000002de4                TEE_BigIntGetBit
                0x0000000000002e00                TEE_BigIntGetBitCount
                0x0000000000002e18                TEE_BigIntAdd
                0x0000000000002e24                TEE_BigIntSub
                0x0000000000002e30                TEE_BigIntNeg
                0x0000000000002e34                TEE_BigIntMul
                0x0000000000002e40                TEE_BigIntSquare
                0x0000000000002e50                TEE_BigIntDiv
                0x0000000000002eb4                TEE_BigIntMod
                0x0000000000002f48                TEE_BigIntAddMod
                0x0000000000002ff0                TEE_BigIntSubMod
                0x0000000000003098                TEE_BigIntMulMod
                0x0000000000003160                TEE_BigIntSquareMod
                0x000000000000316c                TEE_BigIntInvMod
                0x00000000000031d8                TEE_BigIntRelativePrime
                0x0000000000003250                TEE_BigIntComputeExtendedGcd
                0x000000000000325c                TEE_BigIntIsProbablePrime
                0x0000000000003280                TEE_BigIntConvertToFMM
                0x000000000000329c                TEE_BigIntConvertFromFMM
                0x0000000000003330                TEE_BigIntComputeFMM
 .text.unlikely
                0x0000000000003340       0x28 /home/asaf/devel/optee/optee_os/out/arm/export-ta_arm64/lib/libutee.a(tee_api_arith.o)
 .text          0x0000000000003368      0x490 /home/asaf/devel/optee/optee_os/out/arm/export-ta_arm64/lib/libutee.a(tee_api.o)
                0x0000000000003368                __utee_from_param
                0x00000000000033e0                __utee_to_param
                0x000000000000344c                TEE_OpenTASession
                0x00000000000034dc                TEE_CloseTASession
                0x0000000000003504                TEE_InvokeTACommand
                0x00000000000035b8                TEE_GetCancellationFlag
                0x00000000000035e4                TEE_UnmaskCancellation
                0x0000000000003610                TEE_MaskCancellation
                0x000000000000363c                TEE_CheckMemoryAccessRights
                0x0000000000003650                TEE_SetInstanceData
                0x000000000000365c                TEE_GetInstanceData
                0x0000000000003668                TEE_MemMove
                0x0000000000003670                TEE_MemCompare
                0x0000000000003678                TEE_MemFill
                0x0000000000003680                TEE_GetSystemTime
                0x00000000000036a8                TEE_Wait
                0x00000000000036e4                TEE_GetTAPersistentTime
                0x0000000000003764                TEE_SetTAPersistentTime
                0x00000000000037a4                TEE_GetREETime
                0x00000000000037cc                TEE_Malloc
                0x00000000000037d4                TEE_Realloc
                0x00000000000037dc                TEE_Free
                0x00000000000037e0                TEE_CacheClean
                0x00000000000037e8                TEE_CacheFlush
                0x00000000000037f0                TEE_CacheInvalidate
 .text          0x00000000000037f8      0xcb4 /home/asaf/devel/optee/optee_os/out/arm/export-ta_arm64/lib/libutee.a(tee_api_objects.o)
                0x00000000000037f8                __utee_from_attr
                0x0000000000003844                TEE_GetObjectInfo
                0x000000000000388c                TEE_GetObjectInfo1
                0x00000000000038cc                TEE_RestrictObjectUsage1
                0x0000000000003910                TEE_RestrictObjectUsage
                0x0000000000003960                TEE_GetObjectBufferAttribute
                0x0000000000003a0c                TEE_GetObjectValueAttribute
                0x0000000000003adc                TEE_CloseObject
                0x0000000000003b04                TEE_AllocateTransientObject
                0x0000000000003b68                TEE_FreeTransientObject
                0x0000000000003bbc                TEE_ResetTransientObject
                0x0000000000003c10                TEE_PopulateTransientObject
                0x0000000000003cd0                TEE_InitRefAttribute
                0x0000000000003d24                TEE_InitValueAttribute
                0x0000000000003d74                TEE_CopyObjectAttributes1
                0x0000000000003e20                TEE_CopyObjectAttributes
                0x0000000000003e74                TEE_GenerateKey
                0x0000000000003ef8                TEE_OpenPersistentObject
                0x0000000000003f90                TEE_CreatePersistentObject
                0x0000000000004058                TEE_CloseAndDeletePersistentObject1
                0x000000000000409c                TEE_CloseAndDeletePersistentObject
                0x00000000000040c8                TEE_RenamePersistentObject
                0x0000000000004134                TEE_AllocatePersistentObjectEnumerator
                0x0000000000004190                TEE_FreePersistentObjectEnumerator
                0x00000000000041b8                TEE_ResetPersistentObjectEnumerator
                0x00000000000041e0                TEE_StartPersistentObjectEnumerator
                0x0000000000004230                TEE_GetNextPersistentObject
                0x00000000000042b4                TEE_ReadObjectData
                0x000000000000431c                TEE_WriteObjectData
                0x0000000000004380                TEE_TruncateObjectData
                0x00000000000043dc                TEE_SeekObjectData
 .text          0x00000000000044ac       0x28 /home/asaf/devel/optee/optee_os/out/arm/export-ta_arm64/lib/libutee.a(utee_misc.o)
                0x00000000000044ac                utee_get_ta_exec_id
                0x00000000000044b4                utee_malloc
                0x00000000000044b8                utee_realloc
                0x00000000000044bc                utee_calloc
                0x00000000000044cc                utee_free
                0x00000000000044d0                get_rng_array
 .text          0x00000000000044d4      0x5c8 /home/asaf/devel/optee/optee_os/out/arm/export-ta_arm64/lib/libutee.a(tee_user_mem.o)
                0x0000000000004630                tee_user_mem_alloc
                0x000000000000477c                tee_user_mem_free
                0x00000000000048c0                tee_user_mem_realloc
                0x000000000000497c                tee_user_mem_mark_heap
                0x0000000000004988                tee_user_mem_check_heap
                0x0000000000004a24                tee_user_mem_garbage
 .text          0x0000000000004a9c      0x178 /home/asaf/devel/optee/optee_os/out/arm/export-ta_arm64/lib/libutee.a(trace_ext.o)
                0x0000000000004a9c                trace_ext_puts
                0x0000000000004ac4                trace_ext_get_thread_id
                0x0000000000004acc                printf
                0x0000000000004b98                puts
                0x0000000000004bd8                putchar
 .text          0x0000000000004c14       0x58 /home/asaf/devel/optee/optee_os/out/arm/export-ta_arm64/lib/libutee.a(assert.o)
                0x0000000000004c14                _assert_log
                0x0000000000004c58                _assert_break
 .text          0x0000000000004c6c     0x1018 /home/asaf/devel/optee/optee_os/out/arm/export-ta_arm64/lib/libutils.a(bget_malloc.o)
                0x0000000000004dc8                bget
                0x0000000000004fa4                bgetz
                0x000000000000502c                brel
                0x00000000000052d8                bgetr
                0x0000000000005374                bpool
                0x0000000000005450                bstats
                0x00000000000054f8                malloc_reset_stats
                0x0000000000005510                malloc_get_stats
                0x0000000000005548                malloc
                0x0000000000005580                free
                0x000000000000558c                calloc
                0x00000000000055d8                realloc
                0x0000000000005610                memalign
                0x00000000000059a0                malloc_add_pool
                0x0000000000005a98                malloc_buffer_is_within_alloced
                0x0000000000005c18                malloc_buffer_overlaps_heap
 .text          0x0000000000005c84       0xcc /home/asaf/devel/optee/optee_os/out/arm/export-ta_arm64/lib/libutils.a(snprintf.o)
                0x0000000000005c84                snprintf
                0x0000000000005cfc                vsnprintf
 .text          0x0000000000005d50       0x34 /home/asaf/devel/optee/optee_os/out/arm/export-ta_arm64/lib/libutils.a(memcmp.o)
                0x0000000000005d50                memcmp
 .text          0x0000000000005d84       0x20 /home/asaf/devel/optee/optee_os/out/arm/export-ta_arm64/lib/libutils.a(memcpy.o)
                0x0000000000005d84                memcpy
 .text          0x0000000000005da4       0x4c /home/asaf/devel/optee/optee_os/out/arm/export-ta_arm64/lib/libutils.a(memmove.o)
                0x0000000000005da4                memmove
 .text          0x0000000000005df0       0x1c /home/asaf/devel/optee/optee_os/out/arm/export-ta_arm64/lib/libutils.a(memset.o)
                0x0000000000005df0                memset
 .text          0x0000000000005e0c       0x1c /home/asaf/devel/optee/optee_os/out/arm/export-ta_arm64/lib/libutils.a(strlen.o)
                0x0000000000005e0c                strlen
 .text          0x0000000000005e28      0xc70 /home/asaf/devel/optee/optee_os/out/arm/export-ta_arm64/lib/libutils.a(snprintk.o)
                0x0000000000005e28                __vsnprintf
                0x00000000000069d0                vsnprintk
                0x0000000000006a24                snprintk
 .text          0x0000000000006a98       0x40 /home/asaf/devel/optee/optee_os/out/arm/export-ta_arm64/lib/libutils.a(buf_compare_ct.o)
                0x0000000000006a98                buf_compare_ct
 .text          0x0000000000006ad8      0x264 /home/asaf/devel/optee/optee_os/out/arm/export-ta_arm64/lib/libutils.a(trace.o)
                0x0000000000006ad8                trace_set_level
                0x0000000000006afc                trace_get_level
                0x0000000000006b0c                trace_printf
                0x0000000000006d38                dhex_dump
 .text          0x0000000000006d3c       0x2c /home/asaf/devel/optee/optee_os/out/arm/export-ta_arm64/lib/libutils.a(memchr.o)
                0x0000000000006d3c                memchr
 .text          0x0000000000006d68      0x194 /home/asaf/devel/optee/optee_os/out/arm/export-ta_arm64/lib/libmpa.a(mpa_misc.o)
                0x0000000000006d68                __mpa_set_unused_digits_to_zero
                0x0000000000006d8c                mpa_wipe
                0x0000000000006dbc                mpa_copy
                0x0000000000006e10                mpa_abs
                0x0000000000006e40                mpa_highest_bit_index
                0x0000000000006e84                mpa_get_bit
                0x0000000000006ec8                mpa_can_hold
                0x0000000000006ee4                mpa_parity
                0x0000000000006ef0                mpa_constant_one
 .text          0x0000000000006efc      0x3f0 /home/asaf/devel/optee/optee_os/out/arm/export-ta_arm64/lib/libmpa.a(mpa_montgomery.o)
                0x0000000000006efc                __mpa_montgomery_mul_add
                0x0000000000006f74                __mpa_montgomery_sub_ack
                0x0000000000007004                __mpa_montgomery_mul
                0x0000000000007128                mpa_compute_fmm_context
                0x0000000000007264                mpa_montgomery_mul
 .text          0x00000000000072ec      0x3ac /home/asaf/devel/optee/optee_os/out/arm/export-ta_arm64/lib/libmpa.a(mpa_primetest.o)
                0x00000000000072ec                mpa_is_prob_prime
 .text          0x0000000000007698       0xcc /home/asaf/devel/optee/optee_os/out/arm/export-ta_arm64/lib/libmpa.a(mpa_conv.o)
                0x0000000000007698                mpa_set_S32
                0x00000000000076c4                mpa_get_S32
                0x0000000000007738                mpa_set_word
                0x000000000000774c                mpa_get_word
 .text          0x0000000000007764      0x910 /home/asaf/devel/optee/optee_os/out/arm/export-ta_arm64/lib/libmpa.a(mpa_div.o)
                0x0000000000007764                __mpa_div_dword
                0x00000000000077b4                __mpa_div_q_r_internal_word
                0x00000000000078fc                __mpa_div_q_r
                0x0000000000007f84                mpa_div
 .text          0x0000000000008074      0x878 /home/asaf/devel/optee/optee_os/out/arm/export-ta_arm64/lib/libmpa.a(mpa_gcd.o)
                0x00000000000085e0                mpa_gcd
                0x0000000000008700                mpa_extended_gcd
 .text          0x00000000000088ec      0x174 /home/asaf/devel/optee/optee_os/out/arm/export-ta_arm64/lib/libmpa.a(mpa_mem_static.o)
                0x00000000000088ec                mpa_init_scratch_mem_sync
                0x0000000000008904                mpa_init_scratch_mem
                0x000000000000891c                mpa_alloc_static_temp_var_size
                0x0000000000008a04                mpa_alloc_static_temp_var
                0x0000000000008a14                mpa_free_static_temp_var
 .text          0x0000000000008a60      0x36c /home/asaf/devel/optee/optee_os/out/arm/export-ta_arm64/lib/libmpa.a(mpa_mul.o)
                0x0000000000008a60                __mpa_mul_add_word
                0x0000000000008a78                __mpa_mul_add_word_cum
                0x0000000000008a98                __mpa_abs_mul_word
                0x0000000000008b30                __mpa_abs_mul
                0x0000000000008c24                mpa_mul
                0x0000000000008d08                mpa_mul_word
 .text          0x0000000000008dcc      0x18c /home/asaf/devel/optee/optee_os/out/arm/export-ta_arm64/lib/libmpa.a(mpa_random.o)
                0x0000000000008dcc                mpa_set_random_generator
                0x0000000000008dd8                mpa_get_random
                0x0000000000008eec                mpa_get_random_digits
 .text          0x0000000000008f58      0x3d0 /home/asaf/devel/optee/optee_os/out/arm/export-ta_arm64/lib/libmpa.a(mpa_shift.o)
                0x0000000000008f58                __mpa_shift_words_left
                0x0000000000008ff0                __mpa_shift_words_right
                0x0000000000009054                mpa_shift_left
                0x00000000000091e4                mpa_shift_right
 .text          0x0000000000009328      0x8f4 /home/asaf/devel/optee/optee_os/out/arm/export-ta_arm64/lib/libmpa.a(mpa_addsub.o)
                0x0000000000009328                __mpa_full_adder
                0x0000000000009344                __mpa_full_sub
                0x0000000000009368                __mpa_full_adder_ackum
                0x0000000000009388                __mpa_abs_add
                0x000000000000947c                __mpa_abs_add_ackum
                0x0000000000009548                __mpa_abs_sub
                0x000000000000964c                mpa_add
                0x00000000000097e0                mpa_sub
                0x000000000000997c                mpa_neg
                0x00000000000099a8                mpa_add_word
                0x0000000000009ae4                mpa_sub_word
 .text          0x0000000000009c1c      0x1d0 /home/asaf/devel/optee/optee_os/out/arm/export-ta_arm64/lib/libmpa.a(mpa_cmp.o)
                0x0000000000009c1c                __mpa_abs_cmp
                0x0000000000009ccc                __mpa_abs_greater_than
                0x0000000000009ce8                __mpa_abs_less_than
                0x0000000000009d00                mpa_cmp
                0x0000000000009d68                mpa_cmp_short
 .text          0x0000000000009dec      0x1bc /home/asaf/devel/optee/optee_os/out/arm/export-ta_arm64/lib/libmpa.a(mpa_expmod.o)
                0x0000000000009dec                mpa_exp_mod
 .text          0x0000000000009fa8       0x84 /home/asaf/devel/optee/optee_os/out/arm/export-ta_arm64/lib/libmpa.a(mpa_init.o)
                0x0000000000009fa8                mpa_init_static
                0x0000000000009fc4                mpa_init_static_fmm_context
 .text          0x000000000000a02c      0x73c /home/asaf/devel/optee/optee_os/out/arm/export-ta_arm64/lib/libmpa.a(mpa_io.o)
                0x000000000000a1c0                mpa_get_str_size
                0x000000000000a1c8                mpa_set_str
                0x000000000000a460                mpa_get_str
                0x000000000000a4e4                mpa_set_oct_str
                0x000000000000a5f4                mpa_get_oct_str
 .text          0x000000000000a768      0x2b8 /home/asaf/devel/optee/optee_os/out/arm/export-ta_arm64/lib/libmpa.a(mpa_modulus.o)
                0x000000000000a768                mpa_mod
                0x000000000000a780                mpa_add_mod
                0x000000000000a804                mpa_sub_mod
                0x000000000000a888                mpa_mul_mod
                0x000000000000a90c                mpa_inv_mod
 *(SORT(.stub))
 *(SORT(.glue_7))
 *(SORT(.glue_7t))
 *(SORT(.gnu.linkonce.t.*))
 *(SORT(.vfp11_veneer))
                [!provide]                        PROVIDE (_mcount, __utee_mcount)
                0x000000000000aa20                __text_end = .

.eh_frame
 *(SORT(.eh_frame))

.rodata         0x000000000000aa20     0x1718
 *(SORT(.gnu.linkonce.r.*))
 *(SORT(.rodata) SORT(.rodata.*))
 .rodata.hello_world_ta.c
                0x000000000000aa20       0x92 ./hello_world_ta.o
 *fill*         0x000000000000aab2        0x6 
 .rodata.user_ta_header.c
                0x000000000000aab8       0x28 ./user_ta_header.o
                0x000000000000aab8                ta_num_props
                0x000000000000aad0                ta_heap_size
                0x000000000000aad8                trace_ext_prefix
 .rodata.lib/libutee/tee_user_mem.c
                0x000000000000aae0       0x8c /home/asaf/devel/optee/optee_os/out/arm/export-ta_arm64/lib/libutee.a(tee_user_mem.o)
 *fill*         0x000000000000ab6c        0x4 
 .rodata.lib/libutils/isoc/bget_malloc.c
                0x000000000000ab70       0xab /home/asaf/devel/optee/optee_os/out/arm/export-ta_arm64/lib/libutils.a(bget_malloc.o)
 *fill*         0x000000000000ac1b        0x5 
 .rodata.lib/libutils/ext/snprintk.c
                0x000000000000ac20       0x29 /home/asaf/devel/optee/optee_os/out/arm/export-ta_arm64/lib/libutils.a(snprintk.o)
 *fill*         0x000000000000ac49        0x7 
 .rodata.lib/libutils/ext/trace.c
                0x000000000000ac50       0x2d /home/asaf/devel/optee/optee_os/out/arm/export-ta_arm64/lib/libutils.a(trace.o)
 *fill*         0x000000000000ac7d        0x3 
 .rodata.lib/libmpa/mpa_misc.c
                0x000000000000ac80       0x2c /home/asaf/devel/optee/optee_os/out/arm/export-ta_arm64/lib/libmpa.a(mpa_misc.o)
                0x000000000000ac80                const_one
                0x000000000000ac90                Const_1_LShift_Base
                0x000000000000aca0                const_largest_deci_base
 *fill*         0x000000000000acac        0x4 
 .rodata.lib/libmpa/mpa_primetest.c
                0x000000000000acb0      0xd38 /home/asaf/devel/optee/optee_os/out/arm/export-ta_arm64/lib/libmpa.a(mpa_primetest.o)
                0x000000000000acb0                PRIME_TABLE
                0x000000000000b9e0                NR_STORED_PRIMES
                0x000000000000b9e4                MAX_TABULATED_PRIME
 .rodata.lib/libmpa/mpa_io.c
                0x000000000000b9e8       0x1c /home/asaf/devel/optee/optee_os/out/arm/export-ta_arm64/lib/libmpa.a(mpa_io.o)
 .rodata.lib/libutee/tee_api.c
                0x000000000000ba04        0xf /home/asaf/devel/optee/optee_os/out/arm/export-ta_arm64/lib/libutee.a(tee_api.o)
 .rodata.str1.1.hello_world_ta.c
                0x000000000000ba13       0x6a ./hello_world_ta.o
 .rodata.str1.1.user_ta_header.c
                0x000000000000ba7d       0xdd ./user_ta_header.o
 .rodata.str1.1.lib/libutee/tee_api_arith.c
                0x000000000000bb5a       0x5b /home/asaf/devel/optee/optee_os/out/arm/export-ta_arm64/lib/libutee.a(tee_api_arith.o)
 .rodata.str1.1.lib/libutee/tee_user_mem.c
                0x000000000000bbb5       0xe2 /home/asaf/devel/optee/optee_os/out/arm/export-ta_arm64/lib/libutee.a(tee_user_mem.o)
                                         0xe5 (size before relaxing)
 .rodata.str1.1.lib/libutee/trace_ext.c
                0x000000000000bc97       0xe2 /home/asaf/devel/optee/optee_os/out/arm/export-ta_arm64/lib/libutee.a(trace_ext.o)
                                          0x2 (size before relaxing)
 .rodata.str1.1.lib/libutee/assert.c
                0x000000000000bc97       0x27 /home/asaf/devel/optee/optee_os/out/arm/export-ta_arm64/lib/libutee.a(assert.o)
 .rodata.str1.1.lib/libutils/isoc/bget_malloc.c
                0x000000000000bcbe      0x3c3 /home/asaf/devel/optee/optee_os/out/arm/export-ta_arm64/lib/libutils.a(bget_malloc.o)
                                        0x3cc (size before relaxing)
 .rodata.str1.1.lib/libutils/ext/snprintk.c
                0x000000000000c081       0x38 /home/asaf/devel/optee/optee_os/out/arm/export-ta_arm64/lib/libutils.a(snprintk.o)
 .rodata.str1.1.lib/libutils/ext/trace.c
                0x000000000000c0b9       0x20 /home/asaf/devel/optee/optee_os/out/arm/export-ta_arm64/lib/libutils.a(trace.o)
                                         0x22 (size before relaxing)
 .rodata.str1.1.lib/libmpa/mpa_io.c
                0x000000000000c0d9       0x5f /home/asaf/devel/optee/optee_os/out/arm/export-ta_arm64/lib/libmpa.a(mpa_io.o)

.gnu.version_d  0x000000000000c138        0x0
 .gnu.version_d
                0x000000000000c138        0x0 ./hello_world_ta.o

.gnu.version    0x000000000000c138        0x0
 .gnu.version   0x000000000000c138        0x0 ./hello_world_ta.o

.gnu.version_r  0x000000000000c138        0x0
 .gnu.version_r
                0x000000000000c138        0x0 ./hello_world_ta.o

.ARM.exidx
 *(SORT(.ARM.exidx*) SORT(.gnu.linkonce.armexidx.*))

.ctors
 *(SORT(.ctors))

.dtors
 *(SORT(.dtors))

.plt            0x000000000000c138        0x0
 *(SORT(.plt))
 .plt           0x000000000000c138        0x0 ./hello_world_ta.o

.rela.dyn       0x000000000000c138      0x240
 .rela.ifunc    0x000000000000c138        0x0 ./hello_world_ta.o
 .rela.data.rel.ro.local
                0x000000000000c138      0x1b0 ./hello_world_ta.o
 .rela.ta_head  0x000000000000c2e8       0x18 ./hello_world_ta.o
 .rela.data.rel
                0x000000000000c300       0x18 ./hello_world_ta.o
 .rela.data.rel.local
                0x000000000000c318       0x60 ./hello_world_ta.o

.got            0x000000000000c378       0x78
 *(SORT(.got.plt))
 .got.plt       0x000000000000c378       0x18 ./hello_world_ta.o
 *(SORT(.got))
 .got           0x000000000000c390       0x60 ./hello_world_ta.o
                0x000000000000c390                _GLOBAL_OFFSET_TABLE_

.rel.text
 *(SORT(.rel.text))
 *(SORT(.rel.gnu.linkonce.t*))

.rela.text
 *(SORT(.rela.text))
 *(SORT(.rela.gnu.linkonce.t*))

.rel.data
 *(SORT(.rel.data))
 *(SORT(.rel.gnu.linkonce.d*))

.rela.data
 *(SORT(.rela.data))
 *(SORT(.rela.gnu.linkonce.d*))

.rel.rodata
 *(SORT(.rel.rodata))
 *(SORT(.rel.gnu.linkonce.r*))

.rela.rodata
 *(SORT(.rela.rodata))
 *(SORT(.rela.gnu.linkonce.r*))

.rel.dyn
 *(SORT(.rel.dyn))

.rel.got
 *(SORT(.rel.got))

.rela.got       0x000000000000c3f0      0x108
 *(SORT(.rela.got))
 .rela.got      0x000000000000c3f0      0x108 ./hello_world_ta.o

.rel.ctors
 *(SORT(.rel.ctors))

.rela.ctors
 *(SORT(.rela.ctors))

.rel.dtors
 *(SORT(.rel.dtors))

.rela.dtors
 *(SORT(.rela.dtors))

.rel.init
 *(SORT(.rel.init))

.rela.init
 *(SORT(.rela.init))

.rel.fini
 *(SORT(.rel.fini))

.rela.fini
 *(SORT(.rela.fini))

.rel.bss
 *(SORT(.rel.bss))

.rela.bss
 *(SORT(.rela.bss))

.rel.plt
 *(SORT(.rel.plt))

.rela.plt       0x000000000000c4f8        0x0
 *(SORT(.rela.plt))
 .rela.plt      0x000000000000c4f8        0x0 ./hello_world_ta.o

.dynamic        0x000000000000c4f8      0x100
 *(SORT(.dynamic))
 .dynamic       0x000000000000c4f8      0x100 ./hello_world_ta.o
                0x000000000000c4f8                _DYNAMIC

.dynsym         0x000000000000c5f8      0x150
 *(SORT(.dynsym))
 .dynsym        0x000000000000c5f8      0x150 ./hello_world_ta.o

.dynstr         0x000000000000c748       0xa7
 *(SORT(.dynstr))
 .dynstr        0x000000000000c748       0xa7 ./hello_world_ta.o

.hash           0x000000000000c7f0       0x4c
 *(SORT(.hash))
 .hash          0x000000000000c7f0       0x4c ./hello_world_ta.o
                0x000000000000d000                . = ALIGN (0x1000)

.data           0x000000000000d000      0x124
 *(SORT(.data) SORT(.data.*) SORT(.gnu.linkonce.d.*))
 .data.rel.ro.local
                0x000000000000d000       0xd8 ./user_ta_header.o
                0x000000000000d000                ta_props
 .data.rel      0x000000000000d0d8        0x8 /home/asaf/devel/optee/optee_os/out/arm/export-ta_arm64/lib/libutee.a(user_ta_entry.o)
                0x000000000000d0d8                _ref__utee_mcount
 .data.rel.local
                0x000000000000d0e0       0x10 /home/asaf/devel/optee/optee_os/out/arm/export-ta_arm64/lib/libutee.a(user_ta_entry.o)
 .data.rel.local
                0x000000000000d0f0       0x10 /home/asaf/devel/optee/optee_os/out/arm/export-ta_arm64/lib/libutee.a(tee_user_mem.o)
                0x000000000000d0f0                user_mem_head
 .data.rel.local
                0x000000000000d100       0x20 /home/asaf/devel/optee/optee_os/out/arm/export-ta_arm64/lib/libutils.a(bget_malloc.o)
 .data          0x000000000000d120        0x4 ./user_ta_header.o
                0x000000000000d120                trace_level
 .data          0x000000000000d124        0x0 ./hello_world_ta.o
 .data          0x000000000000d124        0x0 /home/asaf/devel/optee/optee_os/out/arm/export-ta_arm64/lib/libutee.a(tee_api_operations.o)
 .data          0x000000000000d124        0x0 /home/asaf/devel/optee/optee_os/out/arm/export-ta_arm64/lib/libutee.a(tee_api_panic.o)
 .data          0x000000000000d124        0x0 /home/asaf/devel/optee/optee_os/out/arm/export-ta_arm64/lib/libutee.a(user_ta_entry.o)
 .data          0x000000000000d124        0x0 /home/asaf/devel/optee/optee_os/out/arm/export-ta_arm64/lib/libutee.a(utee_syscalls_a64.o)
 .data          0x000000000000d124        0x0 /home/asaf/devel/optee/optee_os/out/arm/export-ta_arm64/lib/libutee.a(gprof_a64.o)
 .data          0x000000000000d124        0x0 /home/asaf/devel/optee/optee_os/out/arm/export-ta_arm64/lib/libutee.a(tee_api_arith.o)
 .data          0x000000000000d124        0x0 /home/asaf/devel/optee/optee_os/out/arm/export-ta_arm64/lib/libutee.a(tee_api.o)
 .data          0x000000000000d124        0x0 /home/asaf/devel/optee/optee_os/out/arm/export-ta_arm64/lib/libutee.a(tee_api_objects.o)
 .data          0x000000000000d124        0x0 /home/asaf/devel/optee/optee_os/out/arm/export-ta_arm64/lib/libutee.a(utee_misc.o)
 .data          0x000000000000d124        0x0 /home/asaf/devel/optee/optee_os/out/arm/export-ta_arm64/lib/libutee.a(tee_user_mem.o)
 .data          0x000000000000d124        0x0 /home/asaf/devel/optee/optee_os/out/arm/export-ta_arm64/lib/libutee.a(trace_ext.o)
 .data          0x000000000000d124        0x0 /home/asaf/devel/optee/optee_os/out/arm/export-ta_arm64/lib/libutee.a(assert.o)
 .data          0x000000000000d124        0x0 /home/asaf/devel/optee/optee_os/out/arm/export-ta_arm64/lib/libutils.a(bget_malloc.o)
 .data          0x000000000000d124        0x0 /home/asaf/devel/optee/optee_os/out/arm/export-ta_arm64/lib/libutils.a(snprintf.o)
 .data          0x000000000000d124        0x0 /home/asaf/devel/optee/optee_os/out/arm/export-ta_arm64/lib/libutils.a(memcmp.o)
 .data          0x000000000000d124        0x0 /home/asaf/devel/optee/optee_os/out/arm/export-ta_arm64/lib/libutils.a(memcpy.o)
 .data          0x000000000000d124        0x0 /home/asaf/devel/optee/optee_os/out/arm/export-ta_arm64/lib/libutils.a(memmove.o)
 .data          0x000000000000d124        0x0 /home/asaf/devel/optee/optee_os/out/arm/export-ta_arm64/lib/libutils.a(memset.o)
 .data          0x000000000000d124        0x0 /home/asaf/devel/optee/optee_os/out/arm/export-ta_arm64/lib/libutils.a(strlen.o)
 .data          0x000000000000d124        0x0 /home/asaf/devel/optee/optee_os/out/arm/export-ta_arm64/lib/libutils.a(snprintk.o)
 .data          0x000000000000d124        0x0 /home/asaf/devel/optee/optee_os/out/arm/export-ta_arm64/lib/libutils.a(buf_compare_ct.o)
 .data          0x000000000000d124        0x0 /home/asaf/devel/optee/optee_os/out/arm/export-ta_arm64/lib/libutils.a(trace.o)
 .data          0x000000000000d124        0x0 /home/asaf/devel/optee/optee_os/out/arm/export-ta_arm64/lib/libutils.a(memchr.o)
 .data          0x000000000000d124        0x0 /home/asaf/devel/optee/optee_os/out/arm/export-ta_arm64/lib/libmpa.a(mpa_misc.o)
 .data          0x000000000000d124        0x0 /home/asaf/devel/optee/optee_os/out/arm/export-ta_arm64/lib/libmpa.a(mpa_montgomery.o)
 .data          0x000000000000d124        0x0 /home/asaf/devel/optee/optee_os/out/arm/export-ta_arm64/lib/libmpa.a(mpa_primetest.o)
 .data          0x000000000000d124        0x0 /home/asaf/devel/optee/optee_os/out/arm/export-ta_arm64/lib/libmpa.a(mpa_conv.o)
 .data          0x000000000000d124        0x0 /home/asaf/devel/optee/optee_os/out/arm/export-ta_arm64/lib/libmpa.a(mpa_div.o)
 .data          0x000000000000d124        0x0 /home/asaf/devel/optee/optee_os/out/arm/export-ta_arm64/lib/libmpa.a(mpa_gcd.o)
 .data          0x000000000000d124        0x0 /home/asaf/devel/optee/optee_os/out/arm/export-ta_arm64/lib/libmpa.a(mpa_mem_static.o)
 .data          0x000000000000d124        0x0 /home/asaf/devel/optee/optee_os/out/arm/export-ta_arm64/lib/libmpa.a(mpa_mul.o)
 .data          0x000000000000d124        0x0 /home/asaf/devel/optee/optee_os/out/arm/export-ta_arm64/lib/libmpa.a(mpa_random.o)
 .data          0x000000000000d124        0x0 /home/asaf/devel/optee/optee_os/out/arm/export-ta_arm64/lib/libmpa.a(mpa_shift.o)
 .data          0x000000000000d124        0x0 /home/asaf/devel/optee/optee_os/out/arm/export-ta_arm64/lib/libmpa.a(mpa_addsub.o)
 .data          0x000000000000d124        0x0 /home/asaf/devel/optee/optee_os/out/arm/export-ta_arm64/lib/libmpa.a(mpa_cmp.o)
 .data          0x000000000000d124        0x0 /home/asaf/devel/optee/optee_os/out/arm/export-ta_arm64/lib/libmpa.a(mpa_expmod.o)
 .data          0x000000000000d124        0x0 /home/asaf/devel/optee/optee_os/out/arm/export-ta_arm64/lib/libmpa.a(mpa_init.o)
 .data          0x000000000000d124        0x0 /home/asaf/devel/optee/optee_os/out/arm/export-ta_arm64/lib/libmpa.a(mpa_io.o)
 .data          0x000000000000d124        0x0 /home/asaf/devel/optee/optee_os/out/arm/export-ta_arm64/lib/libmpa.a(mpa_modulus.o)

.bss            0x000000000000d128     0xac20
 *(SORT(.bss) SORT(.bss.*) SORT(.gnu.linkonce.b.*) SORT(COMMON))
 COMMON         0x000000000000d128     0x8000 ./user_ta_header.o
                0x000000000000d128                ta_heap
 COMMON         0x0000000000015128       0x48 /home/asaf/devel/optee/optee_os/out/arm/export-ta_arm64/lib/libutee.a(user_ta_entry.o)
                0x0000000000015128                ta_param_types
                0x0000000000015130                ta_params
 .bss           0x0000000000015170     0x1b40 /home/asaf/devel/optee/optee_os/out/arm/export-ta_arm64/lib/libutee.a(tee_api_arith.o)
 .bss           0x0000000000016cb0        0x8 /home/asaf/devel/optee/optee_os/out/arm/export-ta_arm64/lib/libutee.a(tee_api.o)
 .bss           0x0000000000016cb8       0x18 /home/asaf/devel/optee/optee_os/out/arm/export-ta_arm64/lib/libutee.a(tee_user_mem.o)
 .bss           0x0000000000016cd0       0x60 /home/asaf/devel/optee/optee_os/out/arm/export-ta_arm64/lib/libutils.a(bget_malloc.o)
 .bss           0x0000000000016d30        0x8 /home/asaf/devel/optee/optee_os/out/arm/export-ta_arm64/lib/libmpa.a(mpa_random.o)
 .bss           0x0000000000016d38     0x1002 /home/asaf/devel/optee/optee_os/out/arm/export-ta_arm64/lib/libmpa.a(mpa_io.o)
 *fill*         0x0000000000017d3a        0x2 
 .bss           0x0000000000017d3c        0x5 /home/asaf/devel/optee/optee_os/out/arm/export-ta_arm64/lib/libutee.a(user_ta_entry.o)
 .bss           0x0000000000017d41        0x0 ./hello_world_ta.o
 .bss           0x0000000000017d41        0x0 ./user_ta_header.o
 .bss           0x0000000000017d41        0x0 /home/asaf/devel/optee/optee_os/out/arm/export-ta_arm64/lib/libutee.a(tee_api_operations.o)
 .bss           0x0000000000017d41        0x0 /home/asaf/devel/optee/optee_os/out/arm/export-ta_arm64/lib/libutee.a(tee_api_panic.o)
 .bss           0x0000000000017d41        0x0 /home/asaf/devel/optee/optee_os/out/arm/export-ta_arm64/lib/libutee.a(utee_syscalls_a64.o)
 .bss           0x0000000000017d41        0x0 /home/asaf/devel/optee/optee_os/out/arm/export-ta_arm64/lib/libutee.a(gprof_a64.o)
 .bss           0x0000000000017d41        0x0 /home/asaf/devel/optee/optee_os/out/arm/export-ta_arm64/lib/libutee.a(tee_api_objects.o)
 .bss           0x0000000000017d41        0x0 /home/asaf/devel/optee/optee_os/out/arm/export-ta_arm64/lib/libutee.a(utee_misc.o)
 .bss           0x0000000000017d41        0x0 /home/asaf/devel/optee/optee_os/out/arm/export-ta_arm64/lib/libutee.a(trace_ext.o)
 .bss           0x0000000000017d41        0x0 /home/asaf/devel/optee/optee_os/out/arm/export-ta_arm64/lib/libutee.a(assert.o)
 .bss           0x0000000000017d41        0x0 /home/asaf/devel/optee/optee_os/out/arm/export-ta_arm64/lib/libutils.a(snprintf.o)
 .bss           0x0000000000017d41        0x0 /home/asaf/devel/optee/optee_os/out/arm/export-ta_arm64/lib/libutils.a(memcmp.o)
 .bss           0x0000000000017d41        0x0 /home/asaf/devel/optee/optee_os/out/arm/export-ta_arm64/lib/libutils.a(memcpy.o)
 .bss           0x0000000000017d41        0x0 /home/asaf/devel/optee/optee_os/out/arm/export-ta_arm64/lib/libutils.a(memmove.o)
 .bss           0x0000000000017d41        0x0 /home/asaf/devel/optee/optee_os/out/arm/export-ta_arm64/lib/libutils.a(memset.o)
 .bss           0x0000000000017d41        0x0 /home/asaf/devel/optee/optee_os/out/arm/export-ta_arm64/lib/libutils.a(strlen.o)
 .bss           0x0000000000017d41        0x0 /home/asaf/devel/optee/optee_os/out/arm/export-ta_arm64/lib/libutils.a(snprintk.o)
 .bss           0x0000000000017d41        0x0 /home/asaf/devel/optee/optee_os/out/arm/export-ta_arm64/lib/libutils.a(buf_compare_ct.o)
 .bss           0x0000000000017d41        0x0 /home/asaf/devel/optee/optee_os/out/arm/export-ta_arm64/lib/libutils.a(trace.o)
 .bss           0x0000000000017d41        0x0 /home/asaf/devel/optee/optee_os/out/arm/export-ta_arm64/lib/libutils.a(memchr.o)
 .bss           0x0000000000017d41        0x0 /home/asaf/devel/optee/optee_os/out/arm/export-ta_arm64/lib/libmpa.a(mpa_misc.o)
 .bss           0x0000000000017d41        0x0 /home/asaf/devel/optee/optee_os/out/arm/export-ta_arm64/lib/libmpa.a(mpa_montgomery.o)
 .bss           0x0000000000017d41        0x0 /home/asaf/devel/optee/optee_os/out/arm/export-ta_arm64/lib/libmpa.a(mpa_primetest.o)
 .bss           0x0000000000017d41        0x0 /home/asaf/devel/optee/optee_os/out/arm/export-ta_arm64/lib/libmpa.a(mpa_conv.o)
 .bss           0x0000000000017d41        0x0 /home/asaf/devel/optee/optee_os/out/arm/export-ta_arm64/lib/libmpa.a(mpa_div.o)
 .bss           0x0000000000017d41        0x0 /home/asaf/devel/optee/optee_os/out/arm/export-ta_arm64/lib/libmpa.a(mpa_gcd.o)
 .bss           0x0000000000017d41        0x0 /home/asaf/devel/optee/optee_os/out/arm/export-ta_arm64/lib/libmpa.a(mpa_mem_static.o)
 .bss           0x0000000000017d41        0x0 /home/asaf/devel/optee/optee_os/out/arm/export-ta_arm64/lib/libmpa.a(mpa_mul.o)
 .bss           0x0000000000017d41        0x0 /home/asaf/devel/optee/optee_os/out/arm/export-ta_arm64/lib/libmpa.a(mpa_shift.o)
 .bss           0x0000000000017d41        0x0 /home/asaf/devel/optee/optee_os/out/arm/export-ta_arm64/lib/libmpa.a(mpa_addsub.o)
 .bss           0x0000000000017d41        0x0 /home/asaf/devel/optee/optee_os/out/arm/export-ta_arm64/lib/libmpa.a(mpa_cmp.o)
 .bss           0x0000000000017d41        0x0 /home/asaf/devel/optee/optee_os/out/arm/export-ta_arm64/lib/libmpa.a(mpa_expmod.o)
 .bss           0x0000000000017d41        0x0 /home/asaf/devel/optee/optee_os/out/arm/export-ta_arm64/lib/libmpa.a(mpa_init.o)
 .bss           0x0000000000017d41        0x0 /home/asaf/devel/optee/optee_os/out/arm/export-ta_arm64/lib/libmpa.a(mpa_modulus.o)
                0x0000000000017d48                . = ALIGN (0x8)
 *fill*         0x0000000000017d41        0x7 
                0x0000000000017d48                __gprof_buf_start = .
                0x0000000000017d48                . = (. + DEFINED (_mcount)?(((__text_end - __text_start) * 0xb1) / 0x64):0x0)
                0x0000000000017d48                __gprof_buf_end = .

.dynbss         0x0000000000017d48        0x0
 .dynbss        0x0000000000017d48        0x0 ./hello_world_ta.o

/DISCARD/
 *(SORT(.interp))
LOAD ./hello_world_ta.o
LOAD ./user_ta_header.o
START GROUP
LOAD /home/asaf/devel/optee/optee_os/out/arm/export-ta_arm64/lib/libmpa.a
LOAD /home/asaf/devel/optee/optee_os/out/arm/export-ta_arm64/lib/libutee.a
LOAD /home/asaf/devel/optee/optee_os/out/arm/export-ta_arm64/lib/libutils.a
END GROUP
OUTPUT(8aaaf200-2450-11e4-abe2-0002a5d5c51b.elf elf64-littleaarch64)

.debug_info     0x0000000000000000    0x142dd
 .debug_info    0x0000000000000000      0x737 ./hello_world_ta.o
 .debug_info    0x0000000000000737      0x3a1 ./user_ta_header.o
 .debug_info    0x0000000000000ad8     0x2acc /home/asaf/devel/optee/optee_os/out/arm/export-ta_arm64/lib/libutee.a(tee_api_operations.o)
 .debug_info    0x00000000000035a4      0x113 /home/asaf/devel/optee/optee_os/out/arm/export-ta_arm64/lib/libutee.a(tee_api_panic.o)
 .debug_info    0x00000000000036b7      0xa9d /home/asaf/devel/optee/optee_os/out/arm/export-ta_arm64/lib/libutee.a(user_ta_entry.o)
 .debug_info    0x0000000000004154       0x79 /home/asaf/devel/optee/optee_os/out/arm/export-ta_arm64/lib/libutee.a(utee_syscalls_a64.o)
 .debug_info    0x00000000000041cd       0x77 /home/asaf/devel/optee/optee_os/out/arm/export-ta_arm64/lib/libutee.a(gprof_a64.o)
 .debug_info    0x0000000000004244     0x1def /home/asaf/devel/optee/optee_os/out/arm/export-ta_arm64/lib/libutee.a(tee_api_arith.o)
 .debug_info    0x0000000000006033      0xfd9 /home/asaf/devel/optee/optee_os/out/arm/export-ta_arm64/lib/libutee.a(tee_api.o)
 .debug_info    0x000000000000700c     0x1a4c /home/asaf/devel/optee/optee_os/out/arm/export-ta_arm64/lib/libutee.a(tee_api_objects.o)
 .debug_info    0x0000000000008a58      0x2c7 /home/asaf/devel/optee/optee_os/out/arm/export-ta_arm64/lib/libutee.a(utee_misc.o)
 .debug_info    0x0000000000008d1f      0xd7f /home/asaf/devel/optee/optee_os/out/arm/export-ta_arm64/lib/libutee.a(tee_user_mem.o)
 .debug_info    0x0000000000009a9e      0x341 /home/asaf/devel/optee/optee_os/out/arm/export-ta_arm64/lib/libutee.a(trace_ext.o)
 .debug_info    0x0000000000009ddf      0x1a6 /home/asaf/devel/optee/optee_os/out/arm/export-ta_arm64/lib/libutee.a(assert.o)
 .debug_info    0x0000000000009f85     0x1bfa /home/asaf/devel/optee/optee_os/out/arm/export-ta_arm64/lib/libutils.a(bget_malloc.o)
 .debug_info    0x000000000000bb7f      0x213 /home/asaf/devel/optee/optee_os/out/arm/export-ta_arm64/lib/libutils.a(snprintf.o)
 .debug_info    0x000000000000bd92       0xd2 /home/asaf/devel/optee/optee_os/out/arm/export-ta_arm64/lib/libutils.a(memcmp.o)
 .debug_info    0x000000000000be64       0xde /home/asaf/devel/optee/optee_os/out/arm/export-ta_arm64/lib/libutils.a(memcpy.o)
 .debug_info    0x000000000000bf42       0xdc /home/asaf/devel/optee/optee_os/out/arm/export-ta_arm64/lib/libutils.a(memmove.o)
 .debug_info    0x000000000000c01e       0xba /home/asaf/devel/optee/optee_os/out/arm/export-ta_arm64/lib/libutils.a(memset.o)
 .debug_info    0x000000000000c0d8       0xa4 /home/asaf/devel/optee/optee_os/out/arm/export-ta_arm64/lib/libutils.a(strlen.o)
 .debug_info    0x000000000000c17c      0x751 /home/asaf/devel/optee/optee_os/out/arm/export-ta_arm64/lib/libutils.a(snprintk.o)
 .debug_info    0x000000000000c8cd       0xe1 /home/asaf/devel/optee/optee_os/out/arm/export-ta_arm64/lib/libutils.a(buf_compare_ct.o)
 .debug_info    0x000000000000c9ae      0x4c5 /home/asaf/devel/optee/optee_os/out/arm/export-ta_arm64/lib/libutils.a(trace.o)
 .debug_info    0x000000000000ce73       0xdb /home/asaf/devel/optee/optee_os/out/arm/export-ta_arm64/lib/libutils.a(memchr.o)
 .debug_info    0x000000000000cf4e      0x3fc /home/asaf/devel/optee/optee_os/out/arm/export-ta_arm64/lib/libmpa.a(mpa_misc.o)
 .debug_info    0x000000000000d34a      0x8ab /home/asaf/devel/optee/optee_os/out/arm/export-ta_arm64/lib/libmpa.a(mpa_montgomery.o)
 .debug_info    0x000000000000dbf5      0xa89 /home/asaf/devel/optee/optee_os/out/arm/export-ta_arm64/lib/libmpa.a(mpa_primetest.o)
 .debug_info    0x000000000000e67e      0x228 /home/asaf/devel/optee/optee_os/out/arm/export-ta_arm64/lib/libmpa.a(mpa_conv.o)
 .debug_info    0x000000000000e8a6      0xbdd /home/asaf/devel/optee/optee_os/out/arm/export-ta_arm64/lib/libmpa.a(mpa_div.o)
 .debug_info    0x000000000000f483      0xf91 /home/asaf/devel/optee/optee_os/out/arm/export-ta_arm64/lib/libmpa.a(mpa_gcd.o)
 .debug_info    0x0000000000010414      0x52d /home/asaf/devel/optee/optee_os/out/arm/export-ta_arm64/lib/libmpa.a(mpa_mem_static.o)
 .debug_info    0x0000000000010941      0x70d /home/asaf/devel/optee/optee_os/out/arm/export-ta_arm64/lib/libmpa.a(mpa_mul.o)
 .debug_info    0x000000000001104e      0x3a8 /home/asaf/devel/optee/optee_os/out/arm/export-ta_arm64/lib/libmpa.a(mpa_random.o)
 .debug_info    0x00000000000113f6      0x3f3 /home/asaf/devel/optee/optee_os/out/arm/export-ta_arm64/lib/libmpa.a(mpa_shift.o)
 .debug_info    0x00000000000117e9      0xd18 /home/asaf/devel/optee/optee_os/out/arm/export-ta_arm64/lib/libmpa.a(mpa_addsub.o)
 .debug_info    0x0000000000012501      0x32e /home/asaf/devel/optee/optee_os/out/arm/export-ta_arm64/lib/libmpa.a(mpa_cmp.o)
 .debug_info    0x000000000001282f      0x58a /home/asaf/devel/optee/optee_os/out/arm/export-ta_arm64/lib/libmpa.a(mpa_expmod.o)
 .debug_info    0x0000000000012db9      0x243 /home/asaf/devel/optee/optee_os/out/arm/export-ta_arm64/lib/libmpa.a(mpa_init.o)
 .debug_info    0x0000000000012ffc      0xb1b /home/asaf/devel/optee/optee_os/out/arm/export-ta_arm64/lib/libmpa.a(mpa_io.o)
 .debug_info    0x0000000000013b17      0x7c6 /home/asaf/devel/optee/optee_os/out/arm/export-ta_arm64/lib/libmpa.a(mpa_modulus.o)

.debug_abbrev   0x0000000000000000     0x4625
 .debug_abbrev  0x0000000000000000      0x22f ./hello_world_ta.o
 .debug_abbrev  0x000000000000022f      0x13c ./user_ta_header.o
 .debug_abbrev  0x000000000000036b      0x374 /home/asaf/devel/optee/optee_os/out/arm/export-ta_arm64/lib/libutee.a(tee_api_operations.o)
 .debug_abbrev  0x00000000000006df       0xb4 /home/asaf/devel/optee/optee_os/out/arm/export-ta_arm64/lib/libutee.a(tee_api_panic.o)
 .debug_abbrev  0x0000000000000793      0x2c3 /home/asaf/devel/optee/optee_os/out/arm/export-ta_arm64/lib/libutee.a(user_ta_entry.o)
 .debug_abbrev  0x0000000000000a56       0x14 /home/asaf/devel/optee/optee_os/out/arm/export-ta_arm64/lib/libutee.a(utee_syscalls_a64.o)
 .debug_abbrev  0x0000000000000a6a       0x14 /home/asaf/devel/optee/optee_os/out/arm/export-ta_arm64/lib/libutee.a(gprof_a64.o)
 .debug_abbrev  0x0000000000000a7e      0x31c /home/asaf/devel/optee/optee_os/out/arm/export-ta_arm64/lib/libutee.a(tee_api_arith.o)
 .debug_abbrev  0x0000000000000d9a      0x29d /home/asaf/devel/optee/optee_os/out/arm/export-ta_arm64/lib/libutee.a(tee_api.o)
 .debug_abbrev  0x0000000000001037      0x326 /home/asaf/devel/optee/optee_os/out/arm/export-ta_arm64/lib/libutee.a(tee_api_objects.o)
 .debug_abbrev  0x000000000000135d      0x100 /home/asaf/devel/optee/optee_os/out/arm/export-ta_arm64/lib/libutee.a(utee_misc.o)
 .debug_abbrev  0x000000000000145d      0x3c9 /home/asaf/devel/optee/optee_os/out/arm/export-ta_arm64/lib/libutee.a(tee_user_mem.o)
 .debug_abbrev  0x0000000000001826      0x174 /home/asaf/devel/optee/optee_os/out/arm/export-ta_arm64/lib/libutee.a(trace_ext.o)
 .debug_abbrev  0x000000000000199a       0xca /home/asaf/devel/optee/optee_os/out/arm/export-ta_arm64/lib/libutee.a(assert.o)
 .debug_abbrev  0x0000000000001a64      0x41b /home/asaf/devel/optee/optee_os/out/arm/export-ta_arm64/lib/libutils.a(bget_malloc.o)
 .debug_abbrev  0x0000000000001e7f      0x11b /home/asaf/devel/optee/optee_os/out/arm/export-ta_arm64/lib/libutils.a(snprintf.o)
 .debug_abbrev  0x0000000000001f9a       0x91 /home/asaf/devel/optee/optee_os/out/arm/export-ta_arm64/lib/libutils.a(memcmp.o)
 .debug_abbrev  0x000000000000202b       0x9c /home/asaf/devel/optee/optee_os/out/arm/export-ta_arm64/lib/libutils.a(memcpy.o)
 .debug_abbrev  0x00000000000020c7       0x94 /home/asaf/devel/optee/optee_os/out/arm/export-ta_arm64/lib/libutils.a(memmove.o)
 .debug_abbrev  0x000000000000215b       0x93 /home/asaf/devel/optee/optee_os/out/arm/export-ta_arm64/lib/libutils.a(memset.o)
 .debug_abbrev  0x00000000000021ee       0x79 /home/asaf/devel/optee/optee_os/out/arm/export-ta_arm64/lib/libutils.a(strlen.o)
 .debug_abbrev  0x0000000000002267      0x269 /home/asaf/devel/optee/optee_os/out/arm/export-ta_arm64/lib/libutils.a(snprintk.o)
 .debug_abbrev  0x00000000000024d0       0x91 /home/asaf/devel/optee/optee_os/out/arm/export-ta_arm64/lib/libutils.a(buf_compare_ct.o)
 .debug_abbrev  0x0000000000002561      0x1e9 /home/asaf/devel/optee/optee_os/out/arm/export-ta_arm64/lib/libutils.a(trace.o)
 .debug_abbrev  0x000000000000274a       0xae /home/asaf/devel/optee/optee_os/out/arm/export-ta_arm64/lib/libutils.a(memchr.o)
 .debug_abbrev  0x00000000000027f8      0x154 /home/asaf/devel/optee/optee_os/out/arm/export-ta_arm64/lib/libmpa.a(mpa_misc.o)
 .debug_abbrev  0x000000000000294c      0x276 /home/asaf/devel/optee/optee_os/out/arm/export-ta_arm64/lib/libmpa.a(mpa_montgomery.o)
 .debug_abbrev  0x0000000000002bc2      0x24d /home/asaf/devel/optee/optee_os/out/arm/export-ta_arm64/lib/libmpa.a(mpa_primetest.o)
 .debug_abbrev  0x0000000000002e0f      0x113 /home/asaf/devel/optee/optee_os/out/arm/export-ta_arm64/lib/libmpa.a(mpa_conv.o)
 .debug_abbrev  0x0000000000002f22      0x265 /home/asaf/devel/optee/optee_os/out/arm/export-ta_arm64/lib/libmpa.a(mpa_div.o)
 .debug_abbrev  0x0000000000003187      0x25a /home/asaf/devel/optee/optee_os/out/arm/export-ta_arm64/lib/libmpa.a(mpa_gcd.o)
 .debug_abbrev  0x00000000000033e1      0x1fe /home/asaf/devel/optee/optee_os/out/arm/export-ta_arm64/lib/libmpa.a(mpa_mem_static.o)
 .debug_abbrev  0x00000000000035df      0x1fe /home/asaf/devel/optee/optee_os/out/arm/export-ta_arm64/lib/libmpa.a(mpa_mul.o)
 .debug_abbrev  0x00000000000037dd      0x1d0 /home/asaf/devel/optee/optee_os/out/arm/export-ta_arm64/lib/libmpa.a(mpa_random.o)
 .debug_abbrev  0x00000000000039ad      0x14f /home/asaf/devel/optee/optee_os/out/arm/export-ta_arm64/lib/libmpa.a(mpa_shift.o)
 .debug_abbrev  0x0000000000003afc      0x288 /home/asaf/devel/optee/optee_os/out/arm/export-ta_arm64/lib/libmpa.a(mpa_addsub.o)
 .debug_abbrev  0x0000000000003d84      0x11d /home/asaf/devel/optee/optee_os/out/arm/export-ta_arm64/lib/libmpa.a(mpa_cmp.o)
 .debug_abbrev  0x0000000000003ea1      0x17f /home/asaf/devel/optee/optee_os/out/arm/export-ta_arm64/lib/libmpa.a(mpa_expmod.o)
 .debug_abbrev  0x0000000000004020      0x112 /home/asaf/devel/optee/optee_os/out/arm/export-ta_arm64/lib/libmpa.a(mpa_init.o)
 .debug_abbrev  0x0000000000004132      0x36f /home/asaf/devel/optee/optee_os/out/arm/export-ta_arm64/lib/libmpa.a(mpa_io.o)
 .debug_abbrev  0x00000000000044a1      0x184 /home/asaf/devel/optee/optee_os/out/arm/export-ta_arm64/lib/libmpa.a(mpa_modulus.o)

.debug_loc      0x0000000000000000    0x1cb70
 .debug_loc     0x0000000000000000      0x50b ./hello_world_ta.o
 .debug_loc     0x000000000000050b     0x4df4 /home/asaf/devel/optee/optee_os/out/arm/export-ta_arm64/lib/libutee.a(tee_api_operations.o)
 .debug_loc     0x00000000000052ff       0x39 /home/asaf/devel/optee/optee_os/out/arm/export-ta_arm64/lib/libutee.a(tee_api_panic.o)
 .debug_loc     0x0000000000005338      0x867 /home/asaf/devel/optee/optee_os/out/arm/export-ta_arm64/lib/libutee.a(user_ta_entry.o)
 .debug_loc     0x0000000000005b9f     0x3194 /home/asaf/devel/optee/optee_os/out/arm/export-ta_arm64/lib/libutee.a(tee_api_arith.o)
 .debug_loc     0x0000000000008d33      0xe24 /home/asaf/devel/optee/optee_os/out/arm/export-ta_arm64/lib/libutee.a(tee_api.o)
 .debug_loc     0x0000000000009b57     0x20a9 /home/asaf/devel/optee/optee_os/out/arm/export-ta_arm64/lib/libutee.a(tee_api_objects.o)
 .debug_loc     0x000000000000bc00      0x1ee /home/asaf/devel/optee/optee_os/out/arm/export-ta_arm64/lib/libutee.a(utee_misc.o)
 .debug_loc     0x000000000000bdee      0x9ce /home/asaf/devel/optee/optee_os/out/arm/export-ta_arm64/lib/libutee.a(tee_user_mem.o)
 .debug_loc     0x000000000000c7bc      0x1a2 /home/asaf/devel/optee/optee_os/out/arm/export-ta_arm64/lib/libutee.a(trace_ext.o)
 .debug_loc     0x000000000000c95e      0x11d /home/asaf/devel/optee/optee_os/out/arm/export-ta_arm64/lib/libutee.a(assert.o)
 .debug_loc     0x000000000000ca7b     0x31ef /home/asaf/devel/optee/optee_os/out/arm/export-ta_arm64/lib/libutils.a(bget_malloc.o)
 .debug_loc     0x000000000000fc6a      0x18f /home/asaf/devel/optee/optee_os/out/arm/export-ta_arm64/lib/libutils.a(snprintf.o)
 .debug_loc     0x000000000000fdf9      0x1ac /home/asaf/devel/optee/optee_os/out/arm/export-ta_arm64/lib/libutils.a(memcmp.o)
 .debug_loc     0x000000000000ffa5      0x12e /home/asaf/devel/optee/optee_os/out/arm/export-ta_arm64/lib/libutils.a(memcpy.o)
 .debug_loc     0x00000000000100d3      0x173 /home/asaf/devel/optee/optee_os/out/arm/export-ta_arm64/lib/libutils.a(memmove.o)
 .debug_loc     0x0000000000010246       0xc1 /home/asaf/devel/optee/optee_os/out/arm/export-ta_arm64/lib/libutils.a(memset.o)
 .debug_loc     0x0000000000010307       0x82 /home/asaf/devel/optee/optee_os/out/arm/export-ta_arm64/lib/libutils.a(strlen.o)
 .debug_loc     0x0000000000010389     0x23e8 /home/asaf/devel/optee/optee_os/out/arm/export-ta_arm64/lib/libutils.a(snprintk.o)
 .debug_loc     0x0000000000012771      0x1ef /home/asaf/devel/optee/optee_os/out/arm/export-ta_arm64/lib/libutils.a(buf_compare_ct.o)
 .debug_loc     0x0000000000012960      0x458 /home/asaf/devel/optee/optee_os/out/arm/export-ta_arm64/lib/libutils.a(trace.o)
 .debug_loc     0x0000000000012db8      0x124 /home/asaf/devel/optee/optee_os/out/arm/export-ta_arm64/lib/libutils.a(memchr.o)
 .debug_loc     0x0000000000012edc      0x503 /home/asaf/devel/optee/optee_os/out/arm/export-ta_arm64/lib/libmpa.a(mpa_misc.o)
 .debug_loc     0x00000000000133df      0xc00 /home/asaf/devel/optee/optee_os/out/arm/export-ta_arm64/lib/libmpa.a(mpa_montgomery.o)
 .debug_loc     0x0000000000013fdf      0x60d /home/asaf/devel/optee/optee_os/out/arm/export-ta_arm64/lib/libmpa.a(mpa_primetest.o)
 .debug_loc     0x00000000000145ec      0x1b9 /home/asaf/devel/optee/optee_os/out/arm/export-ta_arm64/lib/libmpa.a(mpa_conv.o)
 .debug_loc     0x00000000000147a5     0x100c /home/asaf/devel/optee/optee_os/out/arm/export-ta_arm64/lib/libmpa.a(mpa_div.o)
 .debug_loc     0x00000000000157b1      0xefd /home/asaf/devel/optee/optee_os/out/arm/export-ta_arm64/lib/libmpa.a(mpa_gcd.o)
 .debug_loc     0x00000000000166ae      0x5f5 /home/asaf/devel/optee/optee_os/out/arm/export-ta_arm64/lib/libmpa.a(mpa_mem_static.o)
 .debug_loc     0x0000000000016ca3      0xb56 /home/asaf/devel/optee/optee_os/out/arm/export-ta_arm64/lib/libmpa.a(mpa_mul.o)
 .debug_loc     0x00000000000177f9      0x2aa /home/asaf/devel/optee/optee_os/out/arm/export-ta_arm64/lib/libmpa.a(mpa_random.o)
 .debug_loc     0x0000000000017aa3      0x962 /home/asaf/devel/optee/optee_os/out/arm/export-ta_arm64/lib/libmpa.a(mpa_shift.o)
 .debug_loc     0x0000000000018405     0x1c34 /home/asaf/devel/optee/optee_os/out/arm/export-ta_arm64/lib/libmpa.a(mpa_addsub.o)
 .debug_loc     0x000000000001a039      0x53d /home/asaf/devel/optee/optee_os/out/arm/export-ta_arm64/lib/libmpa.a(mpa_cmp.o)
 .debug_loc     0x000000000001a576      0x5e9 /home/asaf/devel/optee/optee_os/out/arm/export-ta_arm64/lib/libmpa.a(mpa_expmod.o)
 .debug_loc     0x000000000001ab5f      0x11e /home/asaf/devel/optee/optee_os/out/arm/export-ta_arm64/lib/libmpa.a(mpa_init.o)
 .debug_loc     0x000000000001ac7d     0x16cd /home/asaf/devel/optee/optee_os/out/arm/export-ta_arm64/lib/libmpa.a(mpa_io.o)
 .debug_loc     0x000000000001c34a      0x826 /home/asaf/devel/optee/optee_os/out/arm/export-ta_arm64/lib/libmpa.a(mpa_modulus.o)

.debug_aranges  0x0000000000000000      0x7d0
 .debug_aranges
                0x0000000000000000       0x30 ./hello_world_ta.o
 .debug_aranges
                0x0000000000000030       0x30 ./user_ta_header.o
 .debug_aranges
                0x0000000000000060       0x40 /home/asaf/devel/optee/optee_os/out/arm/export-ta_arm64/lib/libutee.a(tee_api_operations.o)
 .debug_aranges
                0x00000000000000a0       0x30 /home/asaf/devel/optee/optee_os/out/arm/export-ta_arm64/lib/libutee.a(tee_api_panic.o)
 .debug_aranges
                0x00000000000000d0       0x30 /home/asaf/devel/optee/optee_os/out/arm/export-ta_arm64/lib/libutee.a(user_ta_entry.o)
 .debug_aranges
                0x0000000000000100       0x30 /home/asaf/devel/optee/optee_os/out/arm/export-ta_arm64/lib/libutee.a(utee_syscalls_a64.o)
 .debug_aranges
                0x0000000000000130       0x30 /home/asaf/devel/optee/optee_os/out/arm/export-ta_arm64/lib/libutee.a(gprof_a64.o)
 .debug_aranges
                0x0000000000000160       0x40 /home/asaf/devel/optee/optee_os/out/arm/export-ta_arm64/lib/libutee.a(tee_api_arith.o)
 .debug_aranges
                0x00000000000001a0       0x30 /home/asaf/devel/optee/optee_os/out/arm/export-ta_arm64/lib/libutee.a(tee_api.o)
 .debug_aranges
                0x00000000000001d0       0x30 /home/asaf/devel/optee/optee_os/out/arm/export-ta_arm64/lib/libutee.a(tee_api_objects.o)
 .debug_aranges
                0x0000000000000200       0x30 /home/asaf/devel/optee/optee_os/out/arm/export-ta_arm64/lib/libutee.a(utee_misc.o)
 .debug_aranges
                0x0000000000000230       0x30 /home/asaf/devel/optee/optee_os/out/arm/export-ta_arm64/lib/libutee.a(tee_user_mem.o)
 .debug_aranges
                0x0000000000000260       0x30 /home/asaf/devel/optee/optee_os/out/arm/export-ta_arm64/lib/libutee.a(trace_ext.o)
 .debug_aranges
                0x0000000000000290       0x30 /home/asaf/devel/optee/optee_os/out/arm/export-ta_arm64/lib/libutee.a(assert.o)
 .debug_aranges
                0x00000000000002c0       0x30 /home/asaf/devel/optee/optee_os/out/arm/export-ta_arm64/lib/libutils.a(bget_malloc.o)
 .debug_aranges
                0x00000000000002f0       0x30 /home/asaf/devel/optee/optee_os/out/arm/export-ta_arm64/lib/libutils.a(snprintf.o)
 .debug_aranges
                0x0000000000000320       0x30 /home/asaf/devel/optee/optee_os/out/arm/export-ta_arm64/lib/libutils.a(memcmp.o)
 .debug_aranges
                0x0000000000000350       0x30 /home/asaf/devel/optee/optee_os/out/arm/export-ta_arm64/lib/libutils.a(memcpy.o)
 .debug_aranges
                0x0000000000000380       0x30 /home/asaf/devel/optee/optee_os/out/arm/export-ta_arm64/lib/libutils.a(memmove.o)
 .debug_aranges
                0x00000000000003b0       0x30 /home/asaf/devel/optee/optee_os/out/arm/export-ta_arm64/lib/libutils.a(memset.o)
 .debug_aranges
                0x00000000000003e0       0x30 /home/asaf/devel/optee/optee_os/out/arm/export-ta_arm64/lib/libutils.a(strlen.o)
 .debug_aranges
                0x0000000000000410       0x30 /home/asaf/devel/optee/optee_os/out/arm/export-ta_arm64/lib/libutils.a(snprintk.o)
 .debug_aranges
                0x0000000000000440       0x30 /home/asaf/devel/optee/optee_os/out/arm/export-ta_arm64/lib/libutils.a(buf_compare_ct.o)
 .debug_aranges
                0x0000000000000470       0x30 /home/asaf/devel/optee/optee_os/out/arm/export-ta_arm64/lib/libutils.a(trace.o)
 .debug_aranges
                0x00000000000004a0       0x30 /home/asaf/devel/optee/optee_os/out/arm/export-ta_arm64/lib/libutils.a(memchr.o)
 .debug_aranges
                0x00000000000004d0       0x30 /home/asaf/devel/optee/optee_os/out/arm/export-ta_arm64/lib/libmpa.a(mpa_misc.o)
 .debug_aranges
                0x0000000000000500       0x30 /home/asaf/devel/optee/optee_os/out/arm/export-ta_arm64/lib/libmpa.a(mpa_montgomery.o)
 .debug_aranges
                0x0000000000000530       0x30 /home/asaf/devel/optee/optee_os/out/arm/export-ta_arm64/lib/libmpa.a(mpa_primetest.o)
 .debug_aranges
                0x0000000000000560       0x30 /home/asaf/devel/optee/optee_os/out/arm/export-ta_arm64/lib/libmpa.a(mpa_conv.o)
 .debug_aranges
                0x0000000000000590       0x30 /home/asaf/devel/optee/optee_os/out/arm/export-ta_arm64/lib/libmpa.a(mpa_div.o)
 .debug_aranges
                0x00000000000005c0       0x30 /home/asaf/devel/optee/optee_os/out/arm/export-ta_arm64/lib/libmpa.a(mpa_gcd.o)
 .debug_aranges
                0x00000000000005f0       0x30 /home/asaf/devel/optee/optee_os/out/arm/export-ta_arm64/lib/libmpa.a(mpa_mem_static.o)
 .debug_aranges
                0x0000000000000620       0x30 /home/asaf/devel/optee/optee_os/out/arm/export-ta_arm64/lib/libmpa.a(mpa_mul.o)
 .debug_aranges
                0x0000000000000650       0x30 /home/asaf/devel/optee/optee_os/out/arm/export-ta_arm64/lib/libmpa.a(mpa_random.o)
 .debug_aranges
                0x0000000000000680       0x30 /home/asaf/devel/optee/optee_os/out/arm/export-ta_arm64/lib/libmpa.a(mpa_shift.o)
 .debug_aranges
                0x00000000000006b0       0x30 /home/asaf/devel/optee/optee_os/out/arm/export-ta_arm64/lib/libmpa.a(mpa_addsub.o)
 .debug_aranges
                0x00000000000006e0       0x30 /home/asaf/devel/optee/optee_os/out/arm/export-ta_arm64/lib/libmpa.a(mpa_cmp.o)
 .debug_aranges
                0x0000000000000710       0x30 /home/asaf/devel/optee/optee_os/out/arm/export-ta_arm64/lib/libmpa.a(mpa_expmod.o)
 .debug_aranges
                0x0000000000000740       0x30 /home/asaf/devel/optee/optee_os/out/arm/export-ta_arm64/lib/libmpa.a(mpa_init.o)
 .debug_aranges
                0x0000000000000770       0x30 /home/asaf/devel/optee/optee_os/out/arm/export-ta_arm64/lib/libmpa.a(mpa_io.o)
 .debug_aranges
                0x00000000000007a0       0x30 /home/asaf/devel/optee/optee_os/out/arm/export-ta_arm64/lib/libmpa.a(mpa_modulus.o)

.debug_ranges   0x0000000000000000      0xdb0
 .debug_ranges  0x0000000000000000       0x60 ./hello_world_ta.o
 .debug_ranges  0x0000000000000060      0x120 /home/asaf/devel/optee/optee_os/out/arm/export-ta_arm64/lib/libutee.a(tee_api_operations.o)
 .debug_ranges  0x0000000000000180       0xd0 /home/asaf/devel/optee/optee_os/out/arm/export-ta_arm64/lib/libutee.a(user_ta_entry.o)
 .debug_ranges  0x0000000000000250       0xc0 /home/asaf/devel/optee/optee_os/out/arm/export-ta_arm64/lib/libutee.a(tee_api_arith.o)
 .debug_ranges  0x0000000000000310       0x70 /home/asaf/devel/optee/optee_os/out/arm/export-ta_arm64/lib/libutee.a(tee_api.o)
 .debug_ranges  0x0000000000000380      0x260 /home/asaf/devel/optee/optee_os/out/arm/export-ta_arm64/lib/libutee.a(tee_user_mem.o)
 .debug_ranges  0x00000000000005e0      0x340 /home/asaf/devel/optee/optee_os/out/arm/export-ta_arm64/lib/libutils.a(bget_malloc.o)
 .debug_ranges  0x0000000000000920       0x30 /home/asaf/devel/optee/optee_os/out/arm/export-ta_arm64/lib/libutils.a(snprintk.o)
 .debug_ranges  0x0000000000000950       0x30 /home/asaf/devel/optee/optee_os/out/arm/export-ta_arm64/lib/libutils.a(trace.o)
 .debug_ranges  0x0000000000000980       0x40 /home/asaf/devel/optee/optee_os/out/arm/export-ta_arm64/lib/libmpa.a(mpa_montgomery.o)
 .debug_ranges  0x00000000000009c0       0x90 /home/asaf/devel/optee/optee_os/out/arm/export-ta_arm64/lib/libmpa.a(mpa_primetest.o)
 .debug_ranges  0x0000000000000a50       0x80 /home/asaf/devel/optee/optee_os/out/arm/export-ta_arm64/lib/libmpa.a(mpa_div.o)
 .debug_ranges  0x0000000000000ad0       0x30 /home/asaf/devel/optee/optee_os/out/arm/export-ta_arm64/lib/libmpa.a(mpa_gcd.o)
 .debug_ranges  0x0000000000000b00      0x120 /home/asaf/devel/optee/optee_os/out/arm/export-ta_arm64/lib/libmpa.a(mpa_random.o)
 .debug_ranges  0x0000000000000c20       0x30 /home/asaf/devel/optee/optee_os/out/arm/export-ta_arm64/lib/libmpa.a(mpa_addsub.o)
 .debug_ranges  0x0000000000000c50      0x160 /home/asaf/devel/optee/optee_os/out/arm/export-ta_arm64/lib/libmpa.a(mpa_io.o)

.debug_macro    0x0000000000000000     0x533d
 .debug_macro   0x0000000000000000       0xc9 ./hello_world_ta.o
 .debug_macro   0x00000000000000c9      0x664 ./hello_world_ta.o
 .debug_macro   0x000000000000072d      0x16d ./hello_world_ta.o
 .debug_macro   0x000000000000089a       0xb8 ./hello_world_ta.o
 .debug_macro   0x0000000000000952      0x8fc ./hello_world_ta.o
 .debug_macro   0x000000000000124e      0x192 ./hello_world_ta.o
 .debug_macro   0x00000000000013e0       0x22 ./hello_world_ta.o
 .debug_macro   0x0000000000001402       0x35 ./hello_world_ta.o
 .debug_macro   0x0000000000001437       0x34 ./hello_world_ta.o
 .debug_macro   0x000000000000146b       0x97 ./hello_world_ta.o
 .debug_macro   0x0000000000001502       0x10 ./hello_world_ta.o
 .debug_macro   0x0000000000001512       0x58 ./hello_world_ta.o
 .debug_macro   0x000000000000156a       0xc4 ./hello_world_ta.o
 .debug_macro   0x000000000000162e       0x28 ./hello_world_ta.o
 .debug_macro   0x0000000000001656       0xdc ./user_ta_header.o
 .debug_macro   0x0000000000001732       0x76 ./user_ta_header.o
 .debug_macro   0x00000000000017a8       0x22 ./user_ta_header.o
 .debug_macro   0x00000000000017ca      0x169 /home/asaf/devel/optee/optee_os/out/arm/export-ta_arm64/lib/libutee.a(tee_api_operations.o)
 .debug_macro   0x0000000000001933      0x65e /home/asaf/devel/optee/optee_os/out/arm/export-ta_arm64/lib/libutee.a(tee_api_operations.o)
 .debug_macro   0x0000000000001f91      0x22c /home/asaf/devel/optee/optee_os/out/arm/export-ta_arm64/lib/libutee.a(tee_api_operations.o)
 .debug_macro   0x00000000000021bd       0x7c /home/asaf/devel/optee/optee_os/out/arm/export-ta_arm64/lib/libutee.a(tee_api_operations.o)
 .debug_macro   0x0000000000002239       0xc4 /home/asaf/devel/optee/optee_os/out/arm/export-ta_arm64/lib/libutee.a(tee_api_operations.o)
 .debug_macro   0x00000000000022fd       0x22 /home/asaf/devel/optee/optee_os/out/arm/export-ta_arm64/lib/libutee.a(tee_api_operations.o)
 .debug_macro   0x000000000000231f       0x10 /home/asaf/devel/optee/optee_os/out/arm/export-ta_arm64/lib/libutee.a(tee_api_operations.o)
 .debug_macro   0x000000000000232f       0x16 /home/asaf/devel/optee/optee_os/out/arm/export-ta_arm64/lib/libutee.a(tee_api_operations.o)
 .debug_macro   0x0000000000002345       0x97 /home/asaf/devel/optee/optee_os/out/arm/export-ta_arm64/lib/libutee.a(tee_api_operations.o)
 .debug_macro   0x00000000000023dc      0x1b2 /home/asaf/devel/optee/optee_os/out/arm/export-ta_arm64/lib/libutee.a(tee_api_operations.o)
 .debug_macro   0x000000000000258e       0xb2 /home/asaf/devel/optee/optee_os/out/arm/export-ta_arm64/lib/libutee.a(tee_api_operations.o)
 .debug_macro   0x0000000000002640       0xa1 /home/asaf/devel/optee/optee_os/out/arm/export-ta_arm64/lib/libutee.a(tee_api_panic.o)
 .debug_macro   0x00000000000026e1       0xca /home/asaf/devel/optee/optee_os/out/arm/export-ta_arm64/lib/libutee.a(tee_api_panic.o)
 .debug_macro   0x00000000000027ab      0x16d /home/asaf/devel/optee/optee_os/out/arm/export-ta_arm64/lib/libutee.a(user_ta_entry.o)
 .debug_macro   0x0000000000002918      0x2cd /home/asaf/devel/optee/optee_os/out/arm/export-ta_arm64/lib/libutee.a(user_ta_entry.o)
 .debug_macro   0x0000000000002be5       0x3a /home/asaf/devel/optee/optee_os/out/arm/export-ta_arm64/lib/libutee.a(user_ta_entry.o)
 .debug_macro   0x0000000000002c1f      0x149 /home/asaf/devel/optee/optee_os/out/arm/export-ta_arm64/lib/libutee.a(tee_api_arith.o)
 .debug_macro   0x0000000000002d68       0x10 /home/asaf/devel/optee/optee_os/out/arm/export-ta_arm64/lib/libutee.a(tee_api_arith.o)
 .debug_macro   0x0000000000002d78       0x4c /home/asaf/devel/optee/optee_os/out/arm/export-ta_arm64/lib/libutee.a(tee_api_arith.o)
 .debug_macro   0x0000000000002dc4       0x16 /home/asaf/devel/optee/optee_os/out/arm/export-ta_arm64/lib/libutee.a(tee_api_arith.o)
 .debug_macro   0x0000000000002dda       0x74 /home/asaf/devel/optee/optee_os/out/arm/export-ta_arm64/lib/libutee.a(tee_api_arith.o)
 .debug_macro   0x0000000000002e4e      0x15c /home/asaf/devel/optee/optee_os/out/arm/export-ta_arm64/lib/libutee.a(tee_api.o)
 .debug_macro   0x0000000000002faa      0x12b /home/asaf/devel/optee/optee_os/out/arm/export-ta_arm64/lib/libutee.a(tee_api_objects.o)
 .debug_macro   0x00000000000030d5       0xf4 /home/asaf/devel/optee/optee_os/out/arm/export-ta_arm64/lib/libutee.a(utee_misc.o)
 .debug_macro   0x00000000000031c9      0x151 /home/asaf/devel/optee/optee_os/out/arm/export-ta_arm64/lib/libutee.a(tee_user_mem.o)
 .debug_macro   0x000000000000331a       0x10 /home/asaf/devel/optee/optee_os/out/arm/export-ta_arm64/lib/libutee.a(tee_user_mem.o)
 .debug_macro   0x000000000000332a      0x1ac /home/asaf/devel/optee/optee_os/out/arm/export-ta_arm64/lib/libutee.a(tee_user_mem.o)
 .debug_macro   0x00000000000034d6       0xde /home/asaf/devel/optee/optee_os/out/arm/export-ta_arm64/lib/libutee.a(trace_ext.o)
 .debug_macro   0x00000000000035b4       0xac /home/asaf/devel/optee/optee_os/out/arm/export-ta_arm64/lib/libutee.a(trace_ext.o)
 .debug_macro   0x0000000000003660       0xf3 /home/asaf/devel/optee/optee_os/out/arm/export-ta_arm64/lib/libutee.a(assert.o)
 .debug_macro   0x0000000000003753      0x131 /home/asaf/devel/optee/optee_os/out/arm/export-ta_arm64/lib/libutils.a(bget_malloc.o)
 .debug_macro   0x0000000000003884       0x16 /home/asaf/devel/optee/optee_os/out/arm/export-ta_arm64/lib/libutils.a(bget_malloc.o)
 .debug_macro   0x000000000000389a       0x3c /home/asaf/devel/optee/optee_os/out/arm/export-ta_arm64/lib/libutils.a(bget_malloc.o)
 .debug_macro   0x00000000000038d6       0x4d /home/asaf/devel/optee/optee_os/out/arm/export-ta_arm64/lib/libutils.a(snprintf.o)
 .debug_macro   0x0000000000003923       0x51 /home/asaf/devel/optee/optee_os/out/arm/export-ta_arm64/lib/libutils.a(memcmp.o)
 .debug_macro   0x0000000000003974      0x65e /home/asaf/devel/optee/optee_os/out/arm/export-ta_arm64/lib/libutils.a(memcmp.o)
 .debug_macro   0x0000000000003fd2       0x7c /home/asaf/devel/optee/optee_os/out/arm/export-ta_arm64/lib/libutils.a(memcmp.o)
 .debug_macro   0x000000000000404e       0x57 /home/asaf/devel/optee/optee_os/out/arm/export-ta_arm64/lib/libutils.a(memcpy.o)
 .debug_macro   0x00000000000040a5       0x64 /home/asaf/devel/optee/optee_os/out/arm/export-ta_arm64/lib/libutils.a(memmove.o)
 .debug_macro   0x0000000000004109       0x51 /home/asaf/devel/optee/optee_os/out/arm/export-ta_arm64/lib/libutils.a(memset.o)
 .debug_macro   0x000000000000415a       0x5a /home/asaf/devel/optee/optee_os/out/arm/export-ta_arm64/lib/libutils.a(strlen.o)
 .debug_macro   0x00000000000041b4      0x127 /home/asaf/devel/optee/optee_os/out/arm/export-ta_arm64/lib/libutils.a(snprintk.o)
 .debug_macro   0x00000000000042db       0x36 /home/asaf/devel/optee/optee_os/out/arm/export-ta_arm64/lib/libutils.a(buf_compare_ct.o)
 .debug_macro   0x0000000000004311       0xcc /home/asaf/devel/optee/optee_os/out/arm/export-ta_arm64/lib/libutils.a(trace.o)
 .debug_macro   0x00000000000043dd       0x66 /home/asaf/devel/optee/optee_os/out/arm/export-ta_arm64/lib/libutils.a(memchr.o)
 .debug_macro   0x0000000000004443       0xdc /home/asaf/devel/optee/optee_os/out/arm/export-ta_arm64/lib/libmpa.a(mpa_misc.o)
 .debug_macro   0x000000000000451f       0xa6 /home/asaf/devel/optee/optee_os/out/arm/export-ta_arm64/lib/libmpa.a(mpa_misc.o)
 .debug_macro   0x00000000000045c5       0xdc /home/asaf/devel/optee/optee_os/out/arm/export-ta_arm64/lib/libmpa.a(mpa_montgomery.o)
 .debug_macro   0x00000000000046a1       0xfe /home/asaf/devel/optee/optee_os/out/arm/export-ta_arm64/lib/libmpa.a(mpa_primetest.o)
 .debug_macro   0x000000000000479f       0xdc /home/asaf/devel/optee/optee_os/out/arm/export-ta_arm64/lib/libmpa.a(mpa_conv.o)
 .debug_macro   0x000000000000487b       0xdc /home/asaf/devel/optee/optee_os/out/arm/export-ta_arm64/lib/libmpa.a(mpa_div.o)
 .debug_macro   0x0000000000004957       0xdc /home/asaf/devel/optee/optee_os/out/arm/export-ta_arm64/lib/libmpa.a(mpa_gcd.o)
 .debug_macro   0x0000000000004a33      0x101 /home/asaf/devel/optee/optee_os/out/arm/export-ta_arm64/lib/libmpa.a(mpa_mem_static.o)
 .debug_macro   0x0000000000004b34       0xdc /home/asaf/devel/optee/optee_os/out/arm/export-ta_arm64/lib/libmpa.a(mpa_mul.o)
 .debug_macro   0x0000000000004c10       0xf8 /home/asaf/devel/optee/optee_os/out/arm/export-ta_arm64/lib/libmpa.a(mpa_random.o)
 .debug_macro   0x0000000000004d08       0xdc /home/asaf/devel/optee/optee_os/out/arm/export-ta_arm64/lib/libmpa.a(mpa_shift.o)
 .debug_macro   0x0000000000004de4       0xdc /home/asaf/devel/optee/optee_os/out/arm/export-ta_arm64/lib/libmpa.a(mpa_addsub.o)
 .debug_macro   0x0000000000004ec0       0xdc /home/asaf/devel/optee/optee_os/out/arm/export-ta_arm64/lib/libmpa.a(mpa_cmp.o)
 .debug_macro   0x0000000000004f9c       0xe2 /home/asaf/devel/optee/optee_os/out/arm/export-ta_arm64/lib/libmpa.a(mpa_expmod.o)
 .debug_macro   0x000000000000507e       0xdc /home/asaf/devel/optee/optee_os/out/arm/export-ta_arm64/lib/libmpa.a(mpa_init.o)
 .debug_macro   0x000000000000515a      0x107 /home/asaf/devel/optee/optee_os/out/arm/export-ta_arm64/lib/libmpa.a(mpa_io.o)
 .debug_macro   0x0000000000005261       0xdc /home/asaf/devel/optee/optee_os/out/arm/export-ta_arm64/lib/libmpa.a(mpa_modulus.o)

.debug_line     0x0000000000000000     0x68e5
 .debug_line    0x0000000000000000      0x246 ./hello_world_ta.o
 .debug_line    0x0000000000000246      0x244 ./user_ta_header.o
 .debug_line    0x000000000000048a      0x8e2 /home/asaf/devel/optee/optee_os/out/arm/export-ta_arm64/lib/libutee.a(tee_api_operations.o)
 .debug_line    0x0000000000000d6c      0x1c5 /home/asaf/devel/optee/optee_os/out/arm/export-ta_arm64/lib/libutee.a(tee_api_panic.o)
 .debug_line    0x0000000000000f31      0x3db /home/asaf/devel/optee/optee_os/out/arm/export-ta_arm64/lib/libutee.a(user_ta_entry.o)
 .debug_line    0x000000000000130c       0xc0 /home/asaf/devel/optee/optee_os/out/arm/export-ta_arm64/lib/libutee.a(utee_syscalls_a64.o)
 .debug_line    0x00000000000013cc       0x5b /home/asaf/devel/optee/optee_os/out/arm/export-ta_arm64/lib/libutee.a(gprof_a64.o)
 .debug_line    0x0000000000001427      0x3a0 /home/asaf/devel/optee/optee_os/out/arm/export-ta_arm64/lib/libutee.a(tee_api_arith.o)
 .debug_line    0x00000000000017c7      0x37f /home/asaf/devel/optee/optee_os/out/arm/export-ta_arm64/lib/libutee.a(tee_api.o)
 .debug_line    0x0000000000001b46      0x411 /home/asaf/devel/optee/optee_os/out/arm/export-ta_arm64/lib/libutee.a(tee_api_objects.o)
 .debug_line    0x0000000000001f57      0x233 /home/asaf/devel/optee/optee_os/out/arm/export-ta_arm64/lib/libutee.a(utee_misc.o)
 .debug_line    0x000000000000218a      0x410 /home/asaf/devel/optee/optee_os/out/arm/export-ta_arm64/lib/libutee.a(tee_user_mem.o)
 .debug_line    0x000000000000259a      0x246 /home/asaf/devel/optee/optee_os/out/arm/export-ta_arm64/lib/libutee.a(trace_ext.o)
 .debug_line    0x00000000000027e0      0x251 /home/asaf/devel/optee/optee_os/out/arm/export-ta_arm64/lib/libutee.a(assert.o)
 .debug_line    0x0000000000002a31      0x581 /home/asaf/devel/optee/optee_os/out/arm/export-ta_arm64/lib/libutils.a(bget_malloc.o)
 .debug_line    0x0000000000002fb2      0x153 /home/asaf/devel/optee/optee_os/out/arm/export-ta_arm64/lib/libutils.a(snprintf.o)
 .debug_line    0x0000000000003105      0x13d /home/asaf/devel/optee/optee_os/out/arm/export-ta_arm64/lib/libutils.a(memcmp.o)
 .debug_line    0x0000000000003242      0x13b /home/asaf/devel/optee/optee_os/out/arm/export-ta_arm64/lib/libutils.a(memcpy.o)
 .debug_line    0x000000000000337d      0x152 /home/asaf/devel/optee/optee_os/out/arm/export-ta_arm64/lib/libutils.a(memmove.o)
 .debug_line    0x00000000000034cf      0x139 /home/asaf/devel/optee/optee_os/out/arm/export-ta_arm64/lib/libutils.a(memset.o)
 .debug_line    0x0000000000003608      0x145 /home/asaf/devel/optee/optee_os/out/arm/export-ta_arm64/lib/libutils.a(strlen.o)
 .debug_line    0x000000000000374d      0x2f4 /home/asaf/devel/optee/optee_os/out/arm/export-ta_arm64/lib/libutils.a(snprintk.o)
 .debug_line    0x0000000000003a41      0x135 /home/asaf/devel/optee/optee_os/out/arm/export-ta_arm64/lib/libutils.a(buf_compare_ct.o)
 .debug_line    0x0000000000003b76      0x23c /home/asaf/devel/optee/optee_os/out/arm/export-ta_arm64/lib/libutils.a(trace.o)
 .debug_line    0x0000000000003db2      0x14a /home/asaf/devel/optee/optee_os/out/arm/export-ta_arm64/lib/libutils.a(memchr.o)
 .debug_line    0x0000000000003efc      0x22f /home/asaf/devel/optee/optee_os/out/arm/export-ta_arm64/lib/libmpa.a(mpa_misc.o)
 .debug_line    0x000000000000412b      0x2a6 /home/asaf/devel/optee/optee_os/out/arm/export-ta_arm64/lib/libmpa.a(mpa_montgomery.o)
 .debug_line    0x00000000000043d1      0x284 /home/asaf/devel/optee/optee_os/out/arm/export-ta_arm64/lib/libmpa.a(mpa_primetest.o)
 .debug_line    0x0000000000004655      0x234 /home/asaf/devel/optee/optee_os/out/arm/export-ta_arm64/lib/libmpa.a(mpa_conv.o)
 .debug_line    0x0000000000004889      0x2f7 /home/asaf/devel/optee/optee_os/out/arm/export-ta_arm64/lib/libmpa.a(mpa_div.o)
 .debug_line    0x0000000000004b80      0x34f /home/asaf/devel/optee/optee_os/out/arm/export-ta_arm64/lib/libmpa.a(mpa_gcd.o)
 .debug_line    0x0000000000004ecf      0x263 /home/asaf/devel/optee/optee_os/out/arm/export-ta_arm64/lib/libmpa.a(mpa_mem_static.o)
 .debug_line    0x0000000000005132      0x291 /home/asaf/devel/optee/optee_os/out/arm/export-ta_arm64/lib/libmpa.a(mpa_mul.o)
 .debug_line    0x00000000000053c3      0x266 /home/asaf/devel/optee/optee_os/out/arm/export-ta_arm64/lib/libmpa.a(mpa_random.o)
 .debug_line    0x0000000000005629      0x2fd /home/asaf/devel/optee/optee_os/out/arm/export-ta_arm64/lib/libmpa.a(mpa_shift.o)
 .debug_line    0x0000000000005926      0x380 /home/asaf/devel/optee/optee_os/out/arm/export-ta_arm64/lib/libmpa.a(mpa_addsub.o)
 .debug_line    0x0000000000005ca6      0x24d /home/asaf/devel/optee/optee_os/out/arm/export-ta_arm64/lib/libmpa.a(mpa_cmp.o)
 .debug_line    0x0000000000005ef3      0x22b /home/asaf/devel/optee/optee_os/out/arm/export-ta_arm64/lib/libmpa.a(mpa_expmod.o)
 .debug_line    0x000000000000611e      0x1ff /home/asaf/devel/optee/optee_os/out/arm/export-ta_arm64/lib/libmpa.a(mpa_init.o)
 .debug_line    0x000000000000631d      0x39d /home/asaf/devel/optee/optee_os/out/arm/export-ta_arm64/lib/libmpa.a(mpa_io.o)
 .debug_line    0x00000000000066ba      0x22b /home/asaf/devel/optee/optee_os/out/arm/export-ta_arm64/lib/libmpa.a(mpa_modulus.o)

.debug_str      0x0000000000000000    0x10aba
 .debug_str     0x0000000000000000     0x6b55 ./hello_world_ta.o
                                       0x6ccc (size before relaxing)
 .debug_str     0x0000000000006b55      0x64c ./user_ta_header.o
                                       0x7158 (size before relaxing)
 .debug_str     0x00000000000071a1     0x2974 /home/asaf/devel/optee/optee_os/out/arm/export-ta_arm64/lib/libutee.a(tee_api_operations.o)
                                       0x9248 (size before relaxing)
 .debug_str     0x0000000000009b15       0x31 /home/asaf/devel/optee/optee_os/out/arm/export-ta_arm64/lib/libutee.a(tee_api_panic.o)
                                       0x6cd2 (size before relaxing)
 .debug_str     0x0000000000009b46     0x354e /home/asaf/devel/optee/optee_os/out/arm/export-ta_arm64/lib/libutee.a(user_ta_entry.o)
                                       0xb0c4 (size before relaxing)
 .debug_str     0x000000000000d094      0xc83 /home/asaf/devel/optee/optee_os/out/arm/export-ta_arm64/lib/libutee.a(tee_api_arith.o)
                                       0x7ed4 (size before relaxing)
 .debug_str     0x000000000000dd17      0x459 /home/asaf/devel/optee/optee_os/out/arm/export-ta_arm64/lib/libutee.a(tee_api.o)
                                       0x7f66 (size before relaxing)
 .debug_str     0x000000000000e170      0x5ef /home/asaf/devel/optee/optee_os/out/arm/export-ta_arm64/lib/libutee.a(tee_api_objects.o)
                                       0x77d5 (size before relaxing)
 .debug_str     0x000000000000e75f       0x72 /home/asaf/devel/optee/optee_os/out/arm/export-ta_arm64/lib/libutee.a(utee_misc.o)
                                       0x7027 (size before relaxing)
 .debug_str     0x000000000000e7d1      0x2a6 /home/asaf/devel/optee/optee_os/out/arm/export-ta_arm64/lib/libutee.a(tee_user_mem.o)
                                       0xbd9f (size before relaxing)
 .debug_str     0x000000000000ea77       0xae /home/asaf/devel/optee/optee_os/out/arm/export-ta_arm64/lib/libutee.a(trace_ext.o)
                                       0x751a (size before relaxing)
 .debug_str     0x000000000000eb25       0x1f /home/asaf/devel/optee/optee_os/out/arm/export-ta_arm64/lib/libutee.a(assert.o)
                                       0x7444 (size before relaxing)
 .debug_str     0x000000000000eb44      0x59a /home/asaf/devel/optee/optee_os/out/arm/export-ta_arm64/lib/libutils.a(bget_malloc.o)
                                       0x4a7e (size before relaxing)
 .debug_str     0x000000000000f0de       0x3a /home/asaf/devel/optee/optee_os/out/arm/export-ta_arm64/lib/libutils.a(snprintf.o)
                                       0x29ee (size before relaxing)
 .debug_str     0x000000000000f118      0x2cb /home/asaf/devel/optee/optee_os/out/arm/export-ta_arm64/lib/libutils.a(memcmp.o)
                                       0x2a89 (size before relaxing)
 .debug_str     0x000000000000f3e3       0x9c /home/asaf/devel/optee/optee_os/out/arm/export-ta_arm64/lib/libutils.a(memcpy.o)
                                       0x2abc (size before relaxing)
 .debug_str     0x000000000000f47f       0x35 /home/asaf/devel/optee/optee_os/out/arm/export-ta_arm64/lib/libutils.a(memmove.o)
                                       0x2ca2 (size before relaxing)
 .debug_str     0x000000000000f4b4       0x4c /home/asaf/devel/optee/optee_os/out/arm/export-ta_arm64/lib/libutils.a(memset.o)
                                       0x2a59 (size before relaxing)
 .debug_str     0x000000000000f500       0x6c /home/asaf/devel/optee/optee_os/out/arm/export-ta_arm64/lib/libutils.a(strlen.o)
                                       0x2c64 (size before relaxing)
 .debug_str     0x000000000000f56c      0x57c /home/asaf/devel/optee/optee_os/out/arm/export-ta_arm64/lib/libutils.a(snprintk.o)
                                       0x354e (size before relaxing)
 .debug_str     0x000000000000fae8       0x22 /home/asaf/devel/optee/optee_os/out/arm/export-ta_arm64/lib/libutils.a(buf_compare_ct.o)
                                       0x2867 (size before relaxing)
 .debug_str     0x000000000000fb0a       0x5a /home/asaf/devel/optee/optee_os/out/arm/export-ta_arm64/lib/libutils.a(trace.o)
                                       0x441f (size before relaxing)
 .debug_str     0x000000000000fb64       0x78 /home/asaf/devel/optee/optee_os/out/arm/export-ta_arm64/lib/libutils.a(memchr.o)
                                       0x2cc7 (size before relaxing)
 .debug_str     0x000000000000fbdc      0x537 /home/asaf/devel/optee/optee_os/out/arm/export-ta_arm64/lib/libmpa.a(mpa_misc.o)
                                       0x433d (size before relaxing)
 .debug_str     0x0000000000010113       0xea /home/asaf/devel/optee/optee_os/out/arm/export-ta_arm64/lib/libmpa.a(mpa_montgomery.o)
                                       0x44c7 (size before relaxing)
 .debug_str     0x00000000000101fd      0x1b5 /home/asaf/devel/optee/optee_os/out/arm/export-ta_arm64/lib/libmpa.a(mpa_primetest.o)
                                       0x45a8 (size before relaxing)
 .debug_str     0x00000000000103b2       0x20 /home/asaf/devel/optee/optee_os/out/arm/export-ta_arm64/lib/libmpa.a(mpa_conv.o)
                                       0x42e6 (size before relaxing)
 .debug_str     0x00000000000103d2      0x14c /home/asaf/devel/optee/optee_os/out/arm/export-ta_arm64/lib/libmpa.a(mpa_div.o)
                                       0x450d (size before relaxing)
 .debug_str     0x000000000001051e       0x8b /home/asaf/devel/optee/optee_os/out/arm/export-ta_arm64/lib/libmpa.a(mpa_gcd.o)
                                       0x4442 (size before relaxing)
 .debug_str     0x00000000000105a9       0xc7 /home/asaf/devel/optee/optee_os/out/arm/export-ta_arm64/lib/libmpa.a(mpa_mem_static.o)
                                       0x4ed1 (size before relaxing)
 .debug_str     0x0000000000010670       0x59 /home/asaf/devel/optee/optee_os/out/arm/export-ta_arm64/lib/libmpa.a(mpa_mul.o)
                                       0x4412 (size before relaxing)
 .debug_str     0x00000000000106c9       0x5b /home/asaf/devel/optee/optee_os/out/arm/export-ta_arm64/lib/libmpa.a(mpa_random.o)
                                       0x76fc (size before relaxing)
 .debug_str     0x0000000000010724       0x33 /home/asaf/devel/optee/optee_os/out/arm/export-ta_arm64/lib/libmpa.a(mpa_shift.o)
                                       0x4352 (size before relaxing)
 .debug_str     0x0000000000010757       0xf8 /home/asaf/devel/optee/optee_os/out/arm/export-ta_arm64/lib/libmpa.a(mpa_addsub.o)
                                       0x44e2 (size before relaxing)
 .debug_str     0x000000000001084f       0x3c /home/asaf/devel/optee/optee_os/out/arm/export-ta_arm64/lib/libmpa.a(mpa_cmp.o)
                                       0x4319 (size before relaxing)
 .debug_str     0x000000000001088b       0x81 /home/asaf/devel/optee/optee_os/out/arm/export-ta_arm64/lib/libmpa.a(mpa_expmod.o)
                                       0x4468 (size before relaxing)
 .debug_str     0x000000000001090c       0x16 /home/asaf/devel/optee/optee_os/out/arm/export-ta_arm64/lib/libmpa.a(mpa_init.o)
                                       0x4327 (size before relaxing)
 .debug_str     0x0000000000010922      0x17f /home/asaf/devel/optee/optee_os/out/arm/export-ta_arm64/lib/libmpa.a(mpa_io.o)
                                       0x4a1f (size before relaxing)
 .debug_str     0x0000000000010aa1       0x19 /home/asaf/devel/optee/optee_os/out/arm/export-ta_arm64/lib/libmpa.a(mpa_modulus.o)
                                       0x4407 (size before relaxing)

.comment        0x0000000000000000       0x2d
 .comment       0x0000000000000000       0x2d ./hello_world_ta.o
                                         0x2e (size before relaxing)
 .comment       0x000000000000002d       0x2e ./user_ta_header.o
 .comment       0x000000000000002d       0x2e /home/asaf/devel/optee/optee_os/out/arm/export-ta_arm64/lib/libutee.a(tee_api_operations.o)
 .comment       0x000000000000002d       0x2e /home/asaf/devel/optee/optee_os/out/arm/export-ta_arm64/lib/libutee.a(tee_api_panic.o)
 .comment       0x000000000000002d       0x2e /home/asaf/devel/optee/optee_os/out/arm/export-ta_arm64/lib/libutee.a(user_ta_entry.o)
 .comment       0x000000000000002d       0x2e /home/asaf/devel/optee/optee_os/out/arm/export-ta_arm64/lib/libutee.a(tee_api_arith.o)
 .comment       0x000000000000002d       0x2e /home/asaf/devel/optee/optee_os/out/arm/export-ta_arm64/lib/libutee.a(tee_api.o)
 .comment       0x000000000000002d       0x2e /home/asaf/devel/optee/optee_os/out/arm/export-ta_arm64/lib/libutee.a(tee_api_objects.o)